Archive member included to satisfy reference by file (symbol)

c:/st/stm32cubeide_1.5.1/stm32cubeide/plugins/com.st.stm32cube.ide.mcu.externaltools.gnu-tools-for-stm32.7-2018-q2-update.win32_1.5.0.202011040924/tools/bin/../lib/gcc/arm-none-eabi/7.3.1/../../../../arm-none-eabi/lib/thumb/v7-m\libc_nano.a(lib_a-errno.o)
                              Core/Src/syscalls.o (__errno)
c:/st/stm32cubeide_1.5.1/stm32cubeide/plugins/com.st.stm32cube.ide.mcu.externaltools.gnu-tools-for-stm32.7-2018-q2-update.win32_1.5.0.202011040924/tools/bin/../lib/gcc/arm-none-eabi/7.3.1/../../../../arm-none-eabi/lib/thumb/v7-m\libc_nano.a(lib_a-exit.o)
                              c:/st/stm32cubeide_1.5.1/stm32cubeide/plugins/com.st.stm32cube.ide.mcu.externaltools.gnu-tools-for-stm32.7-2018-q2-update.win32_1.5.0.202011040924/tools/bin/../lib/gcc/arm-none-eabi/7.3.1/../../../../arm-none-eabi/lib/thumb/v7-m/crt0.o (exit)
c:/st/stm32cubeide_1.5.1/stm32cubeide/plugins/com.st.stm32cube.ide.mcu.externaltools.gnu-tools-for-stm32.7-2018-q2-update.win32_1.5.0.202011040924/tools/bin/../lib/gcc/arm-none-eabi/7.3.1/../../../../arm-none-eabi/lib/thumb/v7-m\libc_nano.a(lib_a-impure.o)
                              c:/st/stm32cubeide_1.5.1/stm32cubeide/plugins/com.st.stm32cube.ide.mcu.externaltools.gnu-tools-for-stm32.7-2018-q2-update.win32_1.5.0.202011040924/tools/bin/../lib/gcc/arm-none-eabi/7.3.1/../../../../arm-none-eabi/lib/thumb/v7-m\libc_nano.a(lib_a-exit.o) (_global_impure_ptr)
c:/st/stm32cubeide_1.5.1/stm32cubeide/plugins/com.st.stm32cube.ide.mcu.externaltools.gnu-tools-for-stm32.7-2018-q2-update.win32_1.5.0.202011040924/tools/bin/../lib/gcc/arm-none-eabi/7.3.1/../../../../arm-none-eabi/lib/thumb/v7-m\libc_nano.a(lib_a-init.o)
                              c:/st/stm32cubeide_1.5.1/stm32cubeide/plugins/com.st.stm32cube.ide.mcu.externaltools.gnu-tools-for-stm32.7-2018-q2-update.win32_1.5.0.202011040924/tools/bin/../lib/gcc/arm-none-eabi/7.3.1/../../../../arm-none-eabi/lib/thumb/v7-m/crt0.o (__libc_init_array)
c:/st/stm32cubeide_1.5.1/stm32cubeide/plugins/com.st.stm32cube.ide.mcu.externaltools.gnu-tools-for-stm32.7-2018-q2-update.win32_1.5.0.202011040924/tools/bin/../lib/gcc/arm-none-eabi/7.3.1/../../../../arm-none-eabi/lib/thumb/v7-m\libc_nano.a(lib_a-memset.o)
                              c:/st/stm32cubeide_1.5.1/stm32cubeide/plugins/com.st.stm32cube.ide.mcu.externaltools.gnu-tools-for-stm32.7-2018-q2-update.win32_1.5.0.202011040924/tools/bin/../lib/gcc/arm-none-eabi/7.3.1/../../../../arm-none-eabi/lib/thumb/v7-m/crt0.o (memset)
c:/st/stm32cubeide_1.5.1/stm32cubeide/plugins/com.st.stm32cube.ide.mcu.externaltools.gnu-tools-for-stm32.7-2018-q2-update.win32_1.5.0.202011040924/tools/bin/../lib/gcc/arm-none-eabi/7.3.1/../../../../arm-none-eabi/lib/thumb/v7-m\libm.a(lib_a-s_atan.o)
                              Core/Src/mpu6050.o (atan)
c:/st/stm32cubeide_1.5.1/stm32cubeide/plugins/com.st.stm32cube.ide.mcu.externaltools.gnu-tools-for-stm32.7-2018-q2-update.win32_1.5.0.202011040924/tools/bin/../lib/gcc/arm-none-eabi/7.3.1/../../../../arm-none-eabi/lib/thumb/v7-m\libm.a(lib_a-s_fabs.o)
                              c:/st/stm32cubeide_1.5.1/stm32cubeide/plugins/com.st.stm32cube.ide.mcu.externaltools.gnu-tools-for-stm32.7-2018-q2-update.win32_1.5.0.202011040924/tools/bin/../lib/gcc/arm-none-eabi/7.3.1/../../../../arm-none-eabi/lib/thumb/v7-m\libm.a(lib_a-s_atan.o) (fabs)
c:/st/stm32cubeide_1.5.1/stm32cubeide/plugins/com.st.stm32cube.ide.mcu.externaltools.gnu-tools-for-stm32.7-2018-q2-update.win32_1.5.0.202011040924/tools/bin/../lib/gcc/arm-none-eabi/7.3.1/../../../../arm-none-eabi/lib/thumb/v7-m\libm.a(lib_a-w_atan2.o)
                              Core/Src/mpu6050.o (atan2)
c:/st/stm32cubeide_1.5.1/stm32cubeide/plugins/com.st.stm32cube.ide.mcu.externaltools.gnu-tools-for-stm32.7-2018-q2-update.win32_1.5.0.202011040924/tools/bin/../lib/gcc/arm-none-eabi/7.3.1/../../../../arm-none-eabi/lib/thumb/v7-m\libm.a(lib_a-w_sqrt.o)
                              Core/Src/mpu6050.o (sqrt)
c:/st/stm32cubeide_1.5.1/stm32cubeide/plugins/com.st.stm32cube.ide.mcu.externaltools.gnu-tools-for-stm32.7-2018-q2-update.win32_1.5.0.202011040924/tools/bin/../lib/gcc/arm-none-eabi/7.3.1/../../../../arm-none-eabi/lib/thumb/v7-m\libm.a(lib_a-e_atan2.o)
                              c:/st/stm32cubeide_1.5.1/stm32cubeide/plugins/com.st.stm32cube.ide.mcu.externaltools.gnu-tools-for-stm32.7-2018-q2-update.win32_1.5.0.202011040924/tools/bin/../lib/gcc/arm-none-eabi/7.3.1/../../../../arm-none-eabi/lib/thumb/v7-m\libm.a(lib_a-w_atan2.o) (__ieee754_atan2)
c:/st/stm32cubeide_1.5.1/stm32cubeide/plugins/com.st.stm32cube.ide.mcu.externaltools.gnu-tools-for-stm32.7-2018-q2-update.win32_1.5.0.202011040924/tools/bin/../lib/gcc/arm-none-eabi/7.3.1/../../../../arm-none-eabi/lib/thumb/v7-m\libm.a(lib_a-e_sqrt.o)
[...]
Memory Configuration

Name             Origin             Length             Attributes
RAM              0x0000000020000000 0x0000000000005000 xrw
FLASH            0x0000000008000000 0x0000000000010000 xr
*default*        0x0000000000000000 0xffffffffffffffff

Linker script and memory map

LOAD c:/st/stm32cubeide_1.5.1/stm32cubeide/plugins/com.st.stm32cube.ide.mcu.externaltools.gnu-tools-for-stm32.7-2018-q2-update.win32_1.5.0.202011040924/tools/bin/../lib/gcc/arm-none-eabi/7.3.1/thumb/v7-m/crti.o
LOAD c:/st/stm32cubeide_1.5.1/stm32cubeide/plugins/com.st.stm32cube.ide.mcu.externaltools.gnu-tools-for-stm32.7-2018-q2-update.win32_1.5.0.202011040924/tools/bin/../lib/gcc/arm-none-eabi/7.3.1/thumb/v7-m/crtbegin.o
LOAD c:/st/stm32cubeide_1.5.1/stm32cubeide/plugins/com.st.stm32cube.ide.mcu.externaltools.gnu-tools-for-stm32.7-2018-q2-update.win32_1.5.0.202011040924/tools/bin/../lib/gcc/arm-none-eabi/7.3.1/../../../../arm-none-eabi/lib/thumb/v7-m/crt0.o
LOAD Core/Src/SBR1_fis.o
LOAD Core/Src/main.o
LOAD Core/Src/motor.o
LOAD Core/Src/mpu6050.o
LOAD Core/Src/qffmath.o
LOAD Core/Src/qfis.o
LOAD Core/Src/qfmathex.o
LOAD Core/Src/stm32f1xx_hal_msp.o
LOAD Core/Src/stm32f1xx_it.o
LOAD Core/Src/syscalls.o
LOAD Core/Src/sysmem.o
LOAD Core/Src/system_stm32f1xx.o
LOAD Core/Startup/startup_stm32f103c8tx.o
LOAD Drivers/STM32F1xx_HAL_Driver/Src/stm32f1xx_hal.o
LOAD Drivers/STM32F1xx_HAL_Driver/Src/stm32f1xx_hal_cortex.o
LOAD Drivers/STM32F1xx_HAL_Driver/Src/stm32f1xx_hal_dma.o
LOAD Drivers/STM32F1xx_HAL_Driver/Src/stm32f1xx_hal_exti.o
LOAD Drivers/STM32F1xx_HAL_Driver/Src/stm32f1xx_hal_flash.o
LOAD Drivers/STM32F1xx_HAL_Driver/Src/stm32f1xx_hal_flash_ex.o
LOAD Drivers/STM32F1xx_HAL_Driver/Src/stm32f1xx_hal_gpio.o
LOAD Drivers/STM32F1xx_HAL_Driver/Src/stm32f1xx_hal_gpio_ex.o
LOAD Drivers/STM32F1xx_HAL_Driver/Src/stm32f1xx_hal_i2c.o
LOAD Drivers/STM32F1xx_HAL_Driver/Src/stm32f1xx_hal_pwr.o
LOAD Drivers/STM32F1xx_HAL_Driver/Src/stm32f1xx_hal_rcc.o
LOAD Drivers/STM32F1xx_HAL_Driver/Src/stm32f1xx_hal_rcc_ex.o
LOAD Drivers/STM32F1xx_HAL_Driver/Src/stm32f1xx_hal_tim.o
LOAD Drivers/STM32F1xx_HAL_Driver/Src/stm32f1xx_hal_tim_ex.o
LOAD Drivers/STM32F1xx_HAL_Driver/Src/stm32f1xx_hal_uart.o
START GROUP
LOAD c:/st/stm32cubeide_1.5.1/stm32cubeide/plugins/com.st.stm32cube.ide.mcu.externaltools.gnu-tools-for-stm32.7-2018-q2-update.win32_1.5.0.202011040924/tools/bin/../lib/gcc/arm-none-eabi/7.3.1/../../../../arm-none-eabi/lib/thumb/v7-m\libc_nano.a
LOAD c:/st/stm32cubeide_1.5.1/stm32cubeide/plugins/com.st.stm32cube.ide.mcu.externaltools.gnu-tools-for-stm32.7-2018-q2-update.win32_1.5.0.202011040924/tools/bin/../lib/gcc/arm-none-eabi/7.3.1/../../../../arm-none-eabi/lib/thumb/v7-m\libm.a
END GROUP
START GROUP
LOAD c:/st/stm32cubeide_1.5.1/stm32cubeide/plugins/com.st.stm32cube.ide.mcu.externaltools.gnu-tools-for-stm32.7-2018-q2-update.win32_1.5.0.202011040924/tools/bin/../lib/gcc/arm-none-eabi/7.3.1/thumb/v7-m\libgcc.a
LOAD c:/st/stm32cubeide_1.5.1/stm32cubeide/plugins/com.st.stm32cube.ide.mcu.externaltools.gnu-tools-for-stm32.7-2018-q2-update.win32_1.5.0.202011040924/tools/bin/../lib/gcc/arm-none-eabi/7.3.1/../../../../arm-none-eabi/lib/thumb/v7-m\libc_nano.a
END GROUP
START GROUP
LOAD c:/st/stm32cubeide_1.5.1/stm32cubeide/plugins/com.st.stm32cube.ide.mcu.externaltools.gnu-tools-for-stm32.7-2018-q2-update.win32_1.5.0.202011040924/tools/bin/../lib/gcc/arm-none-eabi/7.3.1/thumb/v7-m\libgcc.a
LOAD c:/st/stm32cubeide_1.5.1/stm32cubeide/plugins/com.st.stm32cube.ide.mcu.externaltools.gnu-tools-for-stm32.7-2018-q2-update.win32_1.5.0.202011040924/tools/bin/../lib/gcc/arm-none-eabi/7.3.1/../../../../arm-none-eabi/lib/thumb/v7-m\libc_nano.a
LOAD c:/st/stm32cubeide_1.5.1/stm32cubeide/plugins/com.st.stm32cube.ide.mcu.externaltools.gnu-tools-for-stm32.7-2018-q2-update.win32_1.5.0.202011040924/tools/bin/../lib/gcc/arm-none-eabi/7.3.1/../../../../arm-none-eabi/lib/thumb/v7-m\libnosys.a
END GROUP
START GROUP
LOAD c:/st/stm32cubeide_1.5.1/stm32cubeide/plugins/com.st.stm32cube.ide.mcu.externaltools.gnu-tools-for-stm32.7-2018-q2-update.win32_1.5.0.202011040924/tools/bin/../lib/gcc/arm-none-eabi/7.3.1/thumb/v7-m\libgcc.a
LOAD c:/st/stm32cubeide_1.5.1/stm32cubeide/plugins/com.st.stm32cube.ide.mcu.externaltools.gnu-tools-for-stm32.7-2018-q2-update.win32_1.5.0.202011040924/tools/bin/../lib/gcc/arm-none-eabi/7.3.1/../../../../arm-none-eabi/lib/thumb/v7-m\libc_nano.a
LOAD c:/st/stm32cubeide_1.5.1/stm32cubeide/plugins/com.st.stm32cube.ide.mcu.externaltools.gnu-tools-for-stm32.7-2018-q2-update.win32_1.5.0.202011040924/tools/bin/../lib/gcc/arm-none-eabi/7.3.1/../../../../arm-none-eabi/lib/thumb/v7-m\libnosys.a
END GROUP
LOAD c:/st/stm32cubeide_1.5.1/stm32cubeide/plugins/com.st.stm32cube.ide.mcu.externaltools.gnu-tools-for-stm32.7-2018-q2-update.win32_1.5.0.202011040924/tools/bin/../lib/gcc/arm-none-eabi/7.3.1/thumb/v7-m/crtend.o
LOAD c:/st/stm32cubeide_1.5.1/stm32cubeide/plugins/com.st.stm32cube.ide.mcu.externaltools.gnu-tools-for-stm32.7-2018-q2-update.win32_1.5.0.202011040924/tools/bin/../lib/gcc/arm-none-eabi/7.3.1/thumb/v7-m/crtn.o
                0x0000000020005000                _estack = (ORIGIN (RAM) + LENGTH (RAM))
                0x0000000000000200                _Min_Heap_Size = 0x200
                0x0000000000000400                _Min_Stack_Size = 0x400

.isr_vector     0x0000000008000000      0x10c
                0x0000000008000000                . = ALIGN (0x4)
 *(.isr_vector)
 .isr_vector    0x0000000008000000      0x10c Core/Startup/startup_stm32f103c8tx.o
                0x0000000008000000                g_pfnVectors
                0x000000000800010c                . = ALIGN (0x4)

.text           0x0000000008000110     0x8770
                0x0000000008000110                . = ALIGN (0x4)
 *(.text)
 .text          0x0000000008000110       0x40 c:/st/stm32cubeide_1.5.1/stm32cubeide/plugins/com.st.stm32cube.ide.mcu.externaltools.gnu-tools-for-stm32.7-2018-q2-update.win32_1.5.0.202011040924/tools/bin/../lib/gcc/arm-none-eabi/7.3.1/thumb/v7-m/crtbegin.o
 .text          0x0000000008000150      0x378 c:/st/stm32cubeide_1.5.1/stm32cubeide/plugins/com.st.stm32cube.ide.mcu.externaltools.gnu-tools-for-stm32.7-2018-q2-update.win32_1.5.0.202011040924/tools/bin/../lib/gcc/arm-none-eabi/7.3.1/thumb/v7-m\libgcc.a(_arm_addsubdf3.o)
                0x0000000008000150                __aeabi_drsub
                0x0000000008000158                __aeabi_dsub
                0x0000000008000158                __subdf3
                0x000000000800015c                __aeabi_dadd
                0x000000000800015c                __adddf3
                0x00000000080003d4                __floatunsidf
                0x00000000080003d4                __aeabi_ui2d
                0x00000000080003f4                __floatsidf
                0x00000000080003f4                __aeabi_i2d
                0x0000000008000418                __aeabi_f2d
                0x0000000008000418                __extendsfdf2
                0x000000000800045c                __floatundidf
                0x000000000800045c                __aeabi_ul2d
                0x000000000800046c                __floatdidf
                0x000000000800046c                __aeabi_l2d
 .text          0x00000000080004c8      0x424 c:/st/stm32cubeide_1.5.1/stm32cubeide/plugins/com.st.stm32cube.ide.mcu.externaltools.gnu-tools-for-stm32.7-2018-q2-update.win32_1.5.0.202011040924/tools/bin/../lib/gcc/arm-none-eabi/7.3.1/thumb/v7-m\libgcc.a(_arm_muldivdf3.o)
                0x00000000080004c8                __aeabi_dmul
                0x00000000080004c8                __muldf3
                0x000000000800071c                __divdf3
                0x000000000800071c                __aeabi_ddiv
 .text          0x00000000080008ec      0x110 c:/st/stm32cubeide_1.5.1/stm32cubeide/plugins/com.st.stm32cube.ide.mcu.externaltools.gnu-tools-for-stm32.7-2018-q2-update.win32_1.5.0.202011040924/tools/bin/../lib/gcc/arm-none-eabi/7.3.1/thumb/v7-m\libgcc.a(_arm_cmpdf2.o)
                0x00000000080008ec                __gtdf2
                0x00000000080008ec                __gedf2
                0x00000000080008f4                __ltdf2
                0x00000000080008f4                __ledf2
                0x00000000080008fc                __nedf2
                0x00000000080008fc                __eqdf2
                0x00000000080008fc                __cmpdf2
                0x0000000008000978                __aeabi_cdrcmple
                0x0000000008000988                __aeabi_cdcmpeq
                0x0000000008000988                __aeabi_cdcmple
                0x0000000008000998                __aeabi_dcmpeq
                0x00000000080009ac                __aeabi_dcmplt
                0x00000000080009c0                __aeabi_dcmple
                0x00000000080009d4                __aeabi_dcmpge
                0x00000000080009e8                __aeabi_dcmpgt
 .text          0x00000000080009fc       0x2c c:/st/stm32cubeide_1.5.1/stm32cubeide/plugins/com.st.stm32cube.ide.mcu.externaltools.gnu-tools-for-stm32.7-2018-q2-update.win32_1.5.0.202011040924/tools/bin/../lib/gcc/arm-none-eabi/7.3.1/thumb/v7-m\libgcc.a(_arm_unorddf2.o)
                0x00000000080009fc                __unorddf2
                0x00000000080009fc                __aeabi_dcmpun
 .text          0x0000000008000a28       0xa0 c:/st/stm32cubeide_1.5.1/stm32cubeide/plugins/com.st.stm32cube.ide.mcu.externaltools.gnu-tools-for-stm32.7-2018-q2-update.win32_1.5.0.202011040924/tools/bin/../lib/gcc/arm-none-eabi/7.3.1/thumb/v7-m\libgcc.a(_arm_truncdfsf2.o)
                0x0000000008000a28                __truncdfsf2
                0x0000000008000a28                __aeabi_d2f
 .text          0x0000000008000ac8      0x21c c:/st/stm32cubeide_1.5.1/stm32cubeide/plugins/com.st.stm32cube.ide.mcu.externaltools.gnu-tools-for-stm32.7-2018-q2-update.win32_1.5.0.202011040924/tools/bin/../lib/gcc/arm-none-eabi/7.3.1/thumb/v7-m\libgcc.a(_arm_addsubsf3.o)
                0x0000000008000ac8                __aeabi_frsub
                0x0000000008000ad0                __subsf3
                0x0000000008000ad0                __aeabi_fsub
                0x0000000008000ad4                __aeabi_fadd
                0x0000000008000ad4                __addsf3
                0x0000000008000c34                __aeabi_ui2f
                0x0000000008000c34                __floatunsisf
                0x0000000008000c3c                __aeabi_i2f
                0x0000000008000c3c                __floatsisf
                0x0000000008000c58                __aeabi_ul2f
                0x0000000008000c58                __floatundisf
                0x0000000008000c68                __aeabi_l2f
                0x0000000008000c68                __floatdisf
 .text          0x0000000008000ce4      0x2a0 c:/st/stm32cubeide_1.5.1/stm32cubeide/plugins/com.st.stm32cube.ide.mcu.externaltools.gnu-tools-for-stm32.7-2018-q2-update.win32_1.5.0.202011040924/tools/bin/../lib/gcc/arm-none-eabi/7.3.1/thumb/v7-m\libgcc.a(_arm_muldivsf3.o)
                0x0000000008000ce4                __mulsf3
                0x0000000008000ce4                __aeabi_fmul
                0x0000000008000e4c                __aeabi_fdiv
                0x0000000008000e4c                __divsf3
 .text          0x0000000008000f84       0xec c:/st/stm32cubeide_1.5.1/stm32cubeide/plugins/com.st.stm32cube.ide.mcu.externaltools.gnu-tools-for-stm32.7-2018-q2-update.win32_1.5.0.202011040924/tools/bin/../lib/gcc/arm-none-eabi/7.3.1/thumb/v7-m\libgcc.a(_arm_cmpsf2.o)
                0x0000000008000f84                __gesf2
                0x0000000008000f84                __gtsf2
                0x0000000008000f8c                __lesf2
                0x0000000008000f8c                __ltsf2
                0x0000000008000f94                __nesf2
                0x0000000008000f94                __eqsf2
                0x0000000008000f94                __cmpsf2
                0x0000000008000ff4                __aeabi_cfrcmple
                0x0000000008000ffc                __aeabi_cfcmpeq
                0x0000000008000ffc                __aeabi_cfcmple
                0x000000000800100c                __aeabi_fcmpeq
                0x0000000008001020                __aeabi_fcmplt
                0x0000000008001034                __aeabi_fcmple
                0x0000000008001048                __aeabi_fcmpge
                0x000000000800105c                __aeabi_fcmpgt
 .text          0x0000000008001070       0x40 c:/st/stm32cubeide_1.5.1/stm32cubeide/plugins/com.st.stm32cube.ide.mcu.externaltools.gnu-tools-for-stm32.7-2018-q2-update.win32_1.5.0.202011040924/tools/bin/../lib/gcc/arm-none-eabi/7.3.1/thumb/v7-m\libgcc.a(_arm_fixunssfsi.o)
                0x0000000008001070                __fixunssfsi
                0x0000000008001070                __aeabi_f2uiz
 *(.text*)
 .text.SBR1_init
                0x00000000080010b0      0x2a4 Core/Src/SBR1_fis.o
                0x00000000080010b0                SBR1_init
 .text.SBR1_run
                0x0000000008001354       0x64 Core/Src/SBR1_fis.o
                0x0000000008001354                SBR1_run
 .text.HAL_TIM_PeriodElapsedCallback
                0x00000000080013b8       0x2c Core/Src/main.o
                0x00000000080013b8                HAL_TIM_PeriodElapsedCallback
 .text.HAL_UART_RxCpltCallback
                0x00000000080013e4       0x12 Core/Src/main.o
                0x00000000080013e4                HAL_UART_RxCpltCallback
 *fill*         0x00000000080013f6        0x2 
 .text.main     0x00000000080013f8       0xbc Core/Src/main.o
                0x00000000080013f8                main
 .text.SystemClock_Config
                0x00000000080014b4       0x76 Core/Src/main.o
                0x00000000080014b4                SystemClock_Config
 *fill*         0x000000000800152a        0x2 
 .text.MX_I2C1_Init
                0x000000000800152c       0x5c Core/Src/main.o
 .text.MX_TIM1_Init
                0x0000000008001588       0xa0 Core/Src/main.o
 .text.MX_TIM3_Init
                0x0000000008001628       0xc8 Core/Src/main.o
 .text.MX_TIM4_Init
                0x00000000080016f0       0xc8 Core/Src/main.o
 .text.MX_USART1_UART_Init
                0x00000000080017b8       0x54 Core/Src/main.o
 .text.MX_GPIO_Init
                0x000000000800180c       0xd8 Core/Src/main.o
 .text.Error_Handler
                0x00000000080018e4        0x8 Core/Src/main.o
                0x00000000080018e4                Error_Handler
 .text.Limit_val
                0x00000000080018ec       0x4c Core/Src/motor.o
 .text.Set_duty
                0x0000000008001938       0x70 Core/Src/motor.o
 .text.Init_tim_pwm
                0x00000000080019a8       0x30 Core/Src/motor.o
                0x00000000080019a8                Init_tim_pwm
 .text.Stop_motor
                0x00000000080019d8       0x40 Core/Src/motor.o
 .text.Forward  0x0000000008001a18       0x44 Core/Src/motor.o
                0x0000000008001a18                Forward
 .text.Reverse  0x0000000008001a5c       0x44 Core/Src/motor.o
                0x0000000008001a5c                Reverse
 .text.Controller
                0x0000000008001aa0       0xf0 Core/Src/motor.o
                0x0000000008001aa0                Controller
 .text.MPU6050_Init
                0x0000000008001b90       0xae Core/Src/mpu6050.o
                0x0000000008001b90                MPU6050_Init
 *fill*         0x0000000008001c3e        0x2 
 .text.MPU6050_Read_All
                0x0000000008001c40      0x3b4 Core/Src/mpu6050.o
                0x0000000008001c40                MPU6050_Read_All
 .text.Kalman_getAngle
                0x0000000008001ff4      0x2ca Core/Src/mpu6050.o
                0x0000000008001ff4                Kalman_getAngle
 *fill*         0x00000000080022be        0x2 
 .text._qFFMath_GetAbnormal
                0x00000000080022c0       0x40 Core/Src/qffmath.o
                0x00000000080022c0                _qFFMath_GetAbnormal
 .text.qFFMath_FPClassify
                0x0000000008002300       0x5e Core/Src/qffmath.o
                0x0000000008002300                qFFMath_FPClassify
 .text.qFFMath_IsNaN
                0x000000000800235e       0x22 Core/Src/qffmath.o
                0x000000000800235e                qFFMath_IsNaN
 .text.qFFMath_Abs
                0x0000000008002380       0x2a Core/Src/qffmath.o
                0x0000000008002380                qFFMath_Abs
 .text.qFFMath_Sqrt
                0x00000000080023aa       0x8e Core/Src/qffmath.o
                0x00000000080023aa                qFFMath_Sqrt
 .text.qFFMath_Sin
                0x0000000008002438       0x94 Core/Src/qffmath.o
                0x0000000008002438                qFFMath_Sin
 .text.qFFMath_Cos
                0x00000000080024cc       0x28 Core/Src/qffmath.o
                0x00000000080024cc                qFFMath_Cos
 .text.qFFMath_Exp2
                0x00000000080024f4       0xd4 Core/Src/qffmath.o
                0x00000000080024f4                qFFMath_Exp2
 .text.qFFMath_Log2
                0x00000000080025c8       0xcc Core/Src/qffmath.o
                0x00000000080025c8                qFFMath_Log2
 .text.qFFMath_Exp
                0x0000000008002694       0x28 Core/Src/qffmath.o
                0x0000000008002694                qFFMath_Exp
 .text.qFFMath_Log
                0x00000000080026bc       0x28 Core/Src/qffmath.o
                0x00000000080026bc                qFFMath_Log
 .text.qFFMath_Pow
                0x00000000080026e4       0x2c Core/Src/qffmath.o
                0x00000000080026e4                qFFMath_Pow
 .text.qFIS_SetParameter
                0x0000000008002710       0xe4 Core/Src/qfis.o
                0x0000000008002710                qFIS_SetParameter
 .text.qFIS_Setup
                0x00000000080027f4      0x1b0 Core/Src/qfis.o
                0x00000000080027f4                qFIS_Setup
 .text.qFIS_InputSetup
                0x00000000080029a4       0x56 Core/Src/qfis.o
                0x00000000080029a4                qFIS_InputSetup
 .text.qFIS_OutputSetup
                0x00000000080029fa       0xda Core/Src/qfis.o
                0x00000000080029fa                qFIS_OutputSetup
 .text.qFIS_SetInput
                0x0000000008002ad4       0x40 Core/Src/qfis.o
                0x0000000008002ad4                qFIS_SetInput
 .text.qFIS_GetOutput
                0x0000000008002b14       0x38 Core/Src/qfis.o
                0x0000000008002b14                qFIS_GetOutput
 .text.qFIS_SetMF
                0x0000000008002b4c       0xd4 Core/Src/qfis.o
                0x0000000008002b4c                qFIS_SetMF
 .text.qFIS_EvalInputMFs
                0x0000000008002c20       0x6e Core/Src/qfis.o
 .text.qFIS_TruncateInputs
                0x0000000008002c8e       0x78 Core/Src/qfis.o
 .text.qFIS_Fuzzify
                0x0000000008002d06       0x2c Core/Src/qfis.o
                0x0000000008002d06                qFIS_Fuzzify
 .text.qFIS_ParseFuzzValue
                0x0000000008002d32       0x68 Core/Src/qfis.o
 *fill*         0x0000000008002d9a        0x2 
 .text.qFIS_GetFuzzOperator
                0x0000000008002d9c       0x4c Core/Src/qfis.o
 .text.qFIS_InferenceAntecedent
                0x0000000008002de8       0xe4 Core/Src/qfis.o
 .text.qFIS_InferenceReachEnd
                0x0000000008002ecc       0xcc Core/Src/qfis.o
 .text.qFIS_AggregationFindConsequent
                0x0000000008002f98       0x44 Core/Src/qfis.o
 .text.qFIS_InferenceConsequent
                0x0000000008002fdc      0x1b8 Core/Src/qfis.o
 .text.qFIS_Aggregate
                0x0000000008003194       0x7c Core/Src/qfis.o
 .text.qFIS_DeFuzz_Centroid
                0x0000000008003210       0x94 Core/Src/qfis.o
 .text.qFIS_DeFuzz_WtAverage
                0x00000000080032a4       0x36 Core/Src/qfis.o
 .text.qFIS_DeFuzzify
                0x00000000080032da      0x28a Core/Src/qfis.o
                0x00000000080032da                qFIS_DeFuzzify
 .text.qFIS_Inference
                0x0000000008003564       0xbc Core/Src/qfis.o
                0x0000000008003564                qFIS_Inference
 .text.qFIS_GetNextX
                0x0000000008003620       0x3c Core/Src/qfis.o
 .text.qFIS_TriMF
                0x000000000800365c       0x84 Core/Src/qfis.o
 .text.qFIS_TrapMF
                0x00000000080036e0       0x94 Core/Src/qfis.o
 .text.qFIS_GBellMF
                0x0000000008003774       0x76 Core/Src/qfis.o
 .text.qFIS_GaussMF
                0x00000000080037ea       0x5a Core/Src/qfis.o
 .text.qFIS_Gauss2MF
                0x0000000008003844       0x78 Core/Src/qfis.o
 .text.qFIS_SigMF
                0x00000000080038bc       0x60 Core/Src/qfis.o
 .text.qFIS_TSigMF
                0x000000000800391c       0xc2 Core/Src/qfis.o
 .text.qFIS_DSigMF
                0x00000000080039de       0x42 Core/Src/qfis.o
 .text.qFIS_PSigMF
                0x0000000008003a20       0x42 Core/Src/qfis.o
 .text.qFIS_SMF
                0x0000000008003a62      0x142 Core/Src/qfis.o
 .text.qFIS_TSMF
                0x0000000008003ba4       0xf6 Core/Src/qfis.o
 .text.qFIS_ZMF
                0x0000000008003c9a      0x142 Core/Src/qfis.o
 .text.qFIS_LinSMF
                0x0000000008003ddc       0xb6 Core/Src/qfis.o
 .text.qFIS_LinZMF
                0x0000000008003e92       0xb6 Core/Src/qfis.o
 .text.qFIS_TZMF
                0x0000000008003f48       0xf6 Core/Src/qfis.o
 .text.qFIS_PiMF
                0x000000000800403e       0x42 Core/Src/qfis.o
 .text.qFIS_SingletonMF
                0x0000000008004080       0x36 Core/Src/qfis.o
 .text.qFIS_ConcaveMF
                0x00000000080040b6       0xda Core/Src/qfis.o
 .text.qFIS_TConcaveMF
                0x0000000008004190       0x64 Core/Src/qfis.o
 .text.qFIS_SpikeMF
                0x00000000080041f4       0x5c Core/Src/qfis.o
 .text.qFIS_TLinSMF
                0x0000000008004250       0x44 Core/Src/qfis.o
 .text.qFIS_TLinZMF
                0x0000000008004294       0x44 Core/Src/qfis.o
 .text.qFIS_RectangleMF
                0x00000000080042d8       0x4c Core/Src/qfis.o
 .text.qFIS_CosineMF
                0x0000000008004324       0xf4 Core/Src/qfis.o
 .text.qFIS_ConstantMF
                0x0000000008004418       0x1a Core/Src/qfis.o
 .text.qFIS_LinearMF
                0x0000000008004432       0x76 Core/Src/qfis.o
 .text.qFIS_Min
                0x00000000080044a8       0x36 Core/Src/qfis.o
 .text.qFIS_Max
                0x00000000080044de       0x36 Core/Src/qfis.o
 .text.qFIS_Prod
                0x0000000008004514       0x2c Core/Src/qfis.o
 .text.qFIS_ProbOR
                0x0000000008004540       0x42 Core/Src/qfis.o
 .text.qFIS_Sum
                0x0000000008004582       0x2c Core/Src/qfis.o
 .text.qFIS_Bound
                0x00000000080045ae       0x24 Core/Src/qfis.o
 .text.qFMathEx_InRangeCoerce
                0x00000000080045d2       0x6a Core/Src/qfmathex.o
                0x00000000080045d2                qFMathEx_InRangeCoerce
 .text.qFMathEx_AlmostEqual
                0x000000000800463c       0x46 Core/Src/qfmathex.o
                0x000000000800463c                qFMathEx_AlmostEqual
 .text.qFMathEx_Equal
                0x0000000008004682       0x20 Core/Src/qfmathex.o
                0x0000000008004682                qFMathEx_Equal
 *fill*         0x00000000080046a2        0x2 
 .text.HAL_MspInit
                0x00000000080046a4       0x64 Core/Src/stm32f1xx_hal_msp.o
                0x00000000080046a4                HAL_MspInit
 .text.HAL_I2C_MspInit
                0x0000000008004708       0xa0 Core/Src/stm32f1xx_hal_msp.o
                0x0000000008004708                HAL_I2C_MspInit
 .text.HAL_TIM_Base_MspInit
                0x00000000080047a8       0x4c Core/Src/stm32f1xx_hal_msp.o
                0x00000000080047a8                HAL_TIM_Base_MspInit
 .text.HAL_TIM_PWM_MspInit
                0x00000000080047f4       0x64 Core/Src/stm32f1xx_hal_msp.o
                0x00000000080047f4                HAL_TIM_PWM_MspInit
 .text.HAL_TIM_MspPostInit
                0x0000000008004858       0xcc Core/Src/stm32f1xx_hal_msp.o
                0x0000000008004858                HAL_TIM_MspPostInit
 .text.HAL_UART_MspInit
                0x0000000008004924       0xa8 Core/Src/stm32f1xx_hal_msp.o
                0x0000000008004924                HAL_UART_MspInit
 .text.NMI_Handler
                0x00000000080049cc        0x6 Core/Src/stm32f1xx_it.o
                0x00000000080049cc                NMI_Handler
 .text.HardFault_Handler
                0x00000000080049d2        0x6 Core/Src/stm32f1xx_it.o
                0x00000000080049d2                HardFault_Handler
 .text.MemManage_Handler
                0x00000000080049d8        0x6 Core/Src/stm32f1xx_it.o
                0x00000000080049d8                MemManage_Handler
 .text.BusFault_Handler
                0x00000000080049de        0x6 Core/Src/stm32f1xx_it.o
                0x00000000080049de                BusFault_Handler
 .text.UsageFault_Handler
                0x00000000080049e4        0x6 Core/Src/stm32f1xx_it.o
                0x00000000080049e4                UsageFault_Handler
 .text.SVC_Handler
                0x00000000080049ea        0xc Core/Src/stm32f1xx_it.o
                0x00000000080049ea                SVC_Handler
 .text.DebugMon_Handler
                0x00000000080049f6        0xc Core/Src/stm32f1xx_it.o
                0x00000000080049f6                DebugMon_Handler
 .text.PendSV_Handler
                0x0000000008004a02        0xc Core/Src/stm32f1xx_it.o
                0x0000000008004a02                PendSV_Handler
 .text.SysTick_Handler
                0x0000000008004a0e        0xc Core/Src/stm32f1xx_it.o
                0x0000000008004a0e                SysTick_Handler
 *fill*         0x0000000008004a1a        0x2 
 .text.TIM1_UP_IRQHandler
                0x0000000008004a1c       0x14 Core/Src/stm32f1xx_it.o
                0x0000000008004a1c                TIM1_UP_IRQHandler
 .text.USART1_IRQHandler
                0x0000000008004a30       0x14 Core/Src/stm32f1xx_it.o
                0x0000000008004a30                USART1_IRQHandler
 .text.SystemInit
                0x0000000008004a44        0xc Core/Src/system_stm32f1xx.o
                0x0000000008004a44                SystemInit
 .text.Reset_Handler
                0x0000000008004a50       0x48 Core/Startup/startup_stm32f103c8tx.o
                0x0000000008004a50                Reset_Handler
 .text.Default_Handler
                0x0000000008004a98        0x2 Core/Startup/startup_stm32f103c8tx.o
                0x0000000008004a98                RTC_Alarm_IRQHandler
                0x0000000008004a98                EXTI2_IRQHandler
                0x0000000008004a98                TIM1_CC_IRQHandler
                0x0000000008004a98                PVD_IRQHandler
                0x0000000008004a98                EXTI3_IRQHandler
                0x0000000008004a98                EXTI0_IRQHandler
                0x0000000008004a98                I2C2_EV_IRQHandler
                0x0000000008004a98                ADC1_2_IRQHandler
                0x0000000008004a98                SPI1_IRQHandler
                0x0000000008004a98                TAMPER_IRQHandler
                0x0000000008004a98                DMA1_Channel4_IRQHandler
                0x0000000008004a98                USART3_IRQHandler
                0x0000000008004a98                RTC_IRQHandler
                0x0000000008004a98                DMA1_Channel7_IRQHandler
                0x0000000008004a98                CAN1_RX1_IRQHandler
                0x0000000008004a98                TIM4_IRQHandler
                0x0000000008004a98                I2C1_EV_IRQHandler
                0x0000000008004a98                DMA1_Channel6_IRQHandler
                0x0000000008004a98                TIM3_IRQHandler
                0x0000000008004a98                RCC_IRQHandler
                0x0000000008004a98                TIM1_TRG_COM_IRQHandler
                0x0000000008004a98                DMA1_Channel1_IRQHandler
                0x0000000008004a98                Default_Handler
                0x0000000008004a98                EXTI15_10_IRQHandler
                0x0000000008004a98                EXTI9_5_IRQHandler
                0x0000000008004a98                SPI2_IRQHandler
                0x0000000008004a98                DMA1_Channel5_IRQHandler
                0x0000000008004a98                EXTI4_IRQHandler
                0x0000000008004a98                USB_LP_CAN1_RX0_IRQHandler
                0x0000000008004a98                USB_HP_CAN1_TX_IRQHandler
                0x0000000008004a98                DMA1_Channel3_IRQHandler
                0x0000000008004a98                WWDG_IRQHandler
                0x0000000008004a98                TIM2_IRQHandler
                0x0000000008004a98                TIM1_BRK_IRQHandler
                0x0000000008004a98                EXTI1_IRQHandler
                0x0000000008004a98                USART2_IRQHandler
                0x0000000008004a98                I2C2_ER_IRQHandler
                0x0000000008004a98                DMA1_Channel2_IRQHandler
                0x0000000008004a98                CAN1_SCE_IRQHandler
                0x0000000008004a98                FLASH_IRQHandler
                0x0000000008004a98                I2C1_ER_IRQHandler
                0x0000000008004a98                USBWakeUp_IRQHandler
 *fill*         0x0000000008004a9a        0x2 
 .text.HAL_Init
                0x0000000008004a9c       0x2c Drivers/STM32F1xx_HAL_Driver/Src/stm32f1xx_hal.o
                0x0000000008004a9c                HAL_Init
 .text.HAL_InitTick
                0x0000000008004ac8       0x60 Drivers/STM32F1xx_HAL_Driver/Src/stm32f1xx_hal.o
                0x0000000008004ac8                HAL_InitTick
 .text.HAL_IncTick
                0x0000000008004b28       0x24 Drivers/STM32F1xx_HAL_Driver/Src/stm32f1xx_hal.o
                0x0000000008004b28                HAL_IncTick
 .text.HAL_GetTick
                0x0000000008004b4c       0x14 Drivers/STM32F1xx_HAL_Driver/Src/stm32f1xx_hal.o
                0x0000000008004b4c                HAL_GetTick
 .text.__NVIC_SetPriorityGrouping
                0x0000000008004b60       0x48 Drivers/STM32F1xx_HAL_Driver/Src/stm32f1xx_hal_cortex.o
 .text.__NVIC_GetPriorityGrouping
                0x0000000008004ba8       0x1c Drivers/STM32F1xx_HAL_Driver/Src/stm32f1xx_hal_cortex.o
 .text.__NVIC_EnableIRQ
                0x0000000008004bc4       0x38 Drivers/STM32F1xx_HAL_Driver/Src/stm32f1xx_hal_cortex.o
 .text.__NVIC_SetPriority
                0x0000000008004bfc       0x54 Drivers/STM32F1xx_HAL_Driver/Src/stm32f1xx_hal_cortex.o
 .text.NVIC_EncodePriority
                0x0000000008004c50       0x64 Drivers/STM32F1xx_HAL_Driver/Src/stm32f1xx_hal_cortex.o
 .text.SysTick_Config
                0x0000000008004cb4       0x44 Drivers/STM32F1xx_HAL_Driver/Src/stm32f1xx_hal_cortex.o
 .text.HAL_NVIC_SetPriorityGrouping
                0x0000000008004cf8       0x16 Drivers/STM32F1xx_HAL_Driver/Src/stm32f1xx_hal_cortex.o
                0x0000000008004cf8                HAL_NVIC_SetPriorityGrouping
 .text.HAL_NVIC_SetPriority
                0x0000000008004d0e       0x38 Drivers/STM32F1xx_HAL_Driver/Src/stm32f1xx_hal_cortex.o
                0x0000000008004d0e                HAL_NVIC_SetPriority
 .text.HAL_NVIC_EnableIRQ
                0x0000000008004d46       0x1c Drivers/STM32F1xx_HAL_Driver/Src/stm32f1xx_hal_cortex.o
                0x0000000008004d46                HAL_NVIC_EnableIRQ
 .text.HAL_SYSTICK_Config
                0x0000000008004d62       0x18 Drivers/STM32F1xx_HAL_Driver/Src/stm32f1xx_hal_cortex.o
                0x0000000008004d62                HAL_SYSTICK_Config
 .text.HAL_DMA_Abort
                0x0000000008004d7a       0x74 Drivers/STM32F1xx_HAL_Driver/Src/stm32f1xx_hal_dma.o
                0x0000000008004d7a                HAL_DMA_Abort
 *fill*         0x0000000008004dee        0x2 
 .text.HAL_DMA_Abort_IT
                0x0000000008004df0       0xec Drivers/STM32F1xx_HAL_Driver/Src/stm32f1xx_hal_dma.o
                0x0000000008004df0                HAL_DMA_Abort_IT
 .text.HAL_GPIO_Init
                0x0000000008004edc      0x2b4 Drivers/STM32F1xx_HAL_Driver/Src/stm32f1xx_hal_gpio.o
                0x0000000008004edc                HAL_GPIO_Init
 .text.HAL_GPIO_WritePin
                0x0000000008005190       0x30 Drivers/STM32F1xx_HAL_Driver/Src/stm32f1xx_hal_gpio.o
                0x0000000008005190                HAL_GPIO_WritePin
 .text.HAL_I2C_Init
                0x00000000080051c0      0x270 Drivers/STM32F1xx_HAL_Driver/Src/stm32f1xx_hal_i2c.o
                0x00000000080051c0                HAL_I2C_Init
 .text.HAL_I2C_Mem_Write
                0x0000000008005430      0x1f4 Drivers/STM32F1xx_HAL_Driver/Src/stm32f1xx_hal_i2c.o
                0x0000000008005430                HAL_I2C_Mem_Write
 .text.HAL_I2C_Mem_Read
                0x0000000008005624      0x4c4 Drivers/STM32F1xx_HAL_Driver/Src/stm32f1xx_hal_i2c.o
                0x0000000008005624                HAL_I2C_Mem_Read
 .text.I2C_RequestMemoryWrite
                0x0000000008005ae8      0x12c Drivers/STM32F1xx_HAL_Driver/Src/stm32f1xx_hal_i2c.o
 .text.I2C_RequestMemoryRead
                0x0000000008005c14      0x1d0 Drivers/STM32F1xx_HAL_Driver/Src/stm32f1xx_hal_i2c.o
 .text.I2C_WaitOnFlagUntilTimeout
                0x0000000008005de4       0xae Drivers/STM32F1xx_HAL_Driver/Src/stm32f1xx_hal_i2c.o
 .text.I2C_WaitOnMasterAddressFlagUntilTimeout
                0x0000000008005e92       0xfe Drivers/STM32F1xx_HAL_Driver/Src/stm32f1xx_hal_i2c.o
 .text.I2C_WaitOnTXEFlagUntilTimeout
                0x0000000008005f90       0x82 Drivers/STM32F1xx_HAL_Driver/Src/stm32f1xx_hal_i2c.o
 .text.I2C_WaitOnBTFFlagUntilTimeout
                0x0000000008006012       0x82 Drivers/STM32F1xx_HAL_Driver/Src/stm32f1xx_hal_i2c.o
 .text.I2C_WaitOnRXNEFlagUntilTimeout
                0x0000000008006094       0xac Drivers/STM32F1xx_HAL_Driver/Src/stm32f1xx_hal_i2c.o
 .text.I2C_IsAcknowledgeFailed
                0x0000000008006140       0x5c Drivers/STM32F1xx_HAL_Driver/Src/stm32f1xx_hal_i2c.o
 .text.HAL_RCC_OscConfig
                0x000000000800619c      0x500 Drivers/STM32F1xx_HAL_Driver/Src/stm32f1xx_hal_rcc.o
                0x000000000800619c                HAL_RCC_OscConfig
 .text.HAL_RCC_ClockConfig
                0x000000000800669c      0x1d4 Drivers/STM32F1xx_HAL_Driver/Src/stm32f1xx_hal_rcc.o
                0x000000000800669c                HAL_RCC_ClockConfig
 .text.HAL_RCC_GetSysClockFreq
                0x0000000008006870       0xc4 Drivers/STM32F1xx_HAL_Driver/Src/stm32f1xx_hal_rcc.o
                0x0000000008006870                HAL_RCC_GetSysClockFreq
 .text.HAL_RCC_GetHCLKFreq
                0x0000000008006934       0x14 Drivers/STM32F1xx_HAL_Driver/Src/stm32f1xx_hal_rcc.o
                0x0000000008006934                HAL_RCC_GetHCLKFreq
 .text.HAL_RCC_GetPCLK1Freq
                0x0000000008006948       0x28 Drivers/STM32F1xx_HAL_Driver/Src/stm32f1xx_hal_rcc.o
                0x0000000008006948                HAL_RCC_GetPCLK1Freq
 .text.HAL_RCC_GetPCLK2Freq
                0x0000000008006970       0x28 Drivers/STM32F1xx_HAL_Driver/Src/stm32f1xx_hal_rcc.o
                0x0000000008006970                HAL_RCC_GetPCLK2Freq
 .text.RCC_Delay
                0x0000000008006998       0x3c Drivers/STM32F1xx_HAL_Driver/Src/stm32f1xx_hal_rcc.o
 .text.HAL_TIM_Base_Init
                0x00000000080069d4       0x9e Drivers/STM32F1xx_HAL_Driver/Src/stm32f1xx_hal_tim.o
                0x00000000080069d4                HAL_TIM_Base_Init
 *fill*         0x0000000008006a72        0x2 
 .text.HAL_TIM_Base_Start_IT
                0x0000000008006a74       0xa4 Drivers/STM32F1xx_HAL_Driver/Src/stm32f1xx_hal_tim.o
                0x0000000008006a74                HAL_TIM_Base_Start_IT
 .text.HAL_TIM_PWM_Init
                0x0000000008006b18       0x9e Drivers/STM32F1xx_HAL_Driver/Src/stm32f1xx_hal_tim.o
                0x0000000008006b18                HAL_TIM_PWM_Init
 *fill*         0x0000000008006bb6        0x2 
 .text.HAL_TIM_PWM_Start
                0x0000000008006bb8      0x144 Drivers/STM32F1xx_HAL_Driver/Src/stm32f1xx_hal_tim.o
                0x0000000008006bb8                HAL_TIM_PWM_Start
 .text.HAL_TIM_IRQHandler
                0x0000000008006cfc      0x210 Drivers/STM32F1xx_HAL_Driver/Src/stm32f1xx_hal_tim.o
                0x0000000008006cfc                HAL_TIM_IRQHandler
 .text.HAL_TIM_PWM_ConfigChannel
                0x0000000008006f0c      0x17c Drivers/STM32F1xx_HAL_Driver/Src/stm32f1xx_hal_tim.o
                0x0000000008006f0c                HAL_TIM_PWM_ConfigChannel
 .text.HAL_TIM_ConfigClockSource
                0x0000000008007088      0x16e Drivers/STM32F1xx_HAL_Driver/Src/stm32f1xx_hal_tim.o
                0x0000000008007088                HAL_TIM_ConfigClockSource
 .text.HAL_TIM_OC_DelayElapsedCallback
                0x00000000080071f6       0x12 Drivers/STM32F1xx_HAL_Driver/Src/stm32f1xx_hal_tim.o
                0x00000000080071f6                HAL_TIM_OC_DelayElapsedCallback
 .text.HAL_TIM_IC_CaptureCallback
                0x0000000008007208       0x12 Drivers/STM32F1xx_HAL_Driver/Src/stm32f1xx_hal_tim.o
                0x0000000008007208                HAL_TIM_IC_CaptureCallback
 .text.HAL_TIM_PWM_PulseFinishedCallback
                0x000000000800721a       0x12 Drivers/STM32F1xx_HAL_Driver/Src/stm32f1xx_hal_tim.o
                0x000000000800721a                HAL_TIM_PWM_PulseFinishedCallback
 .text.HAL_TIM_TriggerCallback
                0x000000000800722c       0x12 Drivers/STM32F1xx_HAL_Driver/Src/stm32f1xx_hal_tim.o
                0x000000000800722c                HAL_TIM_TriggerCallback
 *fill*         0x000000000800723e        0x2 
 .text.TIM_Base_SetConfig
                0x0000000008007240       0xc4 Drivers/STM32F1xx_HAL_Driver/Src/stm32f1xx_hal_tim.o
                0x0000000008007240                TIM_Base_SetConfig
 .text.TIM_OC1_SetConfig
                0x0000000008007304       0xcc Drivers/STM32F1xx_HAL_Driver/Src/stm32f1xx_hal_tim.o
 .text.TIM_OC2_SetConfig
                0x00000000080073d0       0xd4 Drivers/STM32F1xx_HAL_Driver/Src/stm32f1xx_hal_tim.o
                0x00000000080073d0                TIM_OC2_SetConfig
 .text.TIM_OC3_SetConfig
                0x00000000080074a4       0xd4 Drivers/STM32F1xx_HAL_Driver/Src/stm32f1xx_hal_tim.o
 .text.TIM_OC4_SetConfig
                0x0000000008007578       0x9c Drivers/STM32F1xx_HAL_Driver/Src/stm32f1xx_hal_tim.o
 .text.TIM_TI1_ConfigInputStage
                0x0000000008007614       0x5c Drivers/STM32F1xx_HAL_Driver/Src/stm32f1xx_hal_tim.o
 .text.TIM_TI2_ConfigInputStage
                0x0000000008007670       0x5e Drivers/STM32F1xx_HAL_Driver/Src/stm32f1xx_hal_tim.o
 .text.TIM_ITRx_SetConfig
                0x00000000080076ce       0x34 Drivers/STM32F1xx_HAL_Driver/Src/stm32f1xx_hal_tim.o
 .text.TIM_ETR_SetConfig
                0x0000000008007702       0x3e Drivers/STM32F1xx_HAL_Driver/Src/stm32f1xx_hal_tim.o
                0x0000000008007702                TIM_ETR_SetConfig
 .text.TIM_CCxChannelCmd
                0x0000000008007740       0x48 Drivers/STM32F1xx_HAL_Driver/Src/stm32f1xx_hal_tim.o
                0x0000000008007740                TIM_CCxChannelCmd
 .text.HAL_TIMEx_MasterConfigSynchronization
                0x0000000008007788       0xbc Drivers/STM32F1xx_HAL_Driver/Src/stm32f1xx_hal_tim_ex.o
                0x0000000008007788                HAL_TIMEx_MasterConfigSynchronization
 .text.HAL_TIMEx_CommutCallback
                0x0000000008007844       0x12 Drivers/STM32F1xx_HAL_Driver/Src/stm32f1xx_hal_tim_ex.o
                0x0000000008007844                HAL_TIMEx_CommutCallback
 .text.HAL_TIMEx_BreakCallback
                0x0000000008007856       0x12 Drivers/STM32F1xx_HAL_Driver/Src/stm32f1xx_hal_tim_ex.o
                0x0000000008007856                HAL_TIMEx_BreakCallback
 .text.HAL_UART_Init
                0x0000000008007868       0x9a Drivers/STM32F1xx_HAL_Driver/Src/stm32f1xx_hal_uart.o
                0x0000000008007868                HAL_UART_Init
 .text.HAL_UART_Receive_IT
                0x0000000008007902       0x60 Drivers/STM32F1xx_HAL_Driver/Src/stm32f1xx_hal_uart.o
                0x0000000008007902                HAL_UART_Receive_IT
 *fill*         0x0000000008007962        0x2 
 .text.HAL_UART_IRQHandler
                0x0000000008007964      0x358 Drivers/STM32F1xx_HAL_Driver/Src/stm32f1xx_hal_uart.o
                0x0000000008007964                HAL_UART_IRQHandler
 .text.HAL_UART_TxCpltCallback
                0x0000000008007cbc       0x12 Drivers/STM32F1xx_HAL_Driver/Src/stm32f1xx_hal_uart.o
                0x0000000008007cbc                HAL_UART_TxCpltCallback
 .text.HAL_UART_ErrorCallback
                0x0000000008007cce       0x12 Drivers/STM32F1xx_HAL_Driver/Src/stm32f1xx_hal_uart.o
                0x0000000008007cce                HAL_UART_ErrorCallback
 .text.HAL_UARTEx_RxEventCallback
                0x0000000008007ce0       0x16 Drivers/STM32F1xx_HAL_Driver/Src/stm32f1xx_hal_uart.o
                0x0000000008007ce0                HAL_UARTEx_RxEventCallback
 .text.UART_Start_Receive_IT
                0x0000000008007cf6       0x72 Drivers/STM32F1xx_HAL_Driver/Src/stm32f1xx_hal_uart.o
                0x0000000008007cf6                UART_Start_Receive_IT
 .text.UART_EndRxTransfer
                0x0000000008007d68       0x58 Drivers/STM32F1xx_HAL_Driver/Src/stm32f1xx_hal_uart.o
 .text.UART_DMAAbortOnError
                0x0000000008007dc0       0x28 Drivers/STM32F1xx_HAL_Driver/Src/stm32f1xx_hal_uart.o
 .text.UART_Transmit_IT
                0x0000000008007de8       0x9e Drivers/STM32F1xx_HAL_Driver/Src/stm32f1xx_hal_uart.o
 .text.UART_EndTransmit_IT
                0x0000000008007e86       0x30 Drivers/STM32F1xx_HAL_Driver/Src/stm32f1xx_hal_uart.o
 .text.UART_Receive_IT
                0x0000000008007eb6      0x152 Drivers/STM32F1xx_HAL_Driver/Src/stm32f1xx_hal_uart.o
 .text.UART_SetConfig
                0x0000000008008008      0x11c Drivers/STM32F1xx_HAL_Driver/Src/stm32f1xx_hal_uart.o
 .text.__errno  0x0000000008008124        0xc c:/st/stm32cubeide_1.5.1/stm32cubeide/plugins/com.st.stm32cube.ide.mcu.externaltools.gnu-tools-for-stm32.7-2018-q2-update.win32_1.5.0.202011040924/tools/bin/../lib/gcc/arm-none-eabi/7.3.1/../../../../arm-none-eabi/lib/thumb/v7-m\libc_nano.a(lib_a-errno.o)
                0x0000000008008124                __errno
 .text.__libc_init_array
                0x0000000008008130       0x48 c:/st/stm32cubeide_1.5.1/stm32cubeide/plugins/com.st.stm32cube.ide.mcu.externaltools.gnu-tools-for-stm32.7-2018-q2-update.win32_1.5.0.202011040924/tools/bin/../lib/gcc/arm-none-eabi/7.3.1/../../../../arm-none-eabi/lib/thumb/v7-m\libc_nano.a(lib_a-init.o)
                0x0000000008008130                __libc_init_array
 .text.memset   0x0000000008008178       0x10 c:/st/stm32cubeide_1.5.1/stm32cubeide/plugins/com.st.stm32cube.ide.mcu.externaltools.gnu-tools-for-stm32.7-2018-q2-update.win32_1.5.0.202011040924/tools/bin/../lib/gcc/arm-none-eabi/7.3.1/../../../../arm-none-eabi/lib/thumb/v7-m\libc_nano.a(lib_a-memset.o)
                0x0000000008008178                memset
 .text.atan     0x0000000008008188      0x314 c:/st/stm32cubeide_1.5.1/stm32cubeide/plugins/com.st.stm32cube.ide.mcu.externaltools.gnu-tools-for-stm32.7-2018-q2-update.win32_1.5.0.202011040924/tools/bin/../lib/gcc/arm-none-eabi/7.3.1/../../../../arm-none-eabi/lib/thumb/v7-m\libm.a(lib_a-s_atan.o)
                0x0000000008008188                atan
 .text.fabs     0x000000000800849c        0x8 c:/st/stm32cubeide_1.5.1/stm32cubeide/plugins/com.st.stm32cube.ide.mcu.externaltools.gnu-tools-for-stm32.7-2018-q2-update.win32_1.5.0.202011040924/tools/bin/../lib/gcc/arm-none-eabi/7.3.1/../../../../arm-none-eabi/lib/thumb/v7-m\libm.a(lib_a-s_fabs.o)
                0x000000000800849c                fabs
 .text.atan2    0x00000000080084a4        0x4 c:/st/stm32cubeide_1.5.1/stm32cubeide/plugins/com.st.stm32cube.ide.mcu.externaltools.gnu-tools-for-stm32.7-2018-q2-update.win32_1.5.0.202011040924/tools/bin/../lib/gcc/arm-none-eabi/7.3.1/../../../../arm-none-eabi/lib/thumb/v7-m\libm.a(lib_a-w_atan2.o)
                0x00000000080084a4                atan2
 .text.sqrt     0x00000000080084a8       0xa8 c:/st/stm32cubeide_1.5.1/stm32cubeide/plugins/com.st.stm32cube.ide.mcu.externaltools.gnu-tools-for-stm32.7-2018-q2-update.win32_1.5.0.202011040924/tools/bin/../lib/gcc/arm-none-eabi/7.3.1/../../../../arm-none-eabi/lib/thumb/v7-m\libm.a(lib_a-w_sqrt.o)
                0x00000000080084a8                sqrt
 .text.__ieee754_atan2
                0x0000000008008550      0x1bc c:/st/stm32cubeide_1.5.1/stm32cubeide/plugins/com.st.stm32cube.ide.mcu.externaltools.gnu-tools-for-stm32.7-2018-q2-update.win32_1.5.0.202011040924/tools/bin/../lib/gcc/arm-none-eabi/7.3.1/../../../../arm-none-eabi/lib/thumb/v7-m\libm.a(lib_a-e_atan2.o)
                0x0000000008008550                __ieee754_atan2
 .text.__ieee754_sqrt
                0x000000000800870c      0x158 c:/st/stm32cubeide_1.5.1/stm32cubeide/plugins/com.st.stm32cube.ide.mcu.externaltools.gnu-tools-for-stm32.7-2018-q2-update.win32_1.5.0.202011040924/tools/bin/../lib/gcc/arm-none-eabi/7.3.1/../../../../arm-none-eabi/lib/thumb/v7-m\libm.a(lib_a-e_sqrt.o)
                0x000000000800870c                __ieee754_sqrt
 .text.matherr  0x0000000008008864        0x4 c:/st/stm32cubeide_1.5.1/stm32cubeide/plugins/com.st.stm32cube.ide.mcu.externaltools.gnu-tools-for-stm32.7-2018-q2-update.win32_1.5.0.202011040924/tools/bin/../lib/gcc/arm-none-eabi/7.3.1/../../../../arm-none-eabi/lib/thumb/v7-m\libm.a(lib_a-s_matherr.o)
                0x0000000008008864                matherr
 *(.glue_7)
 .glue_7        0x0000000008008868        0x0 linker stubs
 *(.glue_7t)
 .glue_7t       0x0000000008008868        0x0 linker stubs
 *(.eh_frame)
 .eh_frame      0x0000000008008868        0x0 c:/st/stm32cubeide_1.5.1/stm32cubeide/plugins/com.st.stm32cube.ide.mcu.externaltools.gnu-tools-for-stm32.7-2018-q2-update.win32_1.5.0.202011040924/tools/bin/../lib/gcc/arm-none-eabi/7.3.1/thumb/v7-m/crtbegin.o
 *(.init)
 .init          0x0000000008008868        0x4 c:/st/stm32cubeide_1.5.1/stm32cubeide/plugins/com.st.stm32cube.ide.mcu.externaltools.gnu-tools-for-stm32.7-2018-q2-update.win32_1.5.0.202011040924/tools/bin/../lib/gcc/arm-none-eabi/7.3.1/thumb/v7-m/crti.o
                0x0000000008008868                _init
 .init          0x000000000800886c        0x8 c:/st/stm32cubeide_1.5.1/stm32cubeide/plugins/com.st.stm32cube.ide.mcu.externaltools.gnu-tools-for-stm32.7-2018-q2-update.win32_1.5.0.202011040924/tools/bin/../lib/gcc/arm-none-eabi/7.3.1/thumb/v7-m/crtn.o
 *(.fini)
 .fini          0x0000000008008874        0x4 c:/st/stm32cubeide_1.5.1/stm32cubeide/plugins/com.st.stm32cube.ide.mcu.externaltools.gnu-tools-for-stm32.7-2018-q2-update.win32_1.5.0.202011040924/tools/bin/../lib/gcc/arm-none-eabi/7.3.1/thumb/v7-m/crti.o
                0x0000000008008874                _fini
 .fini          0x0000000008008878        0x8 c:/st/stm32cubeide_1.5.1/stm32cubeide/plugins/com.st.stm32cube.ide.mcu.externaltools.gnu-tools-for-stm32.7-2018-q2-update.win32_1.5.0.202011040924/tools/bin/../lib/gcc/arm-none-eabi/7.3.1/thumb/v7-m/crtn.o
                0x0000000008008880                . = ALIGN (0x4)
                0x0000000008008880                _etext = .

.vfp11_veneer   0x0000000008008880        0x0
 .vfp11_veneer  0x0000000008008880        0x0 linker stubs

.v4_bx          0x0000000008008880        0x0
 .v4_bx         0x0000000008008880        0x0 linker stubs

.iplt           0x0000000008008880        0x0
 .iplt          0x0000000008008880        0x0 c:/st/stm32cubeide_1.5.1/stm32cubeide/plugins/com.st.stm32cube.ide.mcu.externaltools.gnu-tools-for-stm32.7-2018-q2-update.win32_1.5.0.202011040924/tools/bin/../lib/gcc/arm-none-eabi/7.3.1/thumb/v7-m/crtbegin.o

.rodata         0x0000000008008880      0x338
                0x0000000008008880                . = ALIGN (0x4)
 *(.rodata)
 .rodata        0x0000000008008880       0x12 Drivers/STM32F1xx_HAL_Driver/Src/stm32f1xx_hal_rcc.o
 *(.rodata*)
 *fill*         0x0000000008008892        0x2 
 .rodata.rules  0x0000000008008894      0x194 Core/Src/SBR1_fis.o
 .rodata.theta_NB_p
                0x0000000008008a28       0x10 Core/Src/SBR1_fis.o
 .rodata.theta_NS_p
                0x0000000008008a38       0x10 Core/Src/SBR1_fis.o
 .rodata.theta_ZE_p
                0x0000000008008a48        0xc Core/Src/SBR1_fis.o
 .rodata.theta_PS_p
                0x0000000008008a54       0x10 Core/Src/SBR1_fis.o
 .rodata.theta_PB_p
                0x0000000008008a64       0x10 Core/Src/SBR1_fis.o
 .rodata.thetadot_NB_p
                0x0000000008008a74        0xc Core/Src/SBR1_fis.o
 .rodata.thetadot_NS_p
                0x0000000008008a80        0xc Core/Src/SBR1_fis.o
 .rodata.thetadot_ZE_p
                0x0000000008008a8c        0xc Core/Src/SBR1_fis.o
 .rodata.thetadot_PS_p
                0x0000000008008a98        0xc Core/Src/SBR1_fis.o
 .rodata.thetadot_PB_p
                0x0000000008008aa4        0xc Core/Src/SBR1_fis.o
 .rodata.u_NB_p
                0x0000000008008ab0        0x4 Core/Src/SBR1_fis.o
 .rodata.u_NM_p
                0x0000000008008ab4        0x4 Core/Src/SBR1_fis.o
 .rodata.u_NS_p
                0x0000000008008ab8        0x4 Core/Src/SBR1_fis.o
 .rodata.u_ZE_p
                0x0000000008008abc        0x4 Core/Src/SBR1_fis.o
 .rodata.u_PS_p
                0x0000000008008ac0        0x4 Core/Src/SBR1_fis.o
 .rodata.u_PM_p
                0x0000000008008ac4        0x4 Core/Src/SBR1_fis.o
 .rodata.u_PB_p
                0x0000000008008ac8        0x4 Core/Src/SBR1_fis.o
 .rodata.u_ab.4648
                0x0000000008008acc        0x8 Core/Src/qffmath.o
 .rodata.method.5267
                0x0000000008008ad4       0x14 Core/Src/qfis.o
 .rodata.fShape.5336
                0x0000000008008ae8       0x6c Core/Src/qfis.o
 .rodata.AHBPrescTable
                0x0000000008008b54       0x10 Core/Src/system_stm32f1xx.o
                0x0000000008008b54                AHBPrescTable
 .rodata.APBPrescTable
                0x0000000008008b64        0x8 Core/Src/system_stm32f1xx.o
                0x0000000008008b64                APBPrescTable
 *fill*         0x0000000008008b6c        0x4 
 .rodata.atanhi
                0x0000000008008b70       0x20 c:/st/stm32cubeide_1.5.1/stm32cubeide/plugins/com.st.stm32cube.ide.mcu.externaltools.gnu-tools-for-stm32.7-2018-q2-update.win32_1.5.0.202011040924/tools/bin/../lib/gcc/arm-none-eabi/7.3.1/../../../../arm-none-eabi/lib/thumb/v7-m\libm.a(lib_a-s_atan.o)
 .rodata.atanlo
                0x0000000008008b90       0x20 c:/st/stm32cubeide_1.5.1/stm32cubeide/plugins/com.st.stm32cube.ide.mcu.externaltools.gnu-tools-for-stm32.7-2018-q2-update.win32_1.5.0.202011040924/tools/bin/../lib/gcc/arm-none-eabi/7.3.1/../../../../arm-none-eabi/lib/thumb/v7-m\libm.a(lib_a-s_atan.o)
 .rodata.sqrt.str1.1
                0x0000000008008bb0        0x5 c:/st/stm32cubeide_1.5.1/stm32cubeide/plugins/com.st.stm32cube.ide.mcu.externaltools.gnu-tools-for-stm32.7-2018-q2-update.win32_1.5.0.202011040924/tools/bin/../lib/gcc/arm-none-eabi/7.3.1/../../../../arm-none-eabi/lib/thumb/v7-m\libm.a(lib_a-w_sqrt.o)
                0x0000000008008bb8                . = ALIGN (0x4)
 *fill*         0x0000000008008bb5        0x3 

.rel.dyn        0x0000000008008bb8        0x0
 .rel.iplt      0x0000000008008bb8        0x0 c:/st/stm32cubeide_1.5.1/stm32cubeide/plugins/com.st.stm32cube.ide.mcu.externaltools.gnu-tools-for-stm32.7-2018-q2-update.win32_1.5.0.202011040924/tools/bin/../lib/gcc/arm-none-eabi/7.3.1/thumb/v7-m/crtbegin.o

.ARM.extab      0x0000000008008bb8        0x0
                0x0000000008008bb8                . = ALIGN (0x4)
 *(.ARM.extab* .gnu.linkonce.armextab.*)
                0x0000000008008bb8                . = ALIGN (0x4)

.ARM            0x0000000008008bb8        0x0
                0x0000000008008bb8                . = ALIGN (0x4)
                0x0000000008008bb8                __exidx_start = .
 *(.ARM.exidx*)
                0x0000000008008bb8                __exidx_end = .
                0x0000000008008bb8                . = ALIGN (0x4)

.preinit_array  0x0000000008008bb8        0x0
                0x0000000008008bb8                . = ALIGN (0x4)
                0x0000000008008bb8                PROVIDE (__preinit_array_start = .)
 *(.preinit_array*)
                0x0000000008008bb8                PROVIDE (__preinit_array_end = .)
                0x0000000008008bb8                . = ALIGN (0x4)

.init_array     0x0000000008008bb8        0x4
                0x0000000008008bb8                . = ALIGN (0x4)
                0x0000000008008bb8                PROVIDE (__init_array_start = .)
 *(SORT_BY_NAME(.init_array.*))
 *(.init_array*)
 .init_array    0x0000000008008bb8        0x4 c:/st/stm32cubeide_1.5.1/stm32cubeide/plugins/com.st.stm32cube.ide.mcu.externaltools.gnu-tools-for-stm32.7-2018-q2-update.win32_1.5.0.202011040924/tools/bin/../lib/gcc/arm-none-eabi/7.3.1/thumb/v7-m/crtbegin.o
                0x0000000008008bbc                PROVIDE (__init_array_end = .)
                0x0000000008008bbc                . = ALIGN (0x4)

.fini_array     0x0000000008008bbc        0x4
                0x0000000008008bbc                . = ALIGN (0x4)
                [!provide]                        PROVIDE (__fini_array_start = .)
 *(SORT_BY_NAME(.fini_array.*))
 *(.fini_array*)
 .fini_array    0x0000000008008bbc        0x4 c:/st/stm32cubeide_1.5.1/stm32cubeide/plugins/com.st.stm32cube.ide.mcu.externaltools.gnu-tools-for-stm32.7-2018-q2-update.win32_1.5.0.202011040924/tools/bin/../lib/gcc/arm-none-eabi/7.3.1/thumb/v7-m/crtbegin.o
                [!provide]                        PROVIDE (__fini_array_end = .)
                0x0000000008008bc0                . = ALIGN (0x4)
                0x0000000008008bc0                _sidata = LOADADDR (.data)

.data           0x0000000020000000      0x120 load address 0x0000000008008bc0
                0x0000000020000000                . = ALIGN (0x4)
                0x0000000020000000                _sdata = .
 *(.data)
 *(.data*)
 .data.t_fuzzy  0x0000000020000000       0x14 Core/Src/main.o
                0x0000000020000000                t_fuzzy
 *fill*         0x0000000020000014        0x4 
 .data.KalmanX  0x0000000020000018       0x48 Core/Src/mpu6050.o
                0x0000000020000018                KalmanX
 .data.KalmanY  0x0000000020000060       0x48 Core/Src/mpu6050.o
                0x0000000020000060                KalmanY
 .data.init.4650
                0x00000000200000a8        0x1 Core/Src/qffmath.o
 *fill*         0x00000000200000a9        0x3 
 .data.SystemCoreClock
                0x00000000200000ac        0x4 Core/Src/system_stm32f1xx.o
                0x00000000200000ac                SystemCoreClock
 .data.uwTickPrio
                0x00000000200000b0        0x4 Drivers/STM32F1xx_HAL_Driver/Src/stm32f1xx_hal.o
                0x00000000200000b0                uwTickPrio
 .data.uwTickFreq
                0x00000000200000b4        0x1 Drivers/STM32F1xx_HAL_Driver/Src/stm32f1xx_hal.o
                0x00000000200000b4                uwTickFreq
 *fill*         0x00000000200000b5        0x3 
 .data._impure_ptr
                0x00000000200000b8        0x4 c:/st/stm32cubeide_1.5.1/stm32cubeide/plugins/com.st.stm32cube.ide.mcu.externaltools.gnu-tools-for-stm32.7-2018-q2-update.win32_1.5.0.202011040924/tools/bin/../lib/gcc/arm-none-eabi/7.3.1/../../../../arm-none-eabi/lib/thumb/v7-m\libc_nano.a(lib_a-impure.o)
                0x00000000200000b8                _impure_ptr
 .data.impure_data
                0x00000000200000bc       0x60 c:/st/stm32cubeide_1.5.1/stm32cubeide/plugins/com.st.stm32cube.ide.mcu.externaltools.gnu-tools-for-stm32.7-2018-q2-update.win32_1.5.0.202011040924/tools/bin/../lib/gcc/arm-none-eabi/7.3.1/../../../../arm-none-eabi/lib/thumb/v7-m\libc_nano.a(lib_a-impure.o)
 .data.__fdlib_version
                0x000000002000011c        0x1 c:/st/stm32cubeide_1.5.1/stm32cubeide/plugins/com.st.stm32cube.ide.mcu.externaltools.gnu-tools-for-stm32.7-2018-q2-update.win32_1.5.0.202011040924/tools/bin/../lib/gcc/arm-none-eabi/7.3.1/../../../../arm-none-eabi/lib/thumb/v7-m\libm.a(lib_a-s_lib_ver.o)
                0x000000002000011c                __fdlib_version
 *(.RamFunc)
 *(.RamFunc*)
                0x0000000020000120                . = ALIGN (0x4)
 *fill*         0x000000002000011d        0x3 
                0x0000000020000120                _edata = .

.igot.plt       0x0000000020000120        0x0 load address 0x0000000008008ce0
 .igot.plt      0x0000000020000120        0x0 c:/st/stm32cubeide_1.5.1/stm32cubeide/plugins/com.st.stm32cube.ide.mcu.externaltools.gnu-tools-for-stm32.7-2018-q2-update.win32_1.5.0.202011040924/tools/bin/../lib/gcc/arm-none-eabi/7.3.1/thumb/v7-m/crtbegin.o
                0x0000000020000120                . = ALIGN (0x4)

.bss            0x0000000020000120      0x470 load address 0x0000000008008ce0
                0x0000000020000120                _sbss = .
                0x0000000020000120                __bss_start__ = _sbss
 *(.bss)
 .bss           0x0000000020000120       0x1c c:/st/stm32cubeide_1.5.1/stm32cubeide/plugins/com.st.stm32cube.ide.mcu.externaltools.gnu-tools-for-stm32.7-2018-q2-update.win32_1.5.0.202011040924/tools/bin/../lib/gcc/arm-none-eabi/7.3.1/thumb/v7-m/crtbegin.o
 *(.bss*)
 .bss.SBR1      0x000000002000013c       0x60 Core/Src/SBR1_fis.o
 .bss.SBR1_inputs
                0x000000002000019c       0x18 Core/Src/SBR1_fis.o
 .bss.SBR1_outputs
                0x00000000200001b4       0x34 Core/Src/SBR1_fis.o
 .bss.MFin      0x00000000200001e8       0xc8 Core/Src/SBR1_fis.o
 .bss.MFout     0x00000000200002b0       0x8c Core/Src/SBR1_fis.o
 .bss.rStrength
                0x000000002000033c       0x64 Core/Src/SBR1_fis.o
                0x000000002000033c                rStrength
 .bss.u8_flag_10ms
                0x00000000200003a0        0x1 Core/Src/main.o
                0x00000000200003a0                u8_flag_10ms
 *fill*         0x00000000200003a1        0x3 
 .bss.f_ab.4649
                0x00000000200003a4        0x8 Core/Src/qffmath.o
 *(COMMON)
 *fill*         0x00000000200003ac        0x4 
 COMMON         0x00000000200003b0      0x1d8 Core/Src/main.o
                0x00000000200003b0                u8_rx_data
                0x00000000200003b4                htim4
                0x00000000200003fc                hi2c1
                0x0000000020000450                htim3
                0x0000000020000498                t_MPU6050
                0x00000000200004f0                huart1
                0x0000000020000538                d_angle
                0x0000000020000540                htim1
 COMMON         0x0000000020000588        0x4 Core/Src/mpu6050.o
                0x0000000020000588                timer
 COMMON         0x000000002000058c        0x4 Drivers/STM32F1xx_HAL_Driver/Src/stm32f1xx_hal.o
                0x000000002000058c                uwTick
                0x0000000020000590                . = ALIGN (0x4)
                0x0000000020000590                _ebss = .
                0x0000000020000590                __bss_end__ = _ebss

._user_heap_stack
                0x0000000020000590      0x600 load address 0x0000000008008ce0
                0x0000000020000590                . = ALIGN (0x8)
                [!provide]                        PROVIDE (end = .)
                0x0000000020000590                PROVIDE (_end = .)
                0x0000000020000790                . = (. + _Min_Heap_Size)
 *fill*         0x0000000020000590      0x200 
                0x0000000020000b90                . = (. + _Min_Stack_Size)
 *fill*         0x0000000020000790      0x400 
                0x0000000020000b90                . = ALIGN (0x8)

/DISCARD/
 libc.a(*)
 libm.a(*)
 libgcc.a(*)

.ARM.attributes
                0x0000000000000000       0x29
 *(.ARM.attributes)
 .ARM.attributes
                0x0000000000000000       0x1d c:/st/stm32cubeide_1.5.1/stm32cubeide/plugins/com.st.stm32cube.ide.mcu.externaltools.gnu-tools-for-stm32.7-2018-q2-update.win32_1.5.0.202011040924/tools/bin/../lib/gcc/arm-none-eabi/7.3.1/thumb/v7-m/crti.o
 .ARM.attributes
                0x000000000000001d       0x2d c:/st/stm32cubeide_1.5.1/stm32cubeide/plugins/com.st.stm32cube.ide.mcu.externaltools.gnu-tools-for-stm32.7-2018-q2-update.win32_1.5.0.202011040924/tools/bin/../lib/gcc/arm-none-eabi/7.3.1/thumb/v7-m/crtbegin.o
 .ARM.attributes
                0x000000000000004a       0x33 Core/Src/SBR1_fis.o
 .ARM.attributes
                0x000000000000007d       0x33 Core/Src/main.o
 .ARM.attributes
                0x00000000000000b0       0x33 Core/Src/motor.o
 .ARM.attributes
                0x00000000000000e3       0x33 Core/Src/mpu6050.o
 .ARM.attributes
                0x0000000000000116       0x33 Core/Src/qffmath.o
 .ARM.attributes
                0x0000000000000149       0x33 Core/Src/qfis.o
 .ARM.attributes
                0x000000000000017c       0x33 Core/Src/qfmathex.o
 .ARM.attributes
                0x00000000000001af       0x33 Core/Src/stm32f1xx_hal_msp.o
 .ARM.attributes
                0x00000000000001e2       0x33 Core/Src/stm32f1xx_it.o
 .ARM.attributes
                0x0000000000000215       0x33 Core/Src/system_stm32f1xx.o
 .ARM.attributes
                0x0000000000000248       0x21 Core/Startup/startup_stm32f103c8tx.o
 .ARM.attributes
                0x0000000000000269       0x33 Drivers/STM32F1xx_HAL_Driver/Src/stm32f1xx_hal.o
 .ARM.attributes
                0x000000000000029c       0x33 Drivers/STM32F1xx_HAL_Driver/Src/stm32f1xx_hal_cortex.o
 .ARM.attributes
                0x00000000000002cf       0x33 Drivers/STM32F1xx_HAL_Driver/Src/stm32f1xx_hal_dma.o
 .ARM.attributes
                0x0000000000000302       0x33 Drivers/STM32F1xx_HAL_Driver/Src/stm32f1xx_hal_gpio.o
 .ARM.attributes
                0x0000000000000335       0x33 Drivers/STM32F1xx_HAL_Driver/Src/stm32f1xx_hal_i2c.o
 .ARM.attributes
                0x0000000000000368       0x33 Drivers/STM32F1xx_HAL_Driver/Src/stm32f1xx_hal_rcc.o
 .ARM.attributes
                0x000000000000039b       0x33 Drivers/STM32F1xx_HAL_Driver/Src/stm32f1xx_hal_tim.o
 .ARM.attributes
                0x00000000000003ce       0x33 Drivers/STM32F1xx_HAL_Driver/Src/stm32f1xx_hal_tim_ex.o
 .ARM.attributes
                0x0000000000000401       0x33 Drivers/STM32F1xx_HAL_Driver/Src/stm32f1xx_hal_uart.o
 .ARM.attributes
                0x0000000000000434       0x2d c:/st/stm32cubeide_1.5.1/stm32cubeide/plugins/com.st.stm32cube.ide.mcu.externaltools.gnu-tools-for-stm32.7-2018-q2-update.win32_1.5.0.202011040924/tools/bin/../lib/gcc/arm-none-eabi/7.3.1/../../../../arm-none-eabi/lib/thumb/v7-m\libc_nano.a(lib_a-errno.o)
 .ARM.attributes
                0x0000000000000461       0x2d c:/st/stm32cubeide_1.5.1/stm32cubeide/plugins/com.st.stm32cube.ide.mcu.externaltools.gnu-tools-for-stm32.7-2018-q2-update.win32_1.5.0.202011040924/tools/bin/../lib/gcc/arm-none-eabi/7.3.1/../../../../arm-none-eabi/lib/thumb/v7-m\libc_nano.a(lib_a-impure.o)
 .ARM.attributes
                0x000000000000048e       0x2d c:/st/stm32cubeide_1.5.1/stm32cubeide/plugins/com.st.stm32cube.ide.mcu.externaltools.gnu-tools-for-stm32.7-2018-q2-update.win32_1.5.0.202011040924/tools/bin/../lib/gcc/arm-none-eabi/7.3.1/../../../../arm-none-eabi/lib/thumb/v7-m\libc_nano.a(lib_a-init.o)
 .ARM.attributes
                0x00000000000004bb       0x2d c:/st/stm32cubeide_1.5.1/stm32cubeide/plugins/com.st.stm32cube.ide.mcu.externaltools.gnu-tools-for-stm32.7-2018-q2-update.win32_1.5.0.202011040924/tools/bin/../lib/gcc/arm-none-eabi/7.3.1/../../../../arm-none-eabi/lib/thumb/v7-m\libc_nano.a(lib_a-memset.o)
 .ARM.attributes
                0x00000000000004e8       0x2d c:/st/stm32cubeide_1.5.1/stm32cubeide/plugins/com.st.stm32cube.ide.mcu.externaltools.gnu-tools-for-stm32.7-2018-q2-update.win32_1.5.0.202011040924/tools/bin/../lib/gcc/arm-none-eabi/7.3.1/../../../../arm-none-eabi/lib/thumb/v7-m\libm.a(lib_a-s_atan.o)
 .ARM.attributes
                0x0000000000000515       0x2d c:/st/stm32cubeide_1.5.1/stm32cubeide/plugins/com.st.stm32cube.ide.mcu.externaltools.gnu-tools-for-stm32.7-2018-q2-update.win32_1.5.0.202011040924/tools/bin/../lib/gcc/arm-none-eabi/7.3.1/../../../../arm-none-eabi/lib/thumb/v7-m\libm.a(lib_a-s_fabs.o)
 .ARM.attributes
                0x0000000000000542       0x2d c:/st/stm32cubeide_1.5.1/stm32cubeide/plugins/com.st.stm32cube.ide.mcu.externaltools.gnu-tools-for-stm32.7-2018-q2-update.win32_1.5.0.202011040924/tools/bin/../lib/gcc/arm-none-eabi/7.3.1/../../../../arm-none-eabi/lib/thumb/v7-m\libm.a(lib_a-w_atan2.o)
 .ARM.attributes
                0x000000000000056f       0x2d c:/st/stm32cubeide_1.5.1/stm32cubeide/plugins/com.st.stm32cube.ide.mcu.externaltools.gnu-tools-for-stm32.7-2018-q2-update.win32_1.5.0.202011040924/tools/bin/../lib/gcc/arm-none-eabi/7.3.1/../../../../arm-none-eabi/lib/thumb/v7-m\libm.a(lib_a-w_sqrt.o)
 .ARM.attributes
                0x000000000000059c       0x2d c:/st/stm32cubeide_1.5.1/stm32cubeide/plugins/com.st.stm32cube.ide.mcu.externaltools.gnu-tools-for-stm32.7-2018-q2-update.win32_1.5.0.202011040924/tools/bin/../lib/gcc/arm-none-eabi/7.3.1/../../../../arm-none-eabi/lib/thumb/v7-m\libm.a(lib_a-e_atan2.o)
 .ARM.attributes
                0x00000000000005c9       0x2d c:/st/stm32cubeide_1.5.1/stm32cubeide/plugins/com.st.stm32cube.ide.mcu.externaltools.gnu-tools-for-stm32.7-2018-q2-update.win32_1.5.0.202011040924/tools/bin/../lib/gcc/arm-none-eabi/7.3.1/../../../../arm-none-eabi/lib/thumb/v7-m\libm.a(lib_a-e_sqrt.o)
 .ARM.attributes
                0x00000000000005f6       0x2d c:/st/stm32cubeide_1.5.1/stm32cubeide/plugins/com.st.stm32cube.ide.mcu.externaltools.gnu-tools-for-stm32.7-2018-q2-update.win32_1.5.0.202011040924/tools/bin/../lib/gcc/arm-none-eabi/7.3.1/../../../../arm-none-eabi/lib/thumb/v7-m\libm.a(lib_a-s_lib_ver.o)
 .ARM.attributes
                0x0000000000000623       0x2d c:/st/stm32cubeide_1.5.1/stm32cubeide/plugins/com.st.stm32cube.ide.mcu.externaltools.gnu-tools-for-stm32.7-2018-q2-update.win32_1.5.0.202011040924/tools/bin/../lib/gcc/arm-none-eabi/7.3.1/../../../../arm-none-eabi/lib/thumb/v7-m\libm.a(lib_a-s_matherr.o)
 .ARM.attributes
                0x0000000000000650       0x1d c:/st/stm32cubeide_1.5.1/stm32cubeide/plugins/com.st.stm32cube.ide.mcu.externaltools.gnu-tools-for-stm32.7-2018-q2-update.win32_1.5.0.202011040924/tools/bin/../lib/gcc/arm-none-eabi/7.3.1/thumb/v7-m\libgcc.a(_arm_addsubdf3.o)
 .ARM.attributes
                0x000000000000066d       0x1d c:/st/stm32cubeide_1.5.1/stm32cubeide/plugins/com.st.stm32cube.ide.mcu.externaltools.gnu-tools-for-stm32.7-2018-q2-update.win32_1.5.0.202011040924/tools/bin/../lib/gcc/arm-none-eabi/7.3.1/thumb/v7-m\libgcc.a(_arm_muldivdf3.o)
 .ARM.attributes
                0x000000000000068a       0x1d c:/st/stm32cubeide_1.5.1/stm32cubeide/plugins/com.st.stm32cube.ide.mcu.externaltools.gnu-tools-for-stm32.7-2018-q2-update.win32_1.5.0.202011040924/tools/bin/../lib/gcc/arm-none-eabi/7.3.1/thumb/v7-m\libgcc.a(_arm_cmpdf2.o)
 .ARM.attributes
                0x00000000000006a7       0x1d c:/st/stm32cubeide_1.5.1/stm32cubeide/plugins/com.st.stm32cube.ide.mcu.externaltools.gnu-tools-for-stm32.7-2018-q2-update.win32_1.5.0.202011040924/tools/bin/../lib/gcc/arm-none-eabi/7.3.1/thumb/v7-m\libgcc.a(_arm_unorddf2.o)
 .ARM.attributes
                0x00000000000006c4       0x1d c:/st/stm32cubeide_1.5.1/stm32cubeide/plugins/com.st.stm32cube.ide.mcu.externaltools.gnu-tools-for-stm32.7-2018-q2-update.win32_1.5.0.202011040924/tools/bin/../lib/gcc/arm-none-eabi/7.3.1/thumb/v7-m\libgcc.a(_arm_truncdfsf2.o)
 .ARM.attributes
                0x00000000000006e1       0x1d c:/st/stm32cubeide_1.5.1/stm32cubeide/plugins/com.st.stm32cube.ide.mcu.externaltools.gnu-tools-for-stm32.7-2018-q2-update.win32_1.5.0.202011040924/tools/bin/../lib/gcc/arm-none-eabi/7.3.1/thumb/v7-m\libgcc.a(_arm_addsubsf3.o)
 .ARM.attributes
                0x00000000000006fe       0x1d c:/st/stm32cubeide_1.5.1/stm32cubeide/plugins/com.st.stm32cube.ide.mcu.externaltools.gnu-tools-for-stm32.7-2018-q2-update.win32_1.5.0.202011040924/tools/bin/../lib/gcc/arm-none-eabi/7.3.1/thumb/v7-m\libgcc.a(_arm_muldivsf3.o)
 .ARM.attributes
                0x000000000000071b       0x1d c:/st/stm32cubeide_1.5.1/stm32cubeide/plugins/com.st.stm32cube.ide.mcu.externaltools.gnu-tools-for-stm32.7-2018-q2-update.win32_1.5.0.202011040924/tools/bin/../lib/gcc/arm-none-eabi/7.3.1/thumb/v7-m\libgcc.a(_arm_cmpsf2.o)
 .ARM.attributes
                0x0000000000000738       0x1d c:/st/stm32cubeide_1.5.1/stm32cubeide/plugins/com.st.stm32cube.ide.mcu.externaltools.gnu-tools-for-stm32.7-2018-q2-update.win32_1.5.0.202011040924/tools/bin/../lib/gcc/arm-none-eabi/7.3.1/thumb/v7-m\libgcc.a(_arm_fixunssfsi.o)
 .ARM.attributes
                0x0000000000000755       0x1d c:/st/stm32cubeide_1.5.1/stm32cubeide/plugins/com.st.stm32cube.ide.mcu.externaltools.gnu-tools-for-stm32.7-2018-q2-update.win32_1.5.0.202011040924/tools/bin/../lib/gcc/arm-none-eabi/7.3.1/thumb/v7-m/crtn.o
OUTPUT(Self_Balancing_Robot.elf elf32-littlearm)

.debug_info     0x0000000000000000    0x13fb3
 .debug_info    0x0000000000000000     0x1097 Core/Src/SBR1_fis.o
 .debug_info    0x0000000000001097     0x1299 Core/Src/main.o
 .debug_info    0x0000000000002330      0x832 Core/Src/motor.o
 .debug_info    0x0000000000002b62     0x129e Core/Src/mpu6050.o
 .debug_info    0x0000000000003e00     0x13e8 Core/Src/qffmath.o
 .debug_info    0x00000000000051e8     0x2622 Core/Src/qfis.o
 .debug_info    0x000000000000780a      0xb75 Core/Src/qfmathex.o
 .debug_info    0x000000000000837f     0x113b Core/Src/stm32f1xx_hal_msp.o
 .debug_info    0x00000000000094ba      0x987 Core/Src/stm32f1xx_it.o
 .debug_info    0x0000000000009e41      0x29a Core/Src/system_stm32f1xx.o
 .debug_info    0x000000000000a0db       0x22 Core/Startup/startup_stm32f103c8tx.o
 .debug_info    0x000000000000a0fd      0x714 Drivers/STM32F1xx_HAL_Driver/Src/stm32f1xx_hal.o
 .debug_info    0x000000000000a811      0xb51 Drivers/STM32F1xx_HAL_Driver/Src/stm32f1xx_hal_cortex.o
 .debug_info    0x000000000000b362      0x7b1 Drivers/STM32F1xx_HAL_Driver/Src/stm32f1xx_hal_dma.o
 .debug_info    0x000000000000bb13      0x69b Drivers/STM32F1xx_HAL_Driver/Src/stm32f1xx_hal_gpio.o
 .debug_info    0x000000000000c1ae     0x256e Drivers/STM32F1xx_HAL_Driver/Src/stm32f1xx_hal_i2c.o
 .debug_info    0x000000000000e71c      0x80f Drivers/STM32F1xx_HAL_Driver/Src/stm32f1xx_hal_rcc.o
 .debug_info    0x000000000000ef2b     0x27f1 Drivers/STM32F1xx_HAL_Driver/Src/stm32f1xx_hal_tim.o
 .debug_info    0x000000000001171c     0x13ab Drivers/STM32F1xx_HAL_Driver/Src/stm32f1xx_hal_tim_ex.o
 .debug_info    0x0000000000012ac7     0x14ec Drivers/STM32F1xx_HAL_Driver/Src/stm32f1xx_hal_uart.o

.debug_abbrev   0x0000000000000000     0x276c
 .debug_abbrev  0x0000000000000000      0x1e0 Core/Src/SBR1_fis.o
 .debug_abbrev  0x00000000000001e0      0x255 Core/Src/main.o
 .debug_abbrev  0x0000000000000435      0x1a6 Core/Src/motor.o
 .debug_abbrev  0x00000000000005db      0x243 Core/Src/mpu6050.o
 .debug_abbrev  0x000000000000081e      0x225 Core/Src/qffmath.o
 .debug_abbrev  0x0000000000000a43      0x2e8 Core/Src/qfis.o
 .debug_abbrev  0x0000000000000d2b      0x1d7 Core/Src/qfmathex.o
 .debug_abbrev  0x0000000000000f02      0x212 Core/Src/stm32f1xx_hal_msp.o
 .debug_abbrev  0x0000000000001114      0x15a Core/Src/stm32f1xx_it.o
 .debug_abbrev  0x000000000000126e      0x134 Core/Src/system_stm32f1xx.o
 .debug_abbrev  0x00000000000013a2       0x12 Core/Startup/startup_stm32f103c8tx.o
 .debug_abbrev  0x00000000000013b4      0x1c7 Drivers/STM32F1xx_HAL_Driver/Src/stm32f1xx_hal.o
 .debug_abbrev  0x000000000000157b      0x2d5 Drivers/STM32F1xx_HAL_Driver/Src/stm32f1xx_hal_cortex.o
 .debug_abbrev  0x0000000000001850      0x1fe Drivers/STM32F1xx_HAL_Driver/Src/stm32f1xx_hal_dma.o
 .debug_abbrev  0x0000000000001a4e      0x1c0 Drivers/STM32F1xx_HAL_Driver/Src/stm32f1xx_hal_gpio.o
 .debug_abbrev  0x0000000000001c0e      0x258 Drivers/STM32F1xx_HAL_Driver/Src/stm32f1xx_hal_i2c.o
 .debug_abbrev  0x0000000000001e66      0x243 Drivers/STM32F1xx_HAL_Driver/Src/stm32f1xx_hal_rcc.o
 .debug_abbrev  0x00000000000020a9      0x230 Drivers/STM32F1xx_HAL_Driver/Src/stm32f1xx_hal_tim.o
 .debug_abbrev  0x00000000000022d9      0x236 Drivers/STM32F1xx_HAL_Driver/Src/stm32f1xx_hal_tim_ex.o
 .debug_abbrev  0x000000000000250f      0x25d Drivers/STM32F1xx_HAL_Driver/Src/stm32f1xx_hal_uart.o

.debug_aranges  0x0000000000000000     0x1360
 .debug_aranges
                0x0000000000000000       0x28 Core/Src/SBR1_fis.o
 .debug_aranges
                0x0000000000000028       0x70 Core/Src/main.o
 .debug_aranges
                0x0000000000000098       0x50 Core/Src/motor.o
 .debug_aranges
                0x00000000000000e8       0x48 Core/Src/mpu6050.o
 .debug_aranges
                0x0000000000000130      0x190 Core/Src/qffmath.o
 .debug_aranges
                0x00000000000002c0      0x208 Core/Src/qfis.o
 .debug_aranges
                0x00000000000004c8       0x50 Core/Src/qfmathex.o
 .debug_aranges
                0x0000000000000518       0x68 Core/Src/stm32f1xx_hal_msp.o
 .debug_aranges
                0x0000000000000580       0x70 Core/Src/stm32f1xx_it.o
 .debug_aranges
                0x00000000000005f0       0x28 Core/Src/system_stm32f1xx.o
 .debug_aranges
                0x0000000000000618       0x28 Core/Startup/startup_stm32f103c8tx.o
 .debug_aranges
                0x0000000000000640       0xe0 Drivers/STM32F1xx_HAL_Driver/Src/stm32f1xx_hal.o
 .debug_aranges
                0x0000000000000720      0x100 Drivers/STM32F1xx_HAL_Driver/Src/stm32f1xx_hal_cortex.o
 .debug_aranges
                0x0000000000000820       0x80 Drivers/STM32F1xx_HAL_Driver/Src/stm32f1xx_hal_dma.o
 .debug_aranges
                0x00000000000008a0       0x58 Drivers/STM32F1xx_HAL_Driver/Src/stm32f1xx_hal_gpio.o
 .debug_aranges
                0x00000000000008f8      0x2a0 Drivers/STM32F1xx_HAL_Driver/Src/stm32f1xx_hal_i2c.o
 .debug_aranges
                0x0000000000000b98       0x90 Drivers/STM32F1xx_HAL_Driver/Src/stm32f1xx_hal_rcc.o
 .debug_aranges
                0x0000000000000c28      0x3d0 Drivers/STM32F1xx_HAL_Driver/Src/stm32f1xx_hal_tim.o
 .debug_aranges
                0x0000000000000ff8      0x168 Drivers/STM32F1xx_HAL_Driver/Src/stm32f1xx_hal_tim_ex.o
 .debug_aranges
                0x0000000000001160      0x200 Drivers/STM32F1xx_HAL_Driver/Src/stm32f1xx_hal_uart.o

.debug_ranges   0x0000000000000000     0x1298
 .debug_ranges  0x0000000000000000       0x18 Core/Src/SBR1_fis.o
 .debug_ranges  0x0000000000000018       0x60 Core/Src/main.o
 .debug_ranges  0x0000000000000078       0x40 Core/Src/motor.o
 .debug_ranges  0x00000000000000b8       0x38 Core/Src/mpu6050.o
 .debug_ranges  0x00000000000000f0      0x180 Core/Src/qffmath.o
 .debug_ranges  0x0000000000000270      0x210 Core/Src/qfis.o
 .debug_ranges  0x0000000000000480       0x40 Core/Src/qfmathex.o
 .debug_ranges  0x00000000000004c0       0x58 Core/Src/stm32f1xx_hal_msp.o
 .debug_ranges  0x0000000000000518       0x60 Core/Src/stm32f1xx_it.o
 .debug_ranges  0x0000000000000578       0x18 Core/Src/system_stm32f1xx.o
 .debug_ranges  0x0000000000000590       0x20 Core/Startup/startup_stm32f103c8tx.o
 .debug_ranges  0x00000000000005b0       0xd0 Drivers/STM32F1xx_HAL_Driver/Src/stm32f1xx_hal.o
 .debug_ranges  0x0000000000000680       0xf0 Drivers/STM32F1xx_HAL_Driver/Src/stm32f1xx_hal_cortex.o
 .debug_ranges  0x0000000000000770       0x70 Drivers/STM32F1xx_HAL_Driver/Src/stm32f1xx_hal_dma.o
 .debug_ranges  0x00000000000007e0       0x48 Drivers/STM32F1xx_HAL_Driver/Src/stm32f1xx_hal_gpio.o
 .debug_ranges  0x0000000000000828      0x2b8 Drivers/STM32F1xx_HAL_Driver/Src/stm32f1xx_hal_i2c.o
 .debug_ranges  0x0000000000000ae0       0x80 Drivers/STM32F1xx_HAL_Driver/Src/stm32f1xx_hal_rcc.o
 .debug_ranges  0x0000000000000b60      0x3c0 Drivers/STM32F1xx_HAL_Driver/Src/stm32f1xx_hal_tim.o
 .debug_ranges  0x0000000000000f20      0x158 Drivers/STM32F1xx_HAL_Driver/Src/stm32f1xx_hal_tim_ex.o
 .debug_ranges  0x0000000000001078      0x220 Drivers/STM32F1xx_HAL_Driver/Src/stm32f1xx_hal_uart.o

.debug_macro    0x0000000000000000    0x18da3
 .debug_macro   0x0000000000000000      0x167 Core/Src/SBR1_fis.o
 .debug_macro   0x0000000000000167      0xa5a Core/Src/SBR1_fis.o
 .debug_macro   0x0000000000000bc1       0x18 Core/Src/SBR1_fis.o
 .debug_macro   0x0000000000000bd9       0x22 Core/Src/SBR1_fis.o
 .debug_macro   0x0000000000000bfb       0x40 Core/Src/SBR1_fis.o
 .debug_macro   0x0000000000000c3b       0x94 Core/Src/SBR1_fis.o
 .debug_macro   0x0000000000000ccf       0x3c Core/Src/SBR1_fis.o
 .debug_macro   0x0000000000000d0b       0x34 Core/Src/SBR1_fis.o
 .debug_macro   0x0000000000000d3f       0x16 Core/Src/SBR1_fis.o
 .debug_macro   0x0000000000000d55      0x10e Core/Src/SBR1_fis.o
 .debug_macro   0x0000000000000e63       0x8d Core/Src/SBR1_fis.o
 .debug_macro   0x0000000000000ef0       0x57 Core/Src/SBR1_fis.o
 .debug_macro   0x0000000000000f47       0x52 Core/Src/SBR1_fis.o
 .debug_macro   0x0000000000000f99       0x1f Core/Src/SBR1_fis.o
 .debug_macro   0x0000000000000fb8       0x43 Core/Src/SBR1_fis.o
 .debug_macro   0x0000000000000ffb       0x20 Core/Src/SBR1_fis.o
 .debug_macro   0x000000000000101b      0x1a3 Core/Src/SBR1_fis.o
 .debug_macro   0x00000000000011be      0x330 Core/Src/SBR1_fis.o
 .debug_macro   0x00000000000014ee       0x16 Core/Src/SBR1_fis.o
 .debug_macro   0x0000000000001504       0x29 Core/Src/SBR1_fis.o
 .debug_macro   0x000000000000152d       0xef Core/Src/SBR1_fis.o
 .debug_macro   0x000000000000161c       0x6a Core/Src/SBR1_fis.o
 .debug_macro   0x0000000000001686      0x1df Core/Src/SBR1_fis.o
 .debug_macro   0x0000000000001865       0x2b Core/Src/SBR1_fis.o
 .debug_macro   0x0000000000001890      0x118 Core/Src/SBR1_fis.o
 .debug_macro   0x00000000000019a8       0x90 Core/Src/SBR1_fis.o
 .debug_macro   0x0000000000001a38      0x1e4 Core/Src/main.o
 .debug_macro   0x0000000000001c1c      0x221 Core/Src/main.o
 .debug_macro   0x0000000000001e3d       0x2e Core/Src/main.o
 .debug_macro   0x0000000000001e6b       0x22 Core/Src/main.o
 .debug_macro   0x0000000000001e8d       0x8e Core/Src/main.o
 .debug_macro   0x0000000000001f1b       0x51 Core/Src/main.o
 .debug_macro   0x0000000000001f6c       0x1c Core/Src/main.o
 .debug_macro   0x0000000000001f88       0x22 Core/Src/main.o
 .debug_macro   0x0000000000001faa       0xc3 Core/Src/main.o
 .debug_macro   0x000000000000206d      0xd23 Core/Src/main.o
 .debug_macro   0x0000000000002d90     0xe09e Core/Src/main.o
 .debug_macro   0x0000000000010e2e       0x6d Core/Src/main.o
 .debug_macro   0x0000000000010e9b     0x3468 Core/Src/main.o
 .debug_macro   0x0000000000014303      0x174 Core/Src/main.o
 .debug_macro   0x0000000000014477       0x5c Core/Src/main.o
 .debug_macro   0x00000000000144d3      0x5be Core/Src/main.o
 .debug_macro   0x0000000000014a91      0x289 Core/Src/main.o
 .debug_macro   0x0000000000014d1a      0x1cb Core/Src/main.o
 .debug_macro   0x0000000000014ee5      0x114 Core/Src/main.o
 .debug_macro   0x0000000000014ff9      0x1b2 Core/Src/main.o
 .debug_macro   0x00000000000151ab       0x27 Core/Src/main.o
 .debug_macro   0x00000000000151d2      0x136 Core/Src/main.o
 .debug_macro   0x0000000000015308      0x1bc Core/Src/main.o
 .debug_macro   0x00000000000154c4       0x34 Core/Src/main.o
 .debug_macro   0x00000000000154f8       0x3c Core/Src/main.o
 .debug_macro   0x0000000000015534       0x57 Core/Src/main.o
 .debug_macro   0x000000000001558b       0x88 Core/Src/main.o
 .debug_macro   0x0000000000015613      0x241 Core/Src/main.o
 .debug_macro   0x0000000000015854      0x287 Core/Src/main.o
 .debug_macro   0x0000000000015adb      0x141 Core/Src/main.o
 .debug_macro   0x0000000000015c1c      0x8d1 Core/Src/main.o
 .debug_macro   0x00000000000164ed      0x279 Core/Src/main.o
 .debug_macro   0x0000000000016766       0x83 Core/Src/main.o
 .debug_macro   0x00000000000167e9       0x3a Core/Src/main.o
 .debug_macro   0x0000000000016823      0x1d0 Core/Src/motor.o
 .debug_macro   0x00000000000169f3      0x295 Core/Src/mpu6050.o
 .debug_macro   0x0000000000016c88      0x1e1 Core/Src/mpu6050.o
 .debug_macro   0x0000000000016e69       0xbd Core/Src/mpu6050.o
 .debug_macro   0x0000000000016f26       0x56 Core/Src/mpu6050.o
 .debug_macro   0x0000000000016f7c      0x150 Core/Src/qffmath.o
 .debug_macro   0x00000000000170cc       0x22 Core/Src/qffmath.o
 .debug_macro   0x00000000000170ee       0xd0 Core/Src/qffmath.o
 .debug_macro   0x00000000000171be       0x46 Core/Src/qffmath.o
 .debug_macro   0x0000000000017204       0x10 Core/Src/qffmath.o
 .debug_macro   0x0000000000017214       0x35 Core/Src/qffmath.o
 .debug_macro   0x0000000000017249       0x20 Core/Src/qffmath.o
 .debug_macro   0x0000000000017269      0x201 Core/Src/qffmath.o
 .debug_macro   0x000000000001746a      0x180 Core/Src/qfis.o
 .debug_macro   0x00000000000175ea       0xd6 Core/Src/qfis.o
 .debug_macro   0x00000000000176c0      0x1a9 Core/Src/qfmathex.o
 .debug_macro   0x0000000000017869       0x16 Core/Src/qfmathex.o
 .debug_macro   0x000000000001787f      0x1b7 Core/Src/stm32f1xx_hal_msp.o
 .debug_macro   0x0000000000017a36      0x1c1 Core/Src/stm32f1xx_it.o
 .debug_macro   0x0000000000017bf7      0x1ad Core/Src/system_stm32f1xx.o
 .debug_macro   0x0000000000017da4      0x1d1 Drivers/STM32F1xx_HAL_Driver/Src/stm32f1xx_hal.o
 .debug_macro   0x0000000000017f75      0x1ad Drivers/STM32F1xx_HAL_Driver/Src/stm32f1xx_hal_cortex.o
 .debug_macro   0x0000000000018122      0x1ad Drivers/STM32F1xx_HAL_Driver/Src/stm32f1xx_hal_dma.o
 .debug_macro   0x00000000000182cf      0x218 Drivers/STM32F1xx_HAL_Driver/Src/stm32f1xx_hal_gpio.o
 .debug_macro   0x00000000000184e7      0x1f4 Drivers/STM32F1xx_HAL_Driver/Src/stm32f1xx_hal_i2c.o
 .debug_macro   0x00000000000186db      0x1bf Drivers/STM32F1xx_HAL_Driver/Src/stm32f1xx_hal_rcc.o
 .debug_macro   0x000000000001889a      0x1ae Drivers/STM32F1xx_HAL_Driver/Src/stm32f1xx_hal_tim.o
 .debug_macro   0x0000000000018a48      0x1ad Drivers/STM32F1xx_HAL_Driver/Src/stm32f1xx_hal_tim_ex.o
 .debug_macro   0x0000000000018bf5      0x1ae Drivers/STM32F1xx_HAL_Driver/Src/stm32f1xx_hal_uart.o

.debug_line     0x0000000000000000     0xe0be
 .debug_line    0x0000000000000000      0x617 Core/Src/SBR1_fis.o
 .debug_line    0x0000000000000617      0x7f6 Core/Src/main.o
 .debug_line    0x0000000000000e0d      0x72d Core/Src/motor.o
 .debug_line    0x000000000000153a      0x888 Core/Src/mpu6050.o
 .debug_line    0x0000000000001dc2      0x9f6 Core/Src/qffmath.o
 .debug_line    0x00000000000027b8      0xf82 Core/Src/qfis.o
 .debug_line    0x000000000000373a      0x700 Core/Src/qfmathex.o
 .debug_line    0x0000000000003e3a      0x774 Core/Src/stm32f1xx_hal_msp.o
 .debug_line    0x00000000000045ae      0x75a Core/Src/stm32f1xx_it.o
 .debug_line    0x0000000000004d08      0x6b6 Core/Src/system_stm32f1xx.o
 .debug_line    0x00000000000053be       0x87 Core/Startup/startup_stm32f103c8tx.o
 .debug_line    0x0000000000005445      0x869 Drivers/STM32F1xx_HAL_Driver/Src/stm32f1xx_hal.o
 .debug_line    0x0000000000005cae      0x940 Drivers/STM32F1xx_HAL_Driver/Src/stm32f1xx_hal_cortex.o
 .debug_line    0x00000000000065ee      0xace Drivers/STM32F1xx_HAL_Driver/Src/stm32f1xx_hal_dma.o
 .debug_line    0x00000000000070bc      0x865 Drivers/STM32F1xx_HAL_Driver/Src/stm32f1xx_hal_gpio.o
 .debug_line    0x0000000000007921     0x1c7b Drivers/STM32F1xx_HAL_Driver/Src/stm32f1xx_hal_i2c.o
 .debug_line    0x000000000000959c      0x929 Drivers/STM32F1xx_HAL_Driver/Src/stm32f1xx_hal_rcc.o
 .debug_line    0x0000000000009ec5     0x1fc2 Drivers/STM32F1xx_HAL_Driver/Src/stm32f1xx_hal_tim.o
 .debug_line    0x000000000000be87     0x115e Drivers/STM32F1xx_HAL_Driver/Src/stm32f1xx_hal_tim_ex.o
 .debug_line    0x000000000000cfe5     0x10d9 Drivers/STM32F1xx_HAL_Driver/Src/stm32f1xx_hal_uart.o

.debug_str      0x0000000000000000    0x8e308
 .debug_str     0x0000000000000000     0x76e7 Core/Src/SBR1_fis.o
                                       0x79de (size before relaxing)
 .debug_str     0x00000000000076e7    0x818ff Core/Src/main.o
                                      0x85ad2 (size before relaxing)
 .debug_str     0x0000000000088fe6       0x6e Core/Src/motor.o
                                      0x85237 (size before relaxing)
 .debug_str     0x0000000000089054      0xa51 Core/Src/mpu6050.o
                                      0x88af7 (size before relaxing)
 .debug_str     0x0000000000089aa5      0xcdb Core/Src/qffmath.o
                                       0x7cab (size before relaxing)
 .debug_str     0x000000000008a780      0x50e Core/Src/qfis.o
                                       0x8197 (size before relaxing)
 .debug_str     0x000000000008ac8e       0xd3 Core/Src/qfmathex.o
                                       0x7f10 (size before relaxing)
 .debug_str     0x000000000008ad61      0x386 Core/Src/stm32f1xx_hal_msp.o
                                      0x859ae (size before relaxing)
 .debug_str     0x000000000008b0e7       0xcf Core/Src/stm32f1xx_it.o
                                      0x853a1 (size before relaxing)
 .debug_str     0x000000000008b1b6       0x52 Core/Src/system_stm32f1xx.o
                                      0x84ca2 (size before relaxing)
 .debug_str     0x000000000008b208       0x36 Core/Startup/startup_stm32f103c8tx.o
                                         0x8f (size before relaxing)
 .debug_str     0x000000000008b23e      0x304 Drivers/STM32F1xx_HAL_Driver/Src/stm32f1xx_hal.o
                                      0x85333 (size before relaxing)
 .debug_str     0x000000000008b542      0x300 Drivers/STM32F1xx_HAL_Driver/Src/stm32f1xx_hal_cortex.o
                                      0x8533b (size before relaxing)
 .debug_str     0x000000000008b842      0x230 Drivers/STM32F1xx_HAL_Driver/Src/stm32f1xx_hal_dma.o
                                      0x8507d (size before relaxing)
 .debug_str     0x000000000008ba72      0x31f Drivers/STM32F1xx_HAL_Driver/Src/stm32f1xx_hal_gpio.o
                                      0x85066 (size before relaxing)
 .debug_str     0x000000000008bd91      0xb47 Drivers/STM32F1xx_HAL_Driver/Src/stm32f1xx_hal_i2c.o
                                      0x85cde (size before relaxing)
 .debug_str     0x000000000008c8d8      0x244 Drivers/STM32F1xx_HAL_Driver/Src/stm32f1xx_hal_rcc.o
                                      0x8509f (size before relaxing)
 .debug_str     0x000000000008cb1c      0xd38 Drivers/STM32F1xx_HAL_Driver/Src/stm32f1xx_hal_tim.o
                                      0x86071 (size before relaxing)
 .debug_str     0x000000000008d854      0x4ee Drivers/STM32F1xx_HAL_Driver/Src/stm32f1xx_hal_tim_ex.o
                                      0x85822 (size before relaxing)
 .debug_str     0x000000000008dd42      0x5c6 Drivers/STM32F1xx_HAL_Driver/Src/stm32f1xx_hal_uart.o
                                      0x85691 (size before relaxing)

.comment        0x0000000000000000       0x7b
 .comment       0x0000000000000000       0x7b Core/Src/SBR1_fis.o
                                         0x7c (size before relaxing)
 .comment       0x000000000000007b       0x7c Core/Src/main.o
 .comment       0x000000000000007b       0x7c Core/Src/motor.o
 .comment       0x000000000000007b       0x7c Core/Src/mpu6050.o
 .comment       0x000000000000007b       0x7c Core/Src/qffmath.o
 .comment       0x000000000000007b       0x7c Core/Src/qfis.o
 .comment       0x000000000000007b       0x7c Core/Src/qfmathex.o
 .comment       0x000000000000007b       0x7c Core/Src/stm32f1xx_hal_msp.o
 .comment       0x000000000000007b       0x7c Core/Src/stm32f1xx_it.o
 .comment       0x000000000000007b       0x7c Core/Src/system_stm32f1xx.o
 .comment       0x000000000000007b       0x7c Drivers/STM32F1xx_HAL_Driver/Src/stm32f1xx_hal.o
 .comment       0x000000000000007b       0x7c Drivers/STM32F1xx_HAL_Driver/Src/stm32f1xx_hal_cortex.o
 .comment       0x000000000000007b       0x7c Drivers/STM32F1xx_HAL_Driver/Src/stm32f1xx_hal_dma.o
 .comment       0x000000000000007b       0x7c Drivers/STM32F1xx_HAL_Driver/Src/stm32f1xx_hal_gpio.o
 .comment       0x000000000000007b       0x7c Drivers/STM32F1xx_HAL_Driver/Src/stm32f1xx_hal_i2c.o
 .comment       0x000000000000007b       0x7c Drivers/STM32F1xx_HAL_Driver/Src/stm32f1xx_hal_rcc.o
 .comment       0x000000000000007b       0x7c Drivers/STM32F1xx_HAL_Driver/Src/stm32f1xx_hal_tim.o
 .comment       0x000000000000007b       0x7c Drivers/STM32F1xx_HAL_Driver/Src/stm32f1xx_hal_tim_ex.o
 .comment       0x000000000000007b       0x7c Drivers/STM32F1xx_HAL_Driver/Src/stm32f1xx_hal_uart.o

.debug_frame    0x0000000000000000     0x57c8
 .debug_frame   0x0000000000000000       0x58 Core/Src/SBR1_fis.o
 .debug_frame   0x0000000000000058      0x188 Core/Src/main.o
 .debug_frame   0x00000000000001e0      0x104 Core/Src/motor.o
 .debug_frame   0x00000000000002e4      0x10c Core/Src/mpu6050.o
 .debug_frame   0x00000000000003f0      0x6d4 Core/Src/qffmath.o
 .debug_frame   0x0000000000000ac4      0x970 Core/Src/qfis.o
 .debug_frame   0x0000000000001434      0x120 Core/Src/qfmathex.o
 .debug_frame   0x0000000000001554      0x184 Core/Src/stm32f1xx_hal_msp.o
 .debug_frame   0x00000000000016d8      0x13c Core/Src/stm32f1xx_it.o
 .debug_frame   0x0000000000001814       0x58 Core/Src/system_stm32f1xx.o
 .debug_frame   0x000000000000186c      0x334 Drivers/STM32F1xx_HAL_Driver/Src/stm32f1xx_hal.o
 .debug_frame   0x0000000000001ba0      0x428 Drivers/STM32F1xx_HAL_Driver/Src/stm32f1xx_hal_cortex.o
 .debug_frame   0x0000000000001fc8      0x208 Drivers/STM32F1xx_HAL_Driver/Src/stm32f1xx_hal_dma.o
 .debug_frame   0x00000000000021d0      0x14c Drivers/STM32F1xx_HAL_Driver/Src/stm32f1xx_hal_gpio.o
 .debug_frame   0x000000000000231c      0xc5c Drivers/STM32F1xx_HAL_Driver/Src/stm32f1xx_hal_i2c.o
 .debug_frame   0x0000000000002f78      0x21c Drivers/STM32F1xx_HAL_Driver/Src/stm32f1xx_hal_rcc.o
 .debug_frame   0x0000000000003194     0x11b8 Drivers/STM32F1xx_HAL_Driver/Src/stm32f1xx_hal_tim.o
 .debug_frame   0x000000000000434c      0x638 Drivers/STM32F1xx_HAL_Driver/Src/stm32f1xx_hal_tim_ex.o
 .debug_frame   0x0000000000004984      0x914 Drivers/STM32F1xx_HAL_Driver/Src/stm32f1xx_hal_uart.o
 .debug_frame   0x0000000000005298       0x20 c:/st/stm32cubeide_1.5.1/stm32cubeide/plugins/com.st.stm32cube.ide.mcu.externaltools.gnu-tools-for-stm32.7-2018-q2-update.win32_1.5.0.202011040924/tools/bin/../lib/gcc/arm-none-eabi/7.3.1/../../../../arm-none-eabi/lib/thumb/v7-m\libc_nano.a(lib_a-errno.o)
 .debug_frame   0x00000000000052b8       0x2c c:/st/stm32cubeide_1.5.1/stm32cubeide/plugins/com.st.stm32cube.ide.mcu.externaltools.gnu-tools-for-stm32.7-2018-q2-update.win32_1.5.0.202011040924/tools/bin/../lib/gcc/arm-none-eabi/7.3.1/../../../../arm-none-eabi/lib/thumb/v7-m\libc_nano.a(lib_a-init.o)
 .debug_frame   0x00000000000052e4       0x20 c:/st/stm32cubeide_1.5.1/stm32cubeide/plugins/com.st.stm32cube.ide.mcu.externaltools.gnu-tools-for-stm32.7-2018-q2-update.win32_1.5.0.202011040924/tools/bin/../lib/gcc/arm-none-eabi/7.3.1/../../../../arm-none-eabi/lib/thumb/v7-m\libc_nano.a(lib_a-memset.o)
 .debug_frame   0x0000000000005304       0x38 c:/st/stm32cubeide_1.5.1/stm32cubeide/plugins/com.st.stm32cube.ide.mcu.externaltools.gnu-tools-for-stm32.7-2018-q2-update.win32_1.5.0.202011040924/tools/bin/../lib/gcc/arm-none-eabi/7.3.1/../../../../arm-none-eabi/lib/thumb/v7-m\libm.a(lib_a-s_atan.o)
 .debug_frame   0x000000000000533c       0x20 c:/st/stm32cubeide_1.5.1/stm32cubeide/plugins/com.st.stm32cube.ide.mcu.externaltools.gnu-tools-for-stm32.7-2018-q2-update.win32_1.5.0.202011040924/tools/bin/../lib/gcc/arm-none-eabi/7.3.1/../../../../arm-none-eabi/lib/thumb/v7-m\libm.a(lib_a-s_fabs.o)
 .debug_frame   0x000000000000535c       0x20 c:/st/stm32cubeide_1.5.1/stm32cubeide/plugins/com.st.stm32cube.ide.mcu.externaltools.gnu-tools-for-stm32.7-2018-q2-update.win32_1.5.0.202011040924/tools/bin/../lib/gcc/arm-none-eabi/7.3.1/../../../../arm-none-eabi/lib/thumb/v7-m\libm.a(lib_a-w_atan2.o)
 .debug_frame   0x000000000000537c       0x40 c:/st/stm32cubeide_1.5.1/stm32cubeide/plugins/com.st.stm32cube.ide.mcu.externaltools.gnu-tools-for-stm32.7-2018-q2-update.win32_1.5.0.202011040924/tools/bin/../lib/gcc/arm-none-eabi/7.3.1/../../../../arm-none-eabi/lib/thumb/v7-m\libm.a(lib_a-w_sqrt.o)
 .debug_frame   0x00000000000053bc       0x48 c:/st/stm32cubeide_1.5.1/stm32cubeide/plugins/com.st.stm32cube.ide.mcu.externaltools.gnu-tools-for-stm32.7-2018-q2-update.win32_1.5.0.202011040924/tools/bin/../lib/gcc/arm-none-eabi/7.3.1/../../../../arm-none-eabi/lib/thumb/v7-m\libm.a(lib_a-e_atan2.o)
 .debug_frame   0x0000000000005404       0x30 c:/st/stm32cubeide_1.5.1/stm32cubeide/plugins/com.st.stm32cube.ide.mcu.externaltools.gnu-tools-for-stm32.7-2018-q2-update.win32_1.5.0.202011040924/tools/bin/../lib/gcc/arm-none-eabi/7.3.1/../../../../arm-none-eabi/lib/thumb/v7-m\libm.a(lib_a-e_sqrt.o)
 .debug_frame   0x0000000000005434       0x20 c:/st/stm32cubeide_1.5.1/stm32cubeide/plugins/com.st.stm32cube.ide.mcu.externaltools.gnu-tools-for-stm32.7-2018-q2-update.win32_1.5.0.202011040924/tools/bin/../lib/gcc/arm-none-eabi/7.3.1/../../../../arm-none-eabi/lib/thumb/v7-m\libm.a(lib_a-s_matherr.o)
 .debug_frame   0x0000000000005454       0xac c:/st/stm32cubeide_1.5.1/stm32cubeide/plugins/com.st.stm32cube.ide.mcu.externaltools.gnu-tools-for-stm32.7-2018-q2-update.win32_1.5.0.202011040924/tools/bin/../lib/gcc/arm-none-eabi/7.3.1/thumb/v7-m\libgcc.a(_arm_addsubdf3.o)
 .debug_frame   0x0000000000005500       0x50 c:/st/stm32cubeide_1.5.1/stm32cubeide/plugins/com.st.stm32cube.ide.mcu.externaltools.gnu-tools-for-stm32.7-2018-q2-update.win32_1.5.0.202011040924/tools/bin/../lib/gcc/arm-none-eabi/7.3.1/thumb/v7-m\libgcc.a(_arm_muldivdf3.o)
 .debug_frame   0x0000000000005550       0xc4 c:/st/stm32cubeide_1.5.1/stm32cubeide/plugins/com.st.stm32cube.ide.mcu.externaltools.gnu-tools-for-stm32.7-2018-q2-update.win32_1.5.0.202011040924/tools/bin/../lib/gcc/arm-none-eabi/7.3.1/thumb/v7-m\libgcc.a(_arm_cmpdf2.o)