Archive member included to satisfy reference by file (symbol)

c:/st/stm32cubeide_1.5.1/stm32cubeide/plugins/com.st.stm32cube.ide.mcu.externaltools.gnu-tools-for-stm32.7-2018-q2-update.win32_1.5.0.202011040924/tools/bin/../lib/gcc/arm-none-eabi/7.3.1/../../../../arm-none-eabi/lib/thumb/v7-m\libc_nano.a(lib_a-errno.o)
                              Core/Src/syscalls.o (__errno)
c:/st/stm32cubeide_1.5.1/stm32cubeide/plugins/com.st.stm32cube.ide.mcu.externaltools.gnu-tools-for-stm32.7-2018-q2-update.win32_1.5.0.202011040924/tools/bin/../lib/gcc/arm-none-eabi/7.3.1/../../../../arm-none-eabi/lib/thumb/v7-m\libc_nano.a(lib_a-exit.o)
                              c:/st/stm32cubeide_1.5.1/stm32cubeide/plugins/com.st.stm32cube.ide.mcu.externaltools.gnu-tools-for-stm32.7-2018-q2-update.win32_1.5.0.202011040924/tools/bin/../lib/gcc/arm-none-eabi/7.3.1/../../../../arm-none-eabi/lib/thumb/v7-m/crt0.o (exit)
c:/st/stm32cubeide_1.5.1/stm32cubeide/plugins/com.st.stm32cube.ide.mcu.externaltools.gnu-tools-for-stm32.7-2018-q2-update.win32_1.5.0.202011040924/tools/bin/../lib/gcc/arm-none-eabi/7.3.1/../../../../arm-none-eabi/lib/thumb/v7-m\libc_nano.a(lib_a-impure.o)
                              c:/st/stm32cubeide_1.5.1/stm32cubeide/plugins/com.st.stm32cube.ide.mcu.externaltools.gnu-tools-for-stm32.7-2018-q2-update.win32_1.5.0.202011040924/tools/bin/../lib/gcc/arm-none-eabi/7.3.1/../../../../arm-none-eabi/lib/thumb/v7-m\libc_nano.a(lib_a-exit.o) (_global_impure_ptr)
c:/st/stm32cubeide_1.5.1/stm32cubeide/plugins/com.st.stm32cube.ide.mcu.externaltools.gnu-tools-for-stm32.7-2018-q2-update.win32_1.5.0.202011040924/tools/bin/../lib/gcc/arm-none-eabi/7.3.1/../../../../arm-none-eabi/lib/thumb/v7-m\libc_nano.a(lib_a-init.o)
                              c:/st/stm32cubeide_1.5.1/stm32cubeide/plugins/com.st.stm32cube.ide.mcu.externaltools.gnu-tools-for-stm32.7-2018-q2-update.win32_1.5.0.202011040924/tools/bin/../lib/gcc/arm-none-eabi/7.3.1/../../../../arm-none-eabi/lib/thumb/v7-m/crt0.o (__libc_init_array)
c:/st/stm32cubeide_1.5.1/stm32cubeide/plugins/com.st.stm32cube.ide.mcu.externaltools.gnu-tools-for-stm32.7-2018-q2-update.win32_1.5.0.202011040924/tools/bin/../lib/gcc/arm-none-eabi/7.3.1/../../../../arm-none-eabi/lib/thumb/v7-m\libc_nano.a(lib_a-memset.o)
                              c:/st/stm32cubeide_1.5.1/stm32cubeide/plugins/com.st.stm32cube.ide.mcu.externaltools.gnu-tools-for-stm32.7-2018-q2-update.win32_1.5.0.202011040924/tools/bin/../lib/gcc/arm-none-eabi/7.3.1/../../../../arm-none-eabi/lib/thumb/v7-m/crt0.o (memset)
c:/st/stm32cubeide_1.5.1/stm32cubeide/plugins/com.st.stm32cube.ide.mcu.externaltools.gnu-tools-for-stm32.7-2018-q2-update.win32_1.5.0.202011040924/tools/bin/../lib/gcc/arm-none-eabi/7.3.1/../../../../arm-none-eabi/lib/thumb/v7-m\libc_nano.a(lib_a-sprintf.o)
                              Core/Src/main.o (sprintf)
c:/st/stm32cubeide_1.5.1/stm32cubeide/plugins/com.st.stm32cube.ide.mcu.externaltools.gnu-tools-for-stm32.7-2018-q2-update.win32_1.5.0.202011040924/tools/bin/../lib/gcc/arm-none-eabi/7.3.1/../../../../arm-none-eabi/lib/thumb/v7-m\libc_nano.a(lib_a-strlen.o)
                              Core/Src/main.o (strlen)
c:/st/stm32cubeide_1.5.1/stm32cubeide/plugins/com.st.stm32cube.ide.mcu.externaltools.gnu-tools-for-stm32.7-2018-q2-update.win32_1.5.0.202011040924/tools/bin/../lib/gcc/arm-none-eabi/7.3.1/../../../../arm-none-eabi/lib/thumb/v7-m\libc_nano.a(lib_a-nano-svfprintf.o)
                              c:/st/stm32cubeide_1.5.1/stm32cubeide/plugins/com.st.stm32cube.ide.mcu.externaltools.gnu-tools-for-stm32.7-2018-q2-update.win32_1.5.0.202011040924/tools/bin/../lib/gcc/arm-none-eabi/7.3.1/../../../../arm-none-eabi/lib/thumb/v7-m\libc_nano.a(lib_a-sprintf.o) (_svfprintf_r)
c:/st/stm32cubeide_1.5.1/stm32cubeide/plugins/com.st.stm32cube.ide.mcu.externaltools.gnu-tools-for-stm32.7-2018-q2-update.win32_1.5.0.202011040924/tools/bin/../lib/gcc/arm-none-eabi/7.3.1/../../../../arm-none-eabi/lib/thumb/v7-m\libc_nano.a(lib_a-nano-vfprintf_i.o)
                              c:/st/stm32cubeide_1.5.1/stm32cubeide/plugins/com.st.stm32cube.ide.mcu.externaltools.gnu-tools-for-stm32.7-2018-q2-update.win32_1.5.0.202011040924/tools/bin/../lib/gcc/arm-none-eabi/7.3.1/../../../../arm-none-eabi/lib/thumb/v7-m\libc_nano.a(lib_a-nano-svfprintf.o) (_printf_i)
c:/st/stm32cubeide_1.5.1/stm32cubeide/plugins/com.st.stm32cube.ide.mcu.externaltools.gnu-tools-for-stm32.7-2018-q2-update.win32_1.5.0.202011040924/tools/bin/../lib/gcc/arm-none-eabi/7.3.1/../../../../arm-none-eabi/lib/thumb/v7-m\libc_nano.a(lib_a-memchr-stub.o)
                              c:/st/stm32cubeide_1.5.1/stm32cubeide/plugins/com.st.stm32cube.ide.mcu.externaltools.gnu-tools-for-stm32.7-2018-q2-update.win32_1.5.0.202011040924/tools/bin/../lib/gcc/arm-none-eabi/7.3.1/../../../../arm-none-eabi/lib/thumb/v7-m\libc_nano.a(lib_a-nano-svfprintf.o) (memchr)
[...]
Memory Configuration

Name             Origin             Length             Attributes
RAM              0x0000000020000000 0x0000000000005000 xrw
FLASH            0x0000000008000000 0x0000000000010000 xr
*default*        0x0000000000000000 0xffffffffffffffff

Linker script and memory map

LOAD c:/st/stm32cubeide_1.5.1/stm32cubeide/plugins/com.st.stm32cube.ide.mcu.externaltools.gnu-tools-for-stm32.7-2018-q2-update.win32_1.5.0.202011040924/tools/bin/../lib/gcc/arm-none-eabi/7.3.1/thumb/v7-m/crti.o
LOAD c:/st/stm32cubeide_1.5.1/stm32cubeide/plugins/com.st.stm32cube.ide.mcu.externaltools.gnu-tools-for-stm32.7-2018-q2-update.win32_1.5.0.202011040924/tools/bin/../lib/gcc/arm-none-eabi/7.3.1/thumb/v7-m/crtbegin.o
LOAD c:/st/stm32cubeide_1.5.1/stm32cubeide/plugins/com.st.stm32cube.ide.mcu.externaltools.gnu-tools-for-stm32.7-2018-q2-update.win32_1.5.0.202011040924/tools/bin/../lib/gcc/arm-none-eabi/7.3.1/../../../../arm-none-eabi/lib/thumb/v7-m/crt0.o
LOAD Core/Src/SBR1_fis.o
LOAD Core/Src/main.o
LOAD Core/Src/motor.o
LOAD Core/Src/mpu6050.o
LOAD Core/Src/qffmath.o
LOAD Core/Src/qfis.o
LOAD Core/Src/qfmathex.o
LOAD Core/Src/stm32f1xx_hal_msp.o
LOAD Core/Src/stm32f1xx_it.o
LOAD Core/Src/syscalls.o
LOAD Core/Src/sysmem.o
LOAD Core/Src/system_stm32f1xx.o
LOAD Core/Startup/startup_stm32f103c8tx.o
LOAD Drivers/STM32F1xx_HAL_Driver/Src/stm32f1xx_hal.o
LOAD Drivers/STM32F1xx_HAL_Driver/Src/stm32f1xx_hal_cortex.o
LOAD Drivers/STM32F1xx_HAL_Driver/Src/stm32f1xx_hal_dma.o
LOAD Drivers/STM32F1xx_HAL_Driver/Src/stm32f1xx_hal_exti.o
LOAD Drivers/STM32F1xx_HAL_Driver/Src/stm32f1xx_hal_flash.o
LOAD Drivers/STM32F1xx_HAL_Driver/Src/stm32f1xx_hal_flash_ex.o
LOAD Drivers/STM32F1xx_HAL_Driver/Src/stm32f1xx_hal_gpio.o
LOAD Drivers/STM32F1xx_HAL_Driver/Src/stm32f1xx_hal_gpio_ex.o
LOAD Drivers/STM32F1xx_HAL_Driver/Src/stm32f1xx_hal_i2c.o
LOAD Drivers/STM32F1xx_HAL_Driver/Src/stm32f1xx_hal_pwr.o
LOAD Drivers/STM32F1xx_HAL_Driver/Src/stm32f1xx_hal_rcc.o
LOAD Drivers/STM32F1xx_HAL_Driver/Src/stm32f1xx_hal_rcc_ex.o
LOAD Drivers/STM32F1xx_HAL_Driver/Src/stm32f1xx_hal_tim.o
LOAD Drivers/STM32F1xx_HAL_Driver/Src/stm32f1xx_hal_tim_ex.o
LOAD Drivers/STM32F1xx_HAL_Driver/Src/stm32f1xx_hal_uart.o
START GROUP
LOAD c:/st/stm32cubeide_1.5.1/stm32cubeide/plugins/com.st.stm32cube.ide.mcu.externaltools.gnu-tools-for-stm32.7-2018-q2-update.win32_1.5.0.202011040924/tools/bin/../lib/gcc/arm-none-eabi/7.3.1/../../../../arm-none-eabi/lib/thumb/v7-m\libc_nano.a
LOAD c:/st/stm32cubeide_1.5.1/stm32cubeide/plugins/com.st.stm32cube.ide.mcu.externaltools.gnu-tools-for-stm32.7-2018-q2-update.win32_1.5.0.202011040924/tools/bin/../lib/gcc/arm-none-eabi/7.3.1/../../../../arm-none-eabi/lib/thumb/v7-m\libm.a
END GROUP
START GROUP
LOAD c:/st/stm32cubeide_1.5.1/stm32cubeide/plugins/com.st.stm32cube.ide.mcu.externaltools.gnu-tools-for-stm32.7-2018-q2-update.win32_1.5.0.202011040924/tools/bin/../lib/gcc/arm-none-eabi/7.3.1/thumb/v7-m\libgcc.a
LOAD c:/st/stm32cubeide_1.5.1/stm32cubeide/plugins/com.st.stm32cube.ide.mcu.externaltools.gnu-tools-for-stm32.7-2018-q2-update.win32_1.5.0.202011040924/tools/bin/../lib/gcc/arm-none-eabi/7.3.1/../../../../arm-none-eabi/lib/thumb/v7-m\libc_nano.a
END GROUP
START GROUP
LOAD c:/st/stm32cubeide_1.5.1/stm32cubeide/plugins/com.st.stm32cube.ide.mcu.externaltools.gnu-tools-for-stm32.7-2018-q2-update.win32_1.5.0.202011040924/tools/bin/../lib/gcc/arm-none-eabi/7.3.1/thumb/v7-m\libgcc.a
LOAD c:/st/stm32cubeide_1.5.1/stm32cubeide/plugins/com.st.stm32cube.ide.mcu.externaltools.gnu-tools-for-stm32.7-2018-q2-update.win32_1.5.0.202011040924/tools/bin/../lib/gcc/arm-none-eabi/7.3.1/../../../../arm-none-eabi/lib/thumb/v7-m\libc_nano.a
LOAD c:/st/stm32cubeide_1.5.1/stm32cubeide/plugins/com.st.stm32cube.ide.mcu.externaltools.gnu-tools-for-stm32.7-2018-q2-update.win32_1.5.0.202011040924/tools/bin/../lib/gcc/arm-none-eabi/7.3.1/../../../../arm-none-eabi/lib/thumb/v7-m\libnosys.a
END GROUP
START GROUP
LOAD c:/st/stm32cubeide_1.5.1/stm32cubeide/plugins/com.st.stm32cube.ide.mcu.externaltools.gnu-tools-for-stm32.7-2018-q2-update.win32_1.5.0.202011040924/tools/bin/../lib/gcc/arm-none-eabi/7.3.1/thumb/v7-m\libgcc.a
LOAD c:/st/stm32cubeide_1.5.1/stm32cubeide/plugins/com.st.stm32cube.ide.mcu.externaltools.gnu-tools-for-stm32.7-2018-q2-update.win32_1.5.0.202011040924/tools/bin/../lib/gcc/arm-none-eabi/7.3.1/../../../../arm-none-eabi/lib/thumb/v7-m\libc_nano.a
LOAD c:/st/stm32cubeide_1.5.1/stm32cubeide/plugins/com.st.stm32cube.ide.mcu.externaltools.gnu-tools-for-stm32.7-2018-q2-update.win32_1.5.0.202011040924/tools/bin/../lib/gcc/arm-none-eabi/7.3.1/../../../../arm-none-eabi/lib/thumb/v7-m\libnosys.a
END GROUP
LOAD c:/st/stm32cubeide_1.5.1/stm32cubeide/plugins/com.st.stm32cube.ide.mcu.externaltools.gnu-tools-for-stm32.7-2018-q2-update.win32_1.5.0.202011040924/tools/bin/../lib/gcc/arm-none-eabi/7.3.1/thumb/v7-m/crtend.o
LOAD c:/st/stm32cubeide_1.5.1/stm32cubeide/plugins/com.st.stm32cube.ide.mcu.externaltools.gnu-tools-for-stm32.7-2018-q2-update.win32_1.5.0.202011040924/tools/bin/../lib/gcc/arm-none-eabi/7.3.1/thumb/v7-m/crtn.o
                0x0000000020005000                _estack = (ORIGIN (RAM) + LENGTH (RAM))
                0x0000000000000200                _Min_Heap_Size = 0x200
                0x0000000000000400                _Min_Stack_Size = 0x400

.isr_vector     0x0000000008000000      0x10c
                0x0000000008000000                . = ALIGN (0x4)
 *(.isr_vector)
 .isr_vector    0x0000000008000000      0x10c Core/Startup/startup_stm32f103c8tx.o
                0x0000000008000000                g_pfnVectors
                0x000000000800010c                . = ALIGN (0x4)

.text           0x0000000008000110     0x9298
                0x0000000008000110                . = ALIGN (0x4)
 *(.text)
 .text          0x0000000008000110       0x40 c:/st/stm32cubeide_1.5.1/stm32cubeide/plugins/com.st.stm32cube.ide.mcu.externaltools.gnu-tools-for-stm32.7-2018-q2-update.win32_1.5.0.202011040924/tools/bin/../lib/gcc/arm-none-eabi/7.3.1/thumb/v7-m/crtbegin.o
 .text          0x0000000008000150       0x10 c:/st/stm32cubeide_1.5.1/stm32cubeide/plugins/com.st.stm32cube.ide.mcu.externaltools.gnu-tools-for-stm32.7-2018-q2-update.win32_1.5.0.202011040924/tools/bin/../lib/gcc/arm-none-eabi/7.3.1/../../../../arm-none-eabi/lib/thumb/v7-m\libc_nano.a(lib_a-strlen.o)
                0x0000000008000150                strlen
 .text          0x0000000008000160      0x378 c:/st/stm32cubeide_1.5.1/stm32cubeide/plugins/com.st.stm32cube.ide.mcu.externaltools.gnu-tools-for-stm32.7-2018-q2-update.win32_1.5.0.202011040924/tools/bin/../lib/gcc/arm-none-eabi/7.3.1/thumb/v7-m\libgcc.a(_arm_addsubdf3.o)
                0x0000000008000160                __aeabi_drsub
                0x0000000008000168                __aeabi_dsub
                0x0000000008000168                __subdf3
                0x000000000800016c                __aeabi_dadd
                0x000000000800016c                __adddf3
                0x00000000080003e4                __floatunsidf
                0x00000000080003e4                __aeabi_ui2d
                0x0000000008000404                __floatsidf
                0x0000000008000404                __aeabi_i2d
                0x0000000008000428                __aeabi_f2d
                0x0000000008000428                __extendsfdf2
                0x000000000800046c                __floatundidf
                0x000000000800046c                __aeabi_ul2d
                0x000000000800047c                __floatdidf
                0x000000000800047c                __aeabi_l2d
 .text          0x00000000080004d8      0x424 c:/st/stm32cubeide_1.5.1/stm32cubeide/plugins/com.st.stm32cube.ide.mcu.externaltools.gnu-tools-for-stm32.7-2018-q2-update.win32_1.5.0.202011040924/tools/bin/../lib/gcc/arm-none-eabi/7.3.1/thumb/v7-m\libgcc.a(_arm_muldivdf3.o)
                0x00000000080004d8                __aeabi_dmul
                0x00000000080004d8                __muldf3
                0x000000000800072c                __divdf3
                0x000000000800072c                __aeabi_ddiv
 .text          0x00000000080008fc      0x110 c:/st/stm32cubeide_1.5.1/stm32cubeide/plugins/com.st.stm32cube.ide.mcu.externaltools.gnu-tools-for-stm32.7-2018-q2-update.win32_1.5.0.202011040924/tools/bin/../lib/gcc/arm-none-eabi/7.3.1/thumb/v7-m\libgcc.a(_arm_cmpdf2.o)
                0x00000000080008fc                __gtdf2
                0x00000000080008fc                __gedf2
                0x0000000008000904                __ltdf2
                0x0000000008000904                __ledf2
                0x000000000800090c                __nedf2
                0x000000000800090c                __eqdf2
                0x000000000800090c                __cmpdf2
                0x0000000008000988                __aeabi_cdrcmple
                0x0000000008000998                __aeabi_cdcmpeq
                0x0000000008000998                __aeabi_cdcmple
                0x00000000080009a8                __aeabi_dcmpeq
                0x00000000080009bc                __aeabi_dcmplt
                0x00000000080009d0                __aeabi_dcmple
                0x00000000080009e4                __aeabi_dcmpge
                0x00000000080009f8                __aeabi_dcmpgt
 .text          0x0000000008000a0c       0x2c c:/st/stm32cubeide_1.5.1/stm32cubeide/plugins/com.st.stm32cube.ide.mcu.externaltools.gnu-tools-for-stm32.7-2018-q2-update.win32_1.5.0.202011040924/tools/bin/../lib/gcc/arm-none-eabi/7.3.1/thumb/v7-m\libgcc.a(_arm_unorddf2.o)
                0x0000000008000a0c                __unorddf2
                0x0000000008000a0c                __aeabi_dcmpun
 .text          0x0000000008000a38       0x50 c:/st/stm32cubeide_1.5.1/stm32cubeide/plugins/com.st.stm32cube.ide.mcu.externaltools.gnu-tools-for-stm32.7-2018-q2-update.win32_1.5.0.202011040924/tools/bin/../lib/gcc/arm-none-eabi/7.3.1/thumb/v7-m\libgcc.a(_arm_fixdfsi.o)
                0x0000000008000a38                __aeabi_d2iz
                0x0000000008000a38                __fixdfsi
 .text          0x0000000008000a88       0xa0 c:/st/stm32cubeide_1.5.1/stm32cubeide/plugins/com.st.stm32cube.ide.mcu.externaltools.gnu-tools-for-stm32.7-2018-q2-update.win32_1.5.0.202011040924/tools/bin/../lib/gcc/arm-none-eabi/7.3.1/thumb/v7-m\libgcc.a(_arm_truncdfsf2.o)
                0x0000000008000a88                __truncdfsf2
                0x0000000008000a88                __aeabi_d2f
 .text          0x0000000008000b28      0x21c c:/st/stm32cubeide_1.5.1/stm32cubeide/plugins/com.st.stm32cube.ide.mcu.externaltools.gnu-tools-for-stm32.7-2018-q2-update.win32_1.5.0.202011040924/tools/bin/../lib/gcc/arm-none-eabi/7.3.1/thumb/v7-m\libgcc.a(_arm_addsubsf3.o)
                0x0000000008000b28                __aeabi_frsub
                0x0000000008000b30                __subsf3
                0x0000000008000b30                __aeabi_fsub
                0x0000000008000b34                __aeabi_fadd
                0x0000000008000b34                __addsf3
                0x0000000008000c94                __aeabi_ui2f
                0x0000000008000c94                __floatunsisf
                0x0000000008000c9c                __aeabi_i2f
                0x0000000008000c9c                __floatsisf
                0x0000000008000cb8                __aeabi_ul2f
                0x0000000008000cb8                __floatundisf
                0x0000000008000cc8                __aeabi_l2f
                0x0000000008000cc8                __floatdisf
 .text          0x0000000008000d44      0x2a0 c:/st/stm32cubeide_1.5.1/stm32cubeide/plugins/com.st.stm32cube.ide.mcu.externaltools.gnu-tools-for-stm32.7-2018-q2-update.win32_1.5.0.202011040924/tools/bin/../lib/gcc/arm-none-eabi/7.3.1/thumb/v7-m\libgcc.a(_arm_muldivsf3.o)
                0x0000000008000d44                __mulsf3
                0x0000000008000d44                __aeabi_fmul
                0x0000000008000eac                __aeabi_fdiv
                0x0000000008000eac                __divsf3
 .text          0x0000000008000fe4       0xec c:/st/stm32cubeide_1.5.1/stm32cubeide/plugins/com.st.stm32cube.ide.mcu.externaltools.gnu-tools-for-stm32.7-2018-q2-update.win32_1.5.0.202011040924/tools/bin/../lib/gcc/arm-none-eabi/7.3.1/thumb/v7-m\libgcc.a(_arm_cmpsf2.o)
                0x0000000008000fe4                __gesf2
                0x0000000008000fe4                __gtsf2
                0x0000000008000fec                __lesf2
                0x0000000008000fec                __ltsf2
                0x0000000008000ff4                __nesf2
                0x0000000008000ff4                __eqsf2
                0x0000000008000ff4                __cmpsf2
                0x0000000008001054                __aeabi_cfrcmple
                0x000000000800105c                __aeabi_cfcmpeq
                0x000000000800105c                __aeabi_cfcmple
                0x000000000800106c                __aeabi_fcmpeq
                0x0000000008001080                __aeabi_fcmplt
                0x0000000008001094                __aeabi_fcmple
                0x00000000080010a8                __aeabi_fcmpge
                0x00000000080010bc                __aeabi_fcmpgt
 .text          0x00000000080010d0       0x4c c:/st/stm32cubeide_1.5.1/stm32cubeide/plugins/com.st.stm32cube.ide.mcu.externaltools.gnu-tools-for-stm32.7-2018-q2-update.win32_1.5.0.202011040924/tools/bin/../lib/gcc/arm-none-eabi/7.3.1/thumb/v7-m\libgcc.a(_arm_fixsfsi.o)
                0x00000000080010d0                __aeabi_f2iz
                0x00000000080010d0                __fixsfsi
 .text          0x000000000800111c       0x40 c:/st/stm32cubeide_1.5.1/stm32cubeide/plugins/com.st.stm32cube.ide.mcu.externaltools.gnu-tools-for-stm32.7-2018-q2-update.win32_1.5.0.202011040924/tools/bin/../lib/gcc/arm-none-eabi/7.3.1/thumb/v7-m\libgcc.a(_arm_fixunssfsi.o)
                0x000000000800111c                __fixunssfsi
                0x000000000800111c                __aeabi_f2uiz
 *(.text*)
 .text.SBR1_init
                0x000000000800115c      0x2a4 Core/Src/SBR1_fis.o
                0x000000000800115c                SBR1_init
 .text.SBR1_run
                0x0000000008001400       0x64 Core/Src/SBR1_fis.o
                0x0000000008001400                SBR1_run
 .text.HAL_TIM_PeriodElapsedCallback
                0x0000000008001464       0x2c Core/Src/main.o
                0x0000000008001464                HAL_TIM_PeriodElapsedCallback
 .text.main     0x0000000008001490      0x184 Core/Src/main.o
                0x0000000008001490                main
 .text.SystemClock_Config
                0x0000000008001614       0x76 Core/Src/main.o
                0x0000000008001614                SystemClock_Config
 *fill*         0x000000000800168a        0x2 
 .text.MX_I2C1_Init
                0x000000000800168c       0x5c Core/Src/main.o
 .text.MX_TIM1_Init
                0x00000000080016e8       0xa0 Core/Src/main.o
 .text.MX_TIM3_Init
                0x0000000008001788       0xc8 Core/Src/main.o
 .text.MX_TIM4_Init
                0x0000000008001850       0xc8 Core/Src/main.o
 .text.MX_USART1_UART_Init
                0x0000000008001918       0x54 Core/Src/main.o
 .text.MX_GPIO_Init
                0x000000000800196c       0xd8 Core/Src/main.o
 .text.Error_Handler
                0x0000000008001a44        0x8 Core/Src/main.o
                0x0000000008001a44                Error_Handler
 .text.Limit_val
                0x0000000008001a4c       0x4c Core/Src/motor.o
 .text.Set_duty
                0x0000000008001a98       0x70 Core/Src/motor.o
 .text.Init_tim_pwm
                0x0000000008001b08       0x30 Core/Src/motor.o
                0x0000000008001b08                Init_tim_pwm
 .text.Stop_motor
                0x0000000008001b38       0x40 Core/Src/motor.o
 .text.Forward  0x0000000008001b78       0x44 Core/Src/motor.o
                0x0000000008001b78                Forward
 .text.Reverse  0x0000000008001bbc       0x44 Core/Src/motor.o
                0x0000000008001bbc                Reverse
 .text.Controller
                0x0000000008001c00      0x12c Core/Src/motor.o
                0x0000000008001c00                Controller
 .text.MPU6050_Init
                0x0000000008001d2c       0xae Core/Src/mpu6050.o
                0x0000000008001d2c                MPU6050_Init
 *fill*         0x0000000008001dda        0x6 
 .text.MPU6050_Read_All
                0x0000000008001de0      0x3b4 Core/Src/mpu6050.o
                0x0000000008001de0                MPU6050_Read_All
 .text.Kalman_getAngle
                0x0000000008002194      0x2ca Core/Src/mpu6050.o
                0x0000000008002194                Kalman_getAngle
 *fill*         0x000000000800245e        0x2 
 .text._qFFMath_GetAbnormal
                0x0000000008002460       0x40 Core/Src/qffmath.o
                0x0000000008002460                _qFFMath_GetAbnormal
 .text.qFFMath_FPClassify
                0x00000000080024a0       0x5e Core/Src/qffmath.o
                0x00000000080024a0                qFFMath_FPClassify
 .text.qFFMath_IsNaN
                0x00000000080024fe       0x22 Core/Src/qffmath.o
                0x00000000080024fe                qFFMath_IsNaN
 .text.qFFMath_Abs
                0x0000000008002520       0x2a Core/Src/qffmath.o
                0x0000000008002520                qFFMath_Abs
 .text.qFFMath_Sqrt
                0x000000000800254a       0x8e Core/Src/qffmath.o
                0x000000000800254a                qFFMath_Sqrt
 .text.qFFMath_Sin
                0x00000000080025d8       0x94 Core/Src/qffmath.o
                0x00000000080025d8                qFFMath_Sin
 .text.qFFMath_Cos
                0x000000000800266c       0x28 Core/Src/qffmath.o
                0x000000000800266c                qFFMath_Cos
 .text.qFFMath_Exp2
                0x0000000008002694       0xd4 Core/Src/qffmath.o
                0x0000000008002694                qFFMath_Exp2
 .text.qFFMath_Log2
                0x0000000008002768       0xcc Core/Src/qffmath.o
                0x0000000008002768                qFFMath_Log2
 .text.qFFMath_Exp
                0x0000000008002834       0x28 Core/Src/qffmath.o
                0x0000000008002834                qFFMath_Exp
 .text.qFFMath_Log
                0x000000000800285c       0x28 Core/Src/qffmath.o
                0x000000000800285c                qFFMath_Log
 .text.qFFMath_Pow
                0x0000000008002884       0x2c Core/Src/qffmath.o
                0x0000000008002884                qFFMath_Pow
 .text.qFIS_SetParameter
                0x00000000080028b0       0xe4 Core/Src/qfis.o
                0x00000000080028b0                qFIS_SetParameter
 .text.qFIS_Setup
                0x0000000008002994      0x1b0 Core/Src/qfis.o
                0x0000000008002994                qFIS_Setup
 .text.qFIS_InputSetup
                0x0000000008002b44       0x56 Core/Src/qfis.o
                0x0000000008002b44                qFIS_InputSetup
 .text.qFIS_OutputSetup
                0x0000000008002b9a       0xda Core/Src/qfis.o
                0x0000000008002b9a                qFIS_OutputSetup
 .text.qFIS_SetInput
                0x0000000008002c74       0x40 Core/Src/qfis.o
                0x0000000008002c74                qFIS_SetInput
 .text.qFIS_GetOutput
                0x0000000008002cb4       0x38 Core/Src/qfis.o
                0x0000000008002cb4                qFIS_GetOutput
 .text.qFIS_SetMF
                0x0000000008002cec       0xd4 Core/Src/qfis.o
                0x0000000008002cec                qFIS_SetMF
 .text.qFIS_EvalInputMFs
                0x0000000008002dc0       0x6e Core/Src/qfis.o
 .text.qFIS_TruncateInputs
                0x0000000008002e2e       0x78 Core/Src/qfis.o
 .text.qFIS_Fuzzify
                0x0000000008002ea6       0x2c Core/Src/qfis.o
                0x0000000008002ea6                qFIS_Fuzzify
 .text.qFIS_ParseFuzzValue
                0x0000000008002ed2       0x68 Core/Src/qfis.o
 *fill*         0x0000000008002f3a        0x2 
 .text.qFIS_GetFuzzOperator
                0x0000000008002f3c       0x4c Core/Src/qfis.o
 .text.qFIS_InferenceAntecedent
                0x0000000008002f88       0xe4 Core/Src/qfis.o
 .text.qFIS_InferenceReachEnd
                0x000000000800306c       0xcc Core/Src/qfis.o
 .text.qFIS_AggregationFindConsequent
                0x0000000008003138       0x44 Core/Src/qfis.o
 .text.qFIS_InferenceConsequent
                0x000000000800317c      0x1b8 Core/Src/qfis.o
 .text.qFIS_Aggregate
                0x0000000008003334       0x7c Core/Src/qfis.o
 .text.qFIS_DeFuzz_Centroid
                0x00000000080033b0       0x94 Core/Src/qfis.o
 .text.qFIS_DeFuzz_WtAverage
                0x0000000008003444       0x36 Core/Src/qfis.o
 .text.qFIS_DeFuzzify
                0x000000000800347a      0x28a Core/Src/qfis.o
                0x000000000800347a                qFIS_DeFuzzify
 .text.qFIS_Inference
                0x0000000008003704       0xbc Core/Src/qfis.o
                0x0000000008003704                qFIS_Inference
 .text.qFIS_GetNextX
                0x00000000080037c0       0x3c Core/Src/qfis.o
 .text.qFIS_TriMF
                0x00000000080037fc       0x84 Core/Src/qfis.o
 .text.qFIS_TrapMF
                0x0000000008003880       0x94 Core/Src/qfis.o
 .text.qFIS_GBellMF
                0x0000000008003914       0x76 Core/Src/qfis.o
 .text.qFIS_GaussMF
                0x000000000800398a       0x5a Core/Src/qfis.o
 .text.qFIS_Gauss2MF
                0x00000000080039e4       0x78 Core/Src/qfis.o
 .text.qFIS_SigMF
                0x0000000008003a5c       0x60 Core/Src/qfis.o
 .text.qFIS_TSigMF
                0x0000000008003abc       0xc2 Core/Src/qfis.o
 .text.qFIS_DSigMF
                0x0000000008003b7e       0x42 Core/Src/qfis.o
 .text.qFIS_PSigMF
                0x0000000008003bc0       0x42 Core/Src/qfis.o
 .text.qFIS_SMF
                0x0000000008003c02      0x142 Core/Src/qfis.o
 .text.qFIS_TSMF
                0x0000000008003d44       0xf6 Core/Src/qfis.o
 .text.qFIS_ZMF
                0x0000000008003e3a      0x142 Core/Src/qfis.o
 .text.qFIS_LinSMF
                0x0000000008003f7c       0xb6 Core/Src/qfis.o
 .text.qFIS_LinZMF
                0x0000000008004032       0xb6 Core/Src/qfis.o
 .text.qFIS_TZMF
                0x00000000080040e8       0xf6 Core/Src/qfis.o
 .text.qFIS_PiMF
                0x00000000080041de       0x42 Core/Src/qfis.o
 .text.qFIS_SingletonMF
                0x0000000008004220       0x36 Core/Src/qfis.o
 .text.qFIS_ConcaveMF
                0x0000000008004256       0xda Core/Src/qfis.o
 .text.qFIS_TConcaveMF
                0x0000000008004330       0x64 Core/Src/qfis.o
 .text.qFIS_SpikeMF
                0x0000000008004394       0x5c Core/Src/qfis.o
 .text.qFIS_TLinSMF
                0x00000000080043f0       0x44 Core/Src/qfis.o
 .text.qFIS_TLinZMF
                0x0000000008004434       0x44 Core/Src/qfis.o
 .text.qFIS_RectangleMF
                0x0000000008004478       0x4c Core/Src/qfis.o
 .text.qFIS_CosineMF
                0x00000000080044c4       0xf4 Core/Src/qfis.o
 .text.qFIS_ConstantMF
                0x00000000080045b8       0x1a Core/Src/qfis.o
 .text.qFIS_LinearMF
                0x00000000080045d2       0x76 Core/Src/qfis.o
 .text.qFIS_Min
                0x0000000008004648       0x36 Core/Src/qfis.o
 .text.qFIS_Max
                0x000000000800467e       0x36 Core/Src/qfis.o
 .text.qFIS_Prod
                0x00000000080046b4       0x2c Core/Src/qfis.o
 .text.qFIS_ProbOR
                0x00000000080046e0       0x42 Core/Src/qfis.o
 .text.qFIS_Sum
                0x0000000008004722       0x2c Core/Src/qfis.o
 .text.qFIS_Bound
                0x000000000800474e       0x24 Core/Src/qfis.o
 .text.qFMathEx_InRangeCoerce
                0x0000000008004772       0x6a Core/Src/qfmathex.o
                0x0000000008004772                qFMathEx_InRangeCoerce
 .text.qFMathEx_AlmostEqual
                0x00000000080047dc       0x46 Core/Src/qfmathex.o
                0x00000000080047dc                qFMathEx_AlmostEqual
 .text.qFMathEx_Equal
                0x0000000008004822       0x20 Core/Src/qfmathex.o
                0x0000000008004822                qFMathEx_Equal
 *fill*         0x0000000008004842        0x2 
 .text.HAL_MspInit
                0x0000000008004844       0x64 Core/Src/stm32f1xx_hal_msp.o
                0x0000000008004844                HAL_MspInit
 .text.HAL_I2C_MspInit
                0x00000000080048a8       0xa0 Core/Src/stm32f1xx_hal_msp.o
                0x00000000080048a8                HAL_I2C_MspInit
 .text.HAL_TIM_Base_MspInit
                0x0000000008004948       0x4c Core/Src/stm32f1xx_hal_msp.o
                0x0000000008004948                HAL_TIM_Base_MspInit
 .text.HAL_TIM_PWM_MspInit
                0x0000000008004994       0x64 Core/Src/stm32f1xx_hal_msp.o
                0x0000000008004994                HAL_TIM_PWM_MspInit
 .text.HAL_TIM_MspPostInit
                0x00000000080049f8       0xcc Core/Src/stm32f1xx_hal_msp.o
                0x00000000080049f8                HAL_TIM_MspPostInit
 .text.HAL_UART_MspInit
                0x0000000008004ac4       0xa8 Core/Src/stm32f1xx_hal_msp.o
                0x0000000008004ac4                HAL_UART_MspInit
 .text.NMI_Handler
                0x0000000008004b6c        0x6 Core/Src/stm32f1xx_it.o
                0x0000000008004b6c                NMI_Handler
 .text.HardFault_Handler
                0x0000000008004b72        0x6 Core/Src/stm32f1xx_it.o
                0x0000000008004b72                HardFault_Handler
 .text.MemManage_Handler
                0x0000000008004b78        0x6 Core/Src/stm32f1xx_it.o
                0x0000000008004b78                MemManage_Handler
 .text.BusFault_Handler
                0x0000000008004b7e        0x6 Core/Src/stm32f1xx_it.o
                0x0000000008004b7e                BusFault_Handler
 .text.UsageFault_Handler
                0x0000000008004b84        0x6 Core/Src/stm32f1xx_it.o
                0x0000000008004b84                UsageFault_Handler
 .text.SVC_Handler
                0x0000000008004b8a        0xc Core/Src/stm32f1xx_it.o
                0x0000000008004b8a                SVC_Handler
 .text.DebugMon_Handler
                0x0000000008004b96        0xc Core/Src/stm32f1xx_it.o
                0x0000000008004b96                DebugMon_Handler
 .text.PendSV_Handler
                0x0000000008004ba2        0xc Core/Src/stm32f1xx_it.o
                0x0000000008004ba2                PendSV_Handler
 .text.SysTick_Handler
                0x0000000008004bae        0xc Core/Src/stm32f1xx_it.o
                0x0000000008004bae                SysTick_Handler
 *fill*         0x0000000008004bba        0x2 
 .text.TIM1_UP_IRQHandler
                0x0000000008004bbc       0x14 Core/Src/stm32f1xx_it.o
                0x0000000008004bbc                TIM1_UP_IRQHandler
 .text.USART1_IRQHandler
                0x0000000008004bd0       0x14 Core/Src/stm32f1xx_it.o
                0x0000000008004bd0                USART1_IRQHandler
 .text._sbrk    0x0000000008004be4       0x6c Core/Src/sysmem.o
                0x0000000008004be4                _sbrk
 .text.SystemInit
                0x0000000008004c50        0xc Core/Src/system_stm32f1xx.o
                0x0000000008004c50                SystemInit
 .text.Reset_Handler
                0x0000000008004c5c       0x48 Core/Startup/startup_stm32f103c8tx.o
                0x0000000008004c5c                Reset_Handler
 .text.Default_Handler
                0x0000000008004ca4        0x2 Core/Startup/startup_stm32f103c8tx.o
                0x0000000008004ca4                RTC_Alarm_IRQHandler
                0x0000000008004ca4                EXTI2_IRQHandler
                0x0000000008004ca4                TIM1_CC_IRQHandler
                0x0000000008004ca4                PVD_IRQHandler
                0x0000000008004ca4                EXTI3_IRQHandler
                0x0000000008004ca4                EXTI0_IRQHandler
                0x0000000008004ca4                I2C2_EV_IRQHandler
                0x0000000008004ca4                ADC1_2_IRQHandler
                0x0000000008004ca4                SPI1_IRQHandler
                0x0000000008004ca4                TAMPER_IRQHandler
                0x0000000008004ca4                DMA1_Channel4_IRQHandler
                0x0000000008004ca4                USART3_IRQHandler
                0x0000000008004ca4                RTC_IRQHandler
                0x0000000008004ca4                DMA1_Channel7_IRQHandler
                0x0000000008004ca4                CAN1_RX1_IRQHandler
                0x0000000008004ca4                TIM4_IRQHandler
                0x0000000008004ca4                I2C1_EV_IRQHandler
                0x0000000008004ca4                DMA1_Channel6_IRQHandler
                0x0000000008004ca4                TIM3_IRQHandler
                0x0000000008004ca4                RCC_IRQHandler
                0x0000000008004ca4                TIM1_TRG_COM_IRQHandler
                0x0000000008004ca4                DMA1_Channel1_IRQHandler
                0x0000000008004ca4                Default_Handler
                0x0000000008004ca4                EXTI15_10_IRQHandler
                0x0000000008004ca4                EXTI9_5_IRQHandler
                0x0000000008004ca4                SPI2_IRQHandler
                0x0000000008004ca4                DMA1_Channel5_IRQHandler
                0x0000000008004ca4                EXTI4_IRQHandler
                0x0000000008004ca4                USB_LP_CAN1_RX0_IRQHandler
                0x0000000008004ca4                USB_HP_CAN1_TX_IRQHandler
                0x0000000008004ca4                DMA1_Channel3_IRQHandler
                0x0000000008004ca4                WWDG_IRQHandler
                0x0000000008004ca4                TIM2_IRQHandler
                0x0000000008004ca4                TIM1_BRK_IRQHandler
                0x0000000008004ca4                EXTI1_IRQHandler
                0x0000000008004ca4                USART2_IRQHandler
                0x0000000008004ca4                I2C2_ER_IRQHandler
                0x0000000008004ca4                DMA1_Channel2_IRQHandler
                0x0000000008004ca4                CAN1_SCE_IRQHandler
                0x0000000008004ca4                FLASH_IRQHandler
                0x0000000008004ca4                I2C1_ER_IRQHandler
                0x0000000008004ca4                USBWakeUp_IRQHandler
 *fill*         0x0000000008004ca6        0x2 
 .text.HAL_Init
                0x0000000008004ca8       0x2c Drivers/STM32F1xx_HAL_Driver/Src/stm32f1xx_hal.o
                0x0000000008004ca8                HAL_Init
 .text.HAL_InitTick
                0x0000000008004cd4       0x60 Drivers/STM32F1xx_HAL_Driver/Src/stm32f1xx_hal.o
                0x0000000008004cd4                HAL_InitTick
 .text.HAL_IncTick
                0x0000000008004d34       0x24 Drivers/STM32F1xx_HAL_Driver/Src/stm32f1xx_hal.o
                0x0000000008004d34                HAL_IncTick
 .text.HAL_GetTick
                0x0000000008004d58       0x14 Drivers/STM32F1xx_HAL_Driver/Src/stm32f1xx_hal.o
                0x0000000008004d58                HAL_GetTick
 .text.__NVIC_SetPriorityGrouping
                0x0000000008004d6c       0x48 Drivers/STM32F1xx_HAL_Driver/Src/stm32f1xx_hal_cortex.o
 .text.__NVIC_GetPriorityGrouping
                0x0000000008004db4       0x1c Drivers/STM32F1xx_HAL_Driver/Src/stm32f1xx_hal_cortex.o
 .text.__NVIC_EnableIRQ
                0x0000000008004dd0       0x38 Drivers/STM32F1xx_HAL_Driver/Src/stm32f1xx_hal_cortex.o
 .text.__NVIC_SetPriority
                0x0000000008004e08       0x54 Drivers/STM32F1xx_HAL_Driver/Src/stm32f1xx_hal_cortex.o
 .text.NVIC_EncodePriority
                0x0000000008004e5c       0x64 Drivers/STM32F1xx_HAL_Driver/Src/stm32f1xx_hal_cortex.o
 .text.SysTick_Config
                0x0000000008004ec0       0x44 Drivers/STM32F1xx_HAL_Driver/Src/stm32f1xx_hal_cortex.o
 .text.HAL_NVIC_SetPriorityGrouping
                0x0000000008004f04       0x16 Drivers/STM32F1xx_HAL_Driver/Src/stm32f1xx_hal_cortex.o
                0x0000000008004f04                HAL_NVIC_SetPriorityGrouping
 .text.HAL_NVIC_SetPriority
                0x0000000008004f1a       0x38 Drivers/STM32F1xx_HAL_Driver/Src/stm32f1xx_hal_cortex.o
                0x0000000008004f1a                HAL_NVIC_SetPriority
 .text.HAL_NVIC_EnableIRQ
                0x0000000008004f52       0x1c Drivers/STM32F1xx_HAL_Driver/Src/stm32f1xx_hal_cortex.o
                0x0000000008004f52                HAL_NVIC_EnableIRQ
 .text.HAL_SYSTICK_Config
                0x0000000008004f6e       0x18 Drivers/STM32F1xx_HAL_Driver/Src/stm32f1xx_hal_cortex.o
                0x0000000008004f6e                HAL_SYSTICK_Config
 .text.HAL_DMA_Abort
                0x0000000008004f86       0x74 Drivers/STM32F1xx_HAL_Driver/Src/stm32f1xx_hal_dma.o
                0x0000000008004f86                HAL_DMA_Abort
 *fill*         0x0000000008004ffa        0x2 
 .text.HAL_DMA_Abort_IT
                0x0000000008004ffc       0xec Drivers/STM32F1xx_HAL_Driver/Src/stm32f1xx_hal_dma.o
                0x0000000008004ffc                HAL_DMA_Abort_IT
 .text.HAL_GPIO_Init
                0x00000000080050e8      0x2b4 Drivers/STM32F1xx_HAL_Driver/Src/stm32f1xx_hal_gpio.o
                0x00000000080050e8                HAL_GPIO_Init
 .text.HAL_GPIO_WritePin
                0x000000000800539c       0x30 Drivers/STM32F1xx_HAL_Driver/Src/stm32f1xx_hal_gpio.o
                0x000000000800539c                HAL_GPIO_WritePin
 .text.HAL_I2C_Init
                0x00000000080053cc      0x270 Drivers/STM32F1xx_HAL_Driver/Src/stm32f1xx_hal_i2c.o
                0x00000000080053cc                HAL_I2C_Init
 .text.HAL_I2C_Mem_Write
                0x000000000800563c      0x1f4 Drivers/STM32F1xx_HAL_Driver/Src/stm32f1xx_hal_i2c.o
                0x000000000800563c                HAL_I2C_Mem_Write
 .text.HAL_I2C_Mem_Read
                0x0000000008005830      0x4c4 Drivers/STM32F1xx_HAL_Driver/Src/stm32f1xx_hal_i2c.o
                0x0000000008005830                HAL_I2C_Mem_Read
 .text.I2C_RequestMemoryWrite
                0x0000000008005cf4      0x12c Drivers/STM32F1xx_HAL_Driver/Src/stm32f1xx_hal_i2c.o
 .text.I2C_RequestMemoryRead
                0x0000000008005e20      0x1d0 Drivers/STM32F1xx_HAL_Driver/Src/stm32f1xx_hal_i2c.o
 .text.I2C_WaitOnFlagUntilTimeout
                0x0000000008005ff0       0xae Drivers/STM32F1xx_HAL_Driver/Src/stm32f1xx_hal_i2c.o
 .text.I2C_WaitOnMasterAddressFlagUntilTimeout
                0x000000000800609e       0xfe Drivers/STM32F1xx_HAL_Driver/Src/stm32f1xx_hal_i2c.o
 .text.I2C_WaitOnTXEFlagUntilTimeout
                0x000000000800619c       0x82 Drivers/STM32F1xx_HAL_Driver/Src/stm32f1xx_hal_i2c.o
 .text.I2C_WaitOnBTFFlagUntilTimeout
                0x000000000800621e       0x82 Drivers/STM32F1xx_HAL_Driver/Src/stm32f1xx_hal_i2c.o
 .text.I2C_WaitOnRXNEFlagUntilTimeout
                0x00000000080062a0       0xac Drivers/STM32F1xx_HAL_Driver/Src/stm32f1xx_hal_i2c.o
 .text.I2C_IsAcknowledgeFailed
                0x000000000800634c       0x5c Drivers/STM32F1xx_HAL_Driver/Src/stm32f1xx_hal_i2c.o
 .text.HAL_RCC_OscConfig
                0x00000000080063a8      0x500 Drivers/STM32F1xx_HAL_Driver/Src/stm32f1xx_hal_rcc.o
                0x00000000080063a8                HAL_RCC_OscConfig
 .text.HAL_RCC_ClockConfig
                0x00000000080068a8      0x1d4 Drivers/STM32F1xx_HAL_Driver/Src/stm32f1xx_hal_rcc.o
                0x00000000080068a8                HAL_RCC_ClockConfig
 .text.HAL_RCC_GetSysClockFreq
                0x0000000008006a7c       0xc4 Drivers/STM32F1xx_HAL_Driver/Src/stm32f1xx_hal_rcc.o
                0x0000000008006a7c                HAL_RCC_GetSysClockFreq
 .text.HAL_RCC_GetHCLKFreq
                0x0000000008006b40       0x14 Drivers/STM32F1xx_HAL_Driver/Src/stm32f1xx_hal_rcc.o
                0x0000000008006b40                HAL_RCC_GetHCLKFreq
 .text.HAL_RCC_GetPCLK1Freq
                0x0000000008006b54       0x28 Drivers/STM32F1xx_HAL_Driver/Src/stm32f1xx_hal_rcc.o
                0x0000000008006b54                HAL_RCC_GetPCLK1Freq
 .text.HAL_RCC_GetPCLK2Freq
                0x0000000008006b7c       0x28 Drivers/STM32F1xx_HAL_Driver/Src/stm32f1xx_hal_rcc.o
                0x0000000008006b7c                HAL_RCC_GetPCLK2Freq
 .text.RCC_Delay
                0x0000000008006ba4       0x3c Drivers/STM32F1xx_HAL_Driver/Src/stm32f1xx_hal_rcc.o
 .text.HAL_TIM_Base_Init
                0x0000000008006be0       0x9e Drivers/STM32F1xx_HAL_Driver/Src/stm32f1xx_hal_tim.o
                0x0000000008006be0                HAL_TIM_Base_Init
 *fill*         0x0000000008006c7e        0x2 
 .text.HAL_TIM_Base_Start_IT
                0x0000000008006c80       0xa4 Drivers/STM32F1xx_HAL_Driver/Src/stm32f1xx_hal_tim.o
                0x0000000008006c80                HAL_TIM_Base_Start_IT
 .text.HAL_TIM_PWM_Init
                0x0000000008006d24       0x9e Drivers/STM32F1xx_HAL_Driver/Src/stm32f1xx_hal_tim.o
                0x0000000008006d24                HAL_TIM_PWM_Init
 *fill*         0x0000000008006dc2        0x2 
 .text.HAL_TIM_PWM_Start
                0x0000000008006dc4      0x144 Drivers/STM32F1xx_HAL_Driver/Src/stm32f1xx_hal_tim.o
                0x0000000008006dc4                HAL_TIM_PWM_Start
 .text.HAL_TIM_IRQHandler
                0x0000000008006f08      0x210 Drivers/STM32F1xx_HAL_Driver/Src/stm32f1xx_hal_tim.o
                0x0000000008006f08                HAL_TIM_IRQHandler
 .text.HAL_TIM_PWM_ConfigChannel
                0x0000000008007118      0x17c Drivers/STM32F1xx_HAL_Driver/Src/stm32f1xx_hal_tim.o
                0x0000000008007118                HAL_TIM_PWM_ConfigChannel
 .text.HAL_TIM_ConfigClockSource
                0x0000000008007294      0x16e Drivers/STM32F1xx_HAL_Driver/Src/stm32f1xx_hal_tim.o
                0x0000000008007294                HAL_TIM_ConfigClockSource
 .text.HAL_TIM_OC_DelayElapsedCallback
                0x0000000008007402       0x12 Drivers/STM32F1xx_HAL_Driver/Src/stm32f1xx_hal_tim.o
                0x0000000008007402                HAL_TIM_OC_DelayElapsedCallback
 .text.HAL_TIM_IC_CaptureCallback
                0x0000000008007414       0x12 Drivers/STM32F1xx_HAL_Driver/Src/stm32f1xx_hal_tim.o
                0x0000000008007414                HAL_TIM_IC_CaptureCallback
 .text.HAL_TIM_PWM_PulseFinishedCallback
                0x0000000008007426       0x12 Drivers/STM32F1xx_HAL_Driver/Src/stm32f1xx_hal_tim.o
                0x0000000008007426                HAL_TIM_PWM_PulseFinishedCallback
 .text.HAL_TIM_TriggerCallback
                0x0000000008007438       0x12 Drivers/STM32F1xx_HAL_Driver/Src/stm32f1xx_hal_tim.o
                0x0000000008007438                HAL_TIM_TriggerCallback
 *fill*         0x000000000800744a        0x2 
 .text.TIM_Base_SetConfig
                0x000000000800744c       0xc4 Drivers/STM32F1xx_HAL_Driver/Src/stm32f1xx_hal_tim.o
                0x000000000800744c                TIM_Base_SetConfig
 .text.TIM_OC1_SetConfig
                0x0000000008007510       0xcc Drivers/STM32F1xx_HAL_Driver/Src/stm32f1xx_hal_tim.o
 .text.TIM_OC2_SetConfig
                0x00000000080075dc       0xd4 Drivers/STM32F1xx_HAL_Driver/Src/stm32f1xx_hal_tim.o
                0x00000000080075dc                TIM_OC2_SetConfig
 .text.TIM_OC3_SetConfig
                0x00000000080076b0       0xd4 Drivers/STM32F1xx_HAL_Driver/Src/stm32f1xx_hal_tim.o
 .text.TIM_OC4_SetConfig
                0x0000000008007784       0x9c Drivers/STM32F1xx_HAL_Driver/Src/stm32f1xx_hal_tim.o
 .text.TIM_TI1_ConfigInputStage
                0x0000000008007820       0x5c Drivers/STM32F1xx_HAL_Driver/Src/stm32f1xx_hal_tim.o
 .text.TIM_TI2_ConfigInputStage
                0x000000000800787c       0x5e Drivers/STM32F1xx_HAL_Driver/Src/stm32f1xx_hal_tim.o
 .text.TIM_ITRx_SetConfig
                0x00000000080078da       0x34 Drivers/STM32F1xx_HAL_Driver/Src/stm32f1xx_hal_tim.o
 .text.TIM_ETR_SetConfig
                0x000000000800790e       0x3e Drivers/STM32F1xx_HAL_Driver/Src/stm32f1xx_hal_tim.o
                0x000000000800790e                TIM_ETR_SetConfig
 .text.TIM_CCxChannelCmd
                0x000000000800794c       0x48 Drivers/STM32F1xx_HAL_Driver/Src/stm32f1xx_hal_tim.o
                0x000000000800794c                TIM_CCxChannelCmd
 .text.HAL_TIMEx_MasterConfigSynchronization
                0x0000000008007994       0xbc Drivers/STM32F1xx_HAL_Driver/Src/stm32f1xx_hal_tim_ex.o
                0x0000000008007994                HAL_TIMEx_MasterConfigSynchronization
 .text.HAL_TIMEx_CommutCallback
                0x0000000008007a50       0x12 Drivers/STM32F1xx_HAL_Driver/Src/stm32f1xx_hal_tim_ex.o
                0x0000000008007a50                HAL_TIMEx_CommutCallback
 .text.HAL_TIMEx_BreakCallback
                0x0000000008007a62       0x12 Drivers/STM32F1xx_HAL_Driver/Src/stm32f1xx_hal_tim_ex.o
                0x0000000008007a62                HAL_TIMEx_BreakCallback
 .text.HAL_UART_Init
                0x0000000008007a74       0x9a Drivers/STM32F1xx_HAL_Driver/Src/stm32f1xx_hal_uart.o
                0x0000000008007a74                HAL_UART_Init
 .text.HAL_UART_Transmit
                0x0000000008007b0e      0x124 Drivers/STM32F1xx_HAL_Driver/Src/stm32f1xx_hal_uart.o
                0x0000000008007b0e                HAL_UART_Transmit
 *fill*         0x0000000008007c32        0x2 
 .text.HAL_UART_IRQHandler
                0x0000000008007c34      0x358 Drivers/STM32F1xx_HAL_Driver/Src/stm32f1xx_hal_uart.o
                0x0000000008007c34                HAL_UART_IRQHandler
 .text.HAL_UART_TxCpltCallback
                0x0000000008007f8c       0x12 Drivers/STM32F1xx_HAL_Driver/Src/stm32f1xx_hal_uart.o
                0x0000000008007f8c                HAL_UART_TxCpltCallback
 .text.HAL_UART_RxCpltCallback
                0x0000000008007f9e       0x12 Drivers/STM32F1xx_HAL_Driver/Src/stm32f1xx_hal_uart.o
                0x0000000008007f9e                HAL_UART_RxCpltCallback
 .text.HAL_UART_ErrorCallback
                0x0000000008007fb0       0x12 Drivers/STM32F1xx_HAL_Driver/Src/stm32f1xx_hal_uart.o
                0x0000000008007fb0                HAL_UART_ErrorCallback
 .text.HAL_UARTEx_RxEventCallback
                0x0000000008007fc2       0x16 Drivers/STM32F1xx_HAL_Driver/Src/stm32f1xx_hal_uart.o
                0x0000000008007fc2                HAL_UARTEx_RxEventCallback
 .text.UART_WaitOnFlagUntilTimeout
                0x0000000008007fd8       0x94 Drivers/STM32F1xx_HAL_Driver/Src/stm32f1xx_hal_uart.o
 .text.UART_EndRxTransfer
                0x000000000800806c       0x58 Drivers/STM32F1xx_HAL_Driver/Src/stm32f1xx_hal_uart.o
 .text.UART_DMAAbortOnError
                0x00000000080080c4       0x28 Drivers/STM32F1xx_HAL_Driver/Src/stm32f1xx_hal_uart.o
 .text.UART_Transmit_IT
                0x00000000080080ec       0x9e Drivers/STM32F1xx_HAL_Driver/Src/stm32f1xx_hal_uart.o
 .text.UART_EndTransmit_IT
                0x000000000800818a       0x30 Drivers/STM32F1xx_HAL_Driver/Src/stm32f1xx_hal_uart.o
 .text.UART_Receive_IT
                0x00000000080081ba      0x152 Drivers/STM32F1xx_HAL_Driver/Src/stm32f1xx_hal_uart.o
 .text.UART_SetConfig
                0x000000000800830c      0x11c Drivers/STM32F1xx_HAL_Driver/Src/stm32f1xx_hal_uart.o
 .text.__errno  0x0000000008008428        0xc c:/st/stm32cubeide_1.5.1/stm32cubeide/plugins/com.st.stm32cube.ide.mcu.externaltools.gnu-tools-for-stm32.7-2018-q2-update.win32_1.5.0.202011040924/tools/bin/../lib/gcc/arm-none-eabi/7.3.1/../../../../arm-none-eabi/lib/thumb/v7-m\libc_nano.a(lib_a-errno.o)
                0x0000000008008428                __errno
 .text.__libc_init_array
                0x0000000008008434       0x48 c:/st/stm32cubeide_1.5.1/stm32cubeide/plugins/com.st.stm32cube.ide.mcu.externaltools.gnu-tools-for-stm32.7-2018-q2-update.win32_1.5.0.202011040924/tools/bin/../lib/gcc/arm-none-eabi/7.3.1/../../../../arm-none-eabi/lib/thumb/v7-m\libc_nano.a(lib_a-init.o)
                0x0000000008008434                __libc_init_array
 .text.memset   0x000000000800847c       0x10 c:/st/stm32cubeide_1.5.1/stm32cubeide/plugins/com.st.stm32cube.ide.mcu.externaltools.gnu-tools-for-stm32.7-2018-q2-update.win32_1.5.0.202011040924/tools/bin/../lib/gcc/arm-none-eabi/7.3.1/../../../../arm-none-eabi/lib/thumb/v7-m\libc_nano.a(lib_a-memset.o)
                0x000000000800847c                memset
 .text.sprintf  0x000000000800848c       0x40 c:/st/stm32cubeide_1.5.1/stm32cubeide/plugins/com.st.stm32cube.ide.mcu.externaltools.gnu-tools-for-stm32.7-2018-q2-update.win32_1.5.0.202011040924/tools/bin/../lib/gcc/arm-none-eabi/7.3.1/../../../../arm-none-eabi/lib/thumb/v7-m\libc_nano.a(lib_a-sprintf.o)
                0x000000000800848c                siprintf
                0x000000000800848c                sprintf
 .text.__ssputs_r
                0x00000000080084cc       0xb4 c:/st/stm32cubeide_1.5.1/stm32cubeide/plugins/com.st.stm32cube.ide.mcu.externaltools.gnu-tools-for-stm32.7-2018-q2-update.win32_1.5.0.202011040924/tools/bin/../lib/gcc/arm-none-eabi/7.3.1/../../../../arm-none-eabi/lib/thumb/v7-m\libc_nano.a(lib_a-nano-svfprintf.o)
                0x00000000080084cc                __ssputs_r
 .text._svfprintf_r
                0x0000000008008580      0x1f0 c:/st/stm32cubeide_1.5.1/stm32cubeide/plugins/com.st.stm32cube.ide.mcu.externaltools.gnu-tools-for-stm32.7-2018-q2-update.win32_1.5.0.202011040924/tools/bin/../lib/gcc/arm-none-eabi/7.3.1/../../../../arm-none-eabi/lib/thumb/v7-m\libc_nano.a(lib_a-nano-svfprintf.o)
                0x0000000008008580                _svfiprintf_r
                0x0000000008008580                _svfprintf_r
 .text._printf_common
                0x0000000008008770       0xec c:/st/stm32cubeide_1.5.1/stm32cubeide/plugins/com.st.stm32cube.ide.mcu.externaltools.gnu-tools-for-stm32.7-2018-q2-update.win32_1.5.0.202011040924/tools/bin/../lib/gcc/arm-none-eabi/7.3.1/../../../../arm-none-eabi/lib/thumb/v7-m\libc_nano.a(lib_a-nano-vfprintf_i.o)
                0x0000000008008770                _printf_common
 .text._printf_i
                0x000000000800885c      0x224 c:/st/stm32cubeide_1.5.1/stm32cubeide/plugins/com.st.stm32cube.ide.mcu.externaltools.gnu-tools-for-stm32.7-2018-q2-update.win32_1.5.0.202011040924/tools/bin/../lib/gcc/arm-none-eabi/7.3.1/../../../../arm-none-eabi/lib/thumb/v7-m\libc_nano.a(lib_a-nano-vfprintf_i.o)
                0x000000000800885c                _printf_i
 .text.memchr   0x0000000008008a80       0x1c c:/st/stm32cubeide_1.5.1/stm32cubeide/plugins/com.st.stm32cube.ide.mcu.externaltools.gnu-tools-for-stm32.7-2018-q2-update.win32_1.5.0.202011040924/tools/bin/../lib/gcc/arm-none-eabi/7.3.1/../../../../arm-none-eabi/lib/thumb/v7-m\libc_nano.a(lib_a-memchr-stub.o)
                0x0000000008008a80                memchr
 .text.memcpy   0x0000000008008a9c       0x16 c:/st/stm32cubeide_1.5.1/stm32cubeide/plugins/com.st.stm32cube.ide.mcu.externaltools.gnu-tools-for-stm32.7-2018-q2-update.win32_1.5.0.202011040924/tools/bin/../lib/gcc/arm-none-eabi/7.3.1/../../../../arm-none-eabi/lib/thumb/v7-m\libc_nano.a(lib_a-memcpy-stub.o)
                0x0000000008008a9c                memcpy
 .text.memmove  0x0000000008008ab2       0x32 c:/st/stm32cubeide_1.5.1/stm32cubeide/plugins/com.st.stm32cube.ide.mcu.externaltools.gnu-tools-for-stm32.7-2018-q2-update.win32_1.5.0.202011040924/tools/bin/../lib/gcc/arm-none-eabi/7.3.1/../../../../arm-none-eabi/lib/thumb/v7-m\libc_nano.a(lib_a-memmove.o)
                0x0000000008008ab2                memmove
 .text._free_r  0x0000000008008ae4       0x98 c:/st/stm32cubeide_1.5.1/stm32cubeide/plugins/com.st.stm32cube.ide.mcu.externaltools.gnu-tools-for-stm32.7-2018-q2-update.win32_1.5.0.202011040924/tools/bin/../lib/gcc/arm-none-eabi/7.3.1/../../../../arm-none-eabi/lib/thumb/v7-m\libc_nano.a(lib_a-nano-freer.o)
                0x0000000008008ae4                _free_r
 .text._malloc_r
                0x0000000008008b7c       0xb4 c:/st/stm32cubeide_1.5.1/stm32cubeide/plugins/com.st.stm32cube.ide.mcu.externaltools.gnu-tools-for-stm32.7-2018-q2-update.win32_1.5.0.202011040924/tools/bin/../lib/gcc/arm-none-eabi/7.3.1/../../../../arm-none-eabi/lib/thumb/v7-m\libc_nano.a(lib_a-nano-mallocr.o)
                0x0000000008008b7c                _malloc_r
 .text._realloc_r
                0x0000000008008c30       0x4c c:/st/stm32cubeide_1.5.1/stm32cubeide/plugins/com.st.stm32cube.ide.mcu.externaltools.gnu-tools-for-stm32.7-2018-q2-update.win32_1.5.0.202011040924/tools/bin/../lib/gcc/arm-none-eabi/7.3.1/../../../../arm-none-eabi/lib/thumb/v7-m\libc_nano.a(lib_a-nano-reallocr.o)
                0x0000000008008c30                _realloc_r
 .text._sbrk_r  0x0000000008008c7c       0x20 c:/st/stm32cubeide_1.5.1/stm32cubeide/plugins/com.st.stm32cube.ide.mcu.externaltools.gnu-tools-for-stm32.7-2018-q2-update.win32_1.5.0.202011040924/tools/bin/../lib/gcc/arm-none-eabi/7.3.1/../../../../arm-none-eabi/lib/thumb/v7-m\libc_nano.a(lib_a-sbrkr.o)
                0x0000000008008c7c                _sbrk_r
 .text.__malloc_lock
                0x0000000008008c9c        0x2 c:/st/stm32cubeide_1.5.1/stm32cubeide/plugins/com.st.stm32cube.ide.mcu.externaltools.gnu-tools-for-stm32.7-2018-q2-update.win32_1.5.0.202011040924/tools/bin/../lib/gcc/arm-none-eabi/7.3.1/../../../../arm-none-eabi/lib/thumb/v7-m\libc_nano.a(lib_a-mlock.o)
                0x0000000008008c9c                __malloc_lock
 .text.__malloc_unlock
                0x0000000008008c9e        0x2 c:/st/stm32cubeide_1.5.1/stm32cubeide/plugins/com.st.stm32cube.ide.mcu.externaltools.gnu-tools-for-stm32.7-2018-q2-update.win32_1.5.0.202011040924/tools/bin/../lib/gcc/arm-none-eabi/7.3.1/../../../../arm-none-eabi/lib/thumb/v7-m\libc_nano.a(lib_a-mlock.o)
                0x0000000008008c9e                __malloc_unlock
 .text._malloc_usable_size_r
                0x0000000008008ca0       0x10 c:/st/stm32cubeide_1.5.1/stm32cubeide/plugins/com.st.stm32cube.ide.mcu.externaltools.gnu-tools-for-stm32.7-2018-q2-update.win32_1.5.0.202011040924/tools/bin/../lib/gcc/arm-none-eabi/7.3.1/../../../../arm-none-eabi/lib/thumb/v7-m\libc_nano.a(lib_a-nano-msizer.o)
                0x0000000008008ca0                _malloc_usable_size_r
 .text.atan     0x0000000008008cb0      0x314 c:/st/stm32cubeide_1.5.1/stm32cubeide/plugins/com.st.stm32cube.ide.mcu.externaltools.gnu-tools-for-stm32.7-2018-q2-update.win32_1.5.0.202011040924/tools/bin/../lib/gcc/arm-none-eabi/7.3.1/../../../../arm-none-eabi/lib/thumb/v7-m\libm.a(lib_a-s_atan.o)
                0x0000000008008cb0                atan
 .text.fabs     0x0000000008008fc4        0x8 c:/st/stm32cubeide_1.5.1/stm32cubeide/plugins/com.st.stm32cube.ide.mcu.externaltools.gnu-tools-for-stm32.7-2018-q2-update.win32_1.5.0.202011040924/tools/bin/../lib/gcc/arm-none-eabi/7.3.1/../../../../arm-none-eabi/lib/thumb/v7-m\libm.a(lib_a-s_fabs.o)
                0x0000000008008fc4                fabs
 .text.atan2    0x0000000008008fcc        0x4 c:/st/stm32cubeide_1.5.1/stm32cubeide/plugins/com.st.stm32cube.ide.mcu.externaltools.gnu-tools-for-stm32.7-2018-q2-update.win32_1.5.0.202011040924/tools/bin/../lib/gcc/arm-none-eabi/7.3.1/../../../../arm-none-eabi/lib/thumb/v7-m\libm.a(lib_a-w_atan2.o)
                0x0000000008008fcc                atan2
 .text.sqrt     0x0000000008008fd0       0xa8 c:/st/stm32cubeide_1.5.1/stm32cubeide/plugins/com.st.stm32cube.ide.mcu.externaltools.gnu-tools-for-stm32.7-2018-q2-update.win32_1.5.0.202011040924/tools/bin/../lib/gcc/arm-none-eabi/7.3.1/../../../../arm-none-eabi/lib/thumb/v7-m\libm.a(lib_a-w_sqrt.o)
                0x0000000008008fd0                sqrt
 .text.__ieee754_atan2
                0x0000000008009078      0x1bc c:/st/stm32cubeide_1.5.1/stm32cubeide/plugins/com.st.stm32cube.ide.mcu.externaltools.gnu-tools-for-stm32.7-2018-q2-update.win32_1.5.0.202011040924/tools/bin/../lib/gcc/arm-none-eabi/7.3.1/../../../../arm-none-eabi/lib/thumb/v7-m\libm.a(lib_a-e_atan2.o)
                0x0000000008009078                __ieee754_atan2
 .text.__ieee754_sqrt
                0x0000000008009234      0x158 c:/st/stm32cubeide_1.5.1/stm32cubeide/plugins/com.st.stm32cube.ide.mcu.externaltools.gnu-tools-for-stm32.7-2018-q2-update.win32_1.5.0.202011040924/tools/bin/../lib/gcc/arm-none-eabi/7.3.1/../../../../arm-none-eabi/lib/thumb/v7-m\libm.a(lib_a-e_sqrt.o)
                0x0000000008009234                __ieee754_sqrt
 .text.matherr  0x000000000800938c        0x4 c:/st/stm32cubeide_1.5.1/stm32cubeide/plugins/com.st.stm32cube.ide.mcu.externaltools.gnu-tools-for-stm32.7-2018-q2-update.win32_1.5.0.202011040924/tools/bin/../lib/gcc/arm-none-eabi/7.3.1/../../../../arm-none-eabi/lib/thumb/v7-m\libm.a(lib_a-s_matherr.o)
                0x000000000800938c                matherr
 *(.glue_7)
 .glue_7        0x0000000008009390        0x0 linker stubs
 *(.glue_7t)
 .glue_7t       0x0000000008009390        0x0 linker stubs
 *(.eh_frame)
 .eh_frame      0x0000000008009390        0x0 c:/st/stm32cubeide_1.5.1/stm32cubeide/plugins/com.st.stm32cube.ide.mcu.externaltools.gnu-tools-for-stm32.7-2018-q2-update.win32_1.5.0.202011040924/tools/bin/../lib/gcc/arm-none-eabi/7.3.1/thumb/v7-m/crtbegin.o
 *(.init)
 .init          0x0000000008009390        0x4 c:/st/stm32cubeide_1.5.1/stm32cubeide/plugins/com.st.stm32cube.ide.mcu.externaltools.gnu-tools-for-stm32.7-2018-q2-update.win32_1.5.0.202011040924/tools/bin/../lib/gcc/arm-none-eabi/7.3.1/thumb/v7-m/crti.o
                0x0000000008009390                _init
 .init          0x0000000008009394        0x8 c:/st/stm32cubeide_1.5.1/stm32cubeide/plugins/com.st.stm32cube.ide.mcu.externaltools.gnu-tools-for-stm32.7-2018-q2-update.win32_1.5.0.202011040924/tools/bin/../lib/gcc/arm-none-eabi/7.3.1/thumb/v7-m/crtn.o
 *(.fini)
 .fini          0x000000000800939c        0x4 c:/st/stm32cubeide_1.5.1/stm32cubeide/plugins/com.st.stm32cube.ide.mcu.externaltools.gnu-tools-for-stm32.7-2018-q2-update.win32_1.5.0.202011040924/tools/bin/../lib/gcc/arm-none-eabi/7.3.1/thumb/v7-m/crti.o
                0x000000000800939c                _fini
 .fini          0x00000000080093a0        0x8 c:/st/stm32cubeide_1.5.1/stm32cubeide/plugins/com.st.stm32cube.ide.mcu.externaltools.gnu-tools-for-stm32.7-2018-q2-update.win32_1.5.0.202011040924/tools/bin/../lib/gcc/arm-none-eabi/7.3.1/thumb/v7-m/crtn.o
                0x00000000080093a8                . = ALIGN (0x4)
                0x00000000080093a8                _etext = .

.vfp11_veneer   0x00000000080093a8        0x0
 .vfp11_veneer  0x00000000080093a8        0x0 linker stubs

.v4_bx          0x00000000080093a8        0x0
 .v4_bx         0x00000000080093a8        0x0 linker stubs

.iplt           0x00000000080093a8        0x0
 .iplt          0x00000000080093a8        0x0 c:/st/stm32cubeide_1.5.1/stm32cubeide/plugins/com.st.stm32cube.ide.mcu.externaltools.gnu-tools-for-stm32.7-2018-q2-update.win32_1.5.0.202011040924/tools/bin/../lib/gcc/arm-none-eabi/7.3.1/thumb/v7-m/crtbegin.o

.rodata         0x00000000080093a8      0x388
                0x00000000080093a8                . = ALIGN (0x4)
 *(.rodata)
 .rodata        0x00000000080093a8       0x20 Core/Src/main.o
 .rodata        0x00000000080093c8       0x12 Drivers/STM32F1xx_HAL_Driver/Src/stm32f1xx_hal_rcc.o
 *(.rodata*)
 *fill*         0x00000000080093da        0x2 
 .rodata.rules  0x00000000080093dc      0x194 Core/Src/SBR1_fis.o
 .rodata.theta_NB_p
                0x0000000008009570       0x10 Core/Src/SBR1_fis.o
 .rodata.theta_NS_p
                0x0000000008009580       0x10 Core/Src/SBR1_fis.o
 .rodata.theta_ZE_p
                0x0000000008009590        0xc Core/Src/SBR1_fis.o
 .rodata.theta_PS_p
                0x000000000800959c       0x10 Core/Src/SBR1_fis.o
 .rodata.theta_PB_p
                0x00000000080095ac       0x10 Core/Src/SBR1_fis.o
 .rodata.thetadot_NB_p
                0x00000000080095bc        0xc Core/Src/SBR1_fis.o
 .rodata.thetadot_NS_p
                0x00000000080095c8        0xc Core/Src/SBR1_fis.o
 .rodata.thetadot_ZE_p
                0x00000000080095d4        0xc Core/Src/SBR1_fis.o
 .rodata.thetadot_PS_p
                0x00000000080095e0        0xc Core/Src/SBR1_fis.o
 .rodata.thetadot_PB_p
                0x00000000080095ec        0xc Core/Src/SBR1_fis.o
 .rodata.u_NB_p
                0x00000000080095f8        0x4 Core/Src/SBR1_fis.o
 .rodata.u_NM_p
                0x00000000080095fc        0x4 Core/Src/SBR1_fis.o
 .rodata.u_NS_p
                0x0000000008009600        0x4 Core/Src/SBR1_fis.o
 .rodata.u_ZE_p
                0x0000000008009604        0x4 Core/Src/SBR1_fis.o
 .rodata.u_PS_p
                0x0000000008009608        0x4 Core/Src/SBR1_fis.o
 .rodata.u_PM_p
                0x000000000800960c        0x4 Core/Src/SBR1_fis.o
 .rodata.u_PB_p
                0x0000000008009610        0x4 Core/Src/SBR1_fis.o
 .rodata.u_ab.4648
                0x0000000008009614        0x8 Core/Src/qffmath.o
 .rodata.method.5267
                0x000000000800961c       0x14 Core/Src/qfis.o
 .rodata.fShape.5336
                0x0000000008009630       0x6c Core/Src/qfis.o
 .rodata.AHBPrescTable
                0x000000000800969c       0x10 Core/Src/system_stm32f1xx.o
                0x000000000800969c                AHBPrescTable
 .rodata.APBPrescTable
                0x00000000080096ac        0x8 Core/Src/system_stm32f1xx.o
                0x00000000080096ac                APBPrescTable
 .rodata._svfprintf_r.str1.1
                0x00000000080096b4       0x11 c:/st/stm32cubeide_1.5.1/stm32cubeide/plugins/com.st.stm32cube.ide.mcu.externaltools.gnu-tools-for-stm32.7-2018-q2-update.win32_1.5.0.202011040924/tools/bin/../lib/gcc/arm-none-eabi/7.3.1/../../../../arm-none-eabi/lib/thumb/v7-m\libc_nano.a(lib_a-nano-svfprintf.o)
 .rodata._printf_i.str1.1
                0x00000000080096c5       0x22 c:/st/stm32cubeide_1.5.1/stm32cubeide/plugins/com.st.stm32cube.ide.mcu.externaltools.gnu-tools-for-stm32.7-2018-q2-update.win32_1.5.0.202011040924/tools/bin/../lib/gcc/arm-none-eabi/7.3.1/../../../../arm-none-eabi/lib/thumb/v7-m\libc_nano.a(lib_a-nano-vfprintf_i.o)
 *fill*         0x00000000080096e7        0x1 
 .rodata.atanhi
                0x00000000080096e8       0x20 c:/st/stm32cubeide_1.5.1/stm32cubeide/plugins/com.st.stm32cube.ide.mcu.externaltools.gnu-tools-for-stm32.7-2018-q2-update.win32_1.5.0.202011040924/tools/bin/../lib/gcc/arm-none-eabi/7.3.1/../../../../arm-none-eabi/lib/thumb/v7-m\libm.a(lib_a-s_atan.o)
 .rodata.atanlo
                0x0000000008009708       0x20 c:/st/stm32cubeide_1.5.1/stm32cubeide/plugins/com.st.stm32cube.ide.mcu.externaltools.gnu-tools-for-stm32.7-2018-q2-update.win32_1.5.0.202011040924/tools/bin/../lib/gcc/arm-none-eabi/7.3.1/../../../../arm-none-eabi/lib/thumb/v7-m\libm.a(lib_a-s_atan.o)
 .rodata.sqrt.str1.1
                0x0000000008009728        0x5 c:/st/stm32cubeide_1.5.1/stm32cubeide/plugins/com.st.stm32cube.ide.mcu.externaltools.gnu-tools-for-stm32.7-2018-q2-update.win32_1.5.0.202011040924/tools/bin/../lib/gcc/arm-none-eabi/7.3.1/../../../../arm-none-eabi/lib/thumb/v7-m\libm.a(lib_a-w_sqrt.o)
                0x0000000008009730                . = ALIGN (0x4)
 *fill*         0x000000000800972d        0x3 

.rel.dyn        0x0000000008009730        0x0
 .rel.iplt      0x0000000008009730        0x0 c:/st/stm32cubeide_1.5.1/stm32cubeide/plugins/com.st.stm32cube.ide.mcu.externaltools.gnu-tools-for-stm32.7-2018-q2-update.win32_1.5.0.202011040924/tools/bin/../lib/gcc/arm-none-eabi/7.3.1/thumb/v7-m/crtbegin.o

.ARM.extab      0x0000000008009730        0x0
                0x0000000008009730                . = ALIGN (0x4)
 *(.ARM.extab* .gnu.linkonce.armextab.*)
                0x0000000008009730                . = ALIGN (0x4)

.ARM            0x0000000008009730        0x0
                0x0000000008009730                . = ALIGN (0x4)
                0x0000000008009730                __exidx_start = .
 *(.ARM.exidx*)
                0x0000000008009730                __exidx_end = .
                0x0000000008009730                . = ALIGN (0x4)

.preinit_array  0x0000000008009730        0x0
                0x0000000008009730                . = ALIGN (0x4)
                0x0000000008009730                PROVIDE (__preinit_array_start = .)
 *(.preinit_array*)
                0x0000000008009730                PROVIDE (__preinit_array_end = .)
                0x0000000008009730                . = ALIGN (0x4)

.init_array     0x0000000008009730        0x4
                0x0000000008009730                . = ALIGN (0x4)
                0x0000000008009730                PROVIDE (__init_array_start = .)
 *(SORT_BY_NAME(.init_array.*))
 *(.init_array*)
 .init_array    0x0000000008009730        0x4 c:/st/stm32cubeide_1.5.1/stm32cubeide/plugins/com.st.stm32cube.ide.mcu.externaltools.gnu-tools-for-stm32.7-2018-q2-update.win32_1.5.0.202011040924/tools/bin/../lib/gcc/arm-none-eabi/7.3.1/thumb/v7-m/crtbegin.o
                0x0000000008009734                PROVIDE (__init_array_end = .)
                0x0000000008009734                . = ALIGN (0x4)

.fini_array     0x0000000008009734        0x4
                0x0000000008009734                . = ALIGN (0x4)
                [!provide]                        PROVIDE (__fini_array_start = .)
 *(SORT_BY_NAME(.fini_array.*))
 *(.fini_array*)
 .fini_array    0x0000000008009734        0x4 c:/st/stm32cubeide_1.5.1/stm32cubeide/plugins/com.st.stm32cube.ide.mcu.externaltools.gnu-tools-for-stm32.7-2018-q2-update.win32_1.5.0.202011040924/tools/bin/../lib/gcc/arm-none-eabi/7.3.1/thumb/v7-m/crtbegin.o
                [!provide]                        PROVIDE (__fini_array_end = .)
                0x0000000008009738                . = ALIGN (0x4)
                0x0000000008009738                _sidata = LOADADDR (.data)

.data           0x0000000020000000      0x120 load address 0x0000000008009738
                0x0000000020000000                . = ALIGN (0x4)
                0x0000000020000000                _sdata = .
 *(.data)
 *(.data*)
 .data.t_fuzzy  0x0000000020000000       0x14 Core/Src/main.o
                0x0000000020000000                t_fuzzy
 *fill*         0x0000000020000014        0x4 
 .data.KalmanX  0x0000000020000018       0x48 Core/Src/mpu6050.o
                0x0000000020000018                KalmanX
 .data.KalmanY  0x0000000020000060       0x48 Core/Src/mpu6050.o
                0x0000000020000060                KalmanY
 .data.init.4650
                0x00000000200000a8        0x1 Core/Src/qffmath.o
 *fill*         0x00000000200000a9        0x3 
 .data.SystemCoreClock
                0x00000000200000ac        0x4 Core/Src/system_stm32f1xx.o
                0x00000000200000ac                SystemCoreClock
 .data.uwTickPrio
                0x00000000200000b0        0x4 Drivers/STM32F1xx_HAL_Driver/Src/stm32f1xx_hal.o
                0x00000000200000b0                uwTickPrio
 .data.uwTickFreq
                0x00000000200000b4        0x1 Drivers/STM32F1xx_HAL_Driver/Src/stm32f1xx_hal.o
                0x00000000200000b4                uwTickFreq
 *fill*         0x00000000200000b5        0x3 
 .data._impure_ptr
                0x00000000200000b8        0x4 c:/st/stm32cubeide_1.5.1/stm32cubeide/plugins/com.st.stm32cube.ide.mcu.externaltools.gnu-tools-for-stm32.7-2018-q2-update.win32_1.5.0.202011040924/tools/bin/../lib/gcc/arm-none-eabi/7.3.1/../../../../arm-none-eabi/lib/thumb/v7-m\libc_nano.a(lib_a-impure.o)
                0x00000000200000b8                _impure_ptr
 .data.impure_data
                0x00000000200000bc       0x60 c:/st/stm32cubeide_1.5.1/stm32cubeide/plugins/com.st.stm32cube.ide.mcu.externaltools.gnu-tools-for-stm32.7-2018-q2-update.win32_1.5.0.202011040924/tools/bin/../lib/gcc/arm-none-eabi/7.3.1/../../../../arm-none-eabi/lib/thumb/v7-m\libc_nano.a(lib_a-impure.o)
 .data.__fdlib_version
                0x000000002000011c        0x1 c:/st/stm32cubeide_1.5.1/stm32cubeide/plugins/com.st.stm32cube.ide.mcu.externaltools.gnu-tools-for-stm32.7-2018-q2-update.win32_1.5.0.202011040924/tools/bin/../lib/gcc/arm-none-eabi/7.3.1/../../../../arm-none-eabi/lib/thumb/v7-m\libm.a(lib_a-s_lib_ver.o)
                0x000000002000011c                __fdlib_version
 *(.RamFunc)
 *(.RamFunc*)
                0x0000000020000120                . = ALIGN (0x4)
 *fill*         0x000000002000011d        0x3 
                0x0000000020000120                _edata = .

.igot.plt       0x0000000020000120        0x0 load address 0x0000000008009858
 .igot.plt      0x0000000020000120        0x0 c:/st/stm32cubeide_1.5.1/stm32cubeide/plugins/com.st.stm32cube.ide.mcu.externaltools.gnu-tools-for-stm32.7-2018-q2-update.win32_1.5.0.202011040924/tools/bin/../lib/gcc/arm-none-eabi/7.3.1/thumb/v7-m/crtbegin.o
                0x0000000020000120                . = ALIGN (0x4)

.bss            0x0000000020000120      0x4d4 load address 0x0000000008009858
                0x0000000020000120                _sbss = .
                0x0000000020000120                __bss_start__ = _sbss
 *(.bss)
 .bss           0x0000000020000120       0x1c c:/st/stm32cubeide_1.5.1/stm32cubeide/plugins/com.st.stm32cube.ide.mcu.externaltools.gnu-tools-for-stm32.7-2018-q2-update.win32_1.5.0.202011040924/tools/bin/../lib/gcc/arm-none-eabi/7.3.1/thumb/v7-m/crtbegin.o
 *(.bss*)
 .bss.SBR1      0x000000002000013c       0x60 Core/Src/SBR1_fis.o
 .bss.SBR1_inputs
                0x000000002000019c       0x18 Core/Src/SBR1_fis.o
 .bss.SBR1_outputs
                0x00000000200001b4       0x34 Core/Src/SBR1_fis.o
 .bss.MFin      0x00000000200001e8       0xc8 Core/Src/SBR1_fis.o
 .bss.MFout     0x00000000200002b0       0x8c Core/Src/SBR1_fis.o
 .bss.rStrength
                0x000000002000033c       0x64 Core/Src/SBR1_fis.o
                0x000000002000033c                rStrength
 .bss.u8_flag_10ms
                0x00000000200003a0        0x1 Core/Src/main.o
                0x00000000200003a0                u8_flag_10ms
 *fill*         0x00000000200003a1        0x3 
 .bss.f_ab.4649
                0x00000000200003a4        0x8 Core/Src/qffmath.o
 .bss.__sbrk_heap_end
                0x00000000200003ac        0x4 Core/Src/sysmem.o
 .bss.__malloc_free_list
                0x00000000200003b0        0x4 c:/st/stm32cubeide_1.5.1/stm32cubeide/plugins/com.st.stm32cube.ide.mcu.externaltools.gnu-tools-for-stm32.7-2018-q2-update.win32_1.5.0.202011040924/tools/bin/../lib/gcc/arm-none-eabi/7.3.1/../../../../arm-none-eabi/lib/thumb/v7-m\libc_nano.a(lib_a-nano-mallocr.o)
                0x00000000200003b0                __malloc_free_list
 .bss.__malloc_sbrk_start
                0x00000000200003b4        0x4 c:/st/stm32cubeide_1.5.1/stm32cubeide/plugins/com.st.stm32cube.ide.mcu.externaltools.gnu-tools-for-stm32.7-2018-q2-update.win32_1.5.0.202011040924/tools/bin/../lib/gcc/arm-none-eabi/7.3.1/../../../../arm-none-eabi/lib/thumb/v7-m\libc_nano.a(lib_a-nano-mallocr.o)
                0x00000000200003b4                __malloc_sbrk_start
 *(COMMON)
 COMMON         0x00000000200003b8      0x230 Core/Src/main.o
                0x00000000200003b8                htim4
                0x0000000020000400                hi2c1
                0x0000000020000454                htim3
                0x00000000200004a0                t_MPU6050
                0x00000000200004f8                huart1
                0x000000002000053c                data
                0x00000000200005a0                htim1
 COMMON         0x00000000200005e8        0x4 Core/Src/mpu6050.o
                0x00000000200005e8                timer
 COMMON         0x00000000200005ec        0x4 Drivers/STM32F1xx_HAL_Driver/Src/stm32f1xx_hal.o
                0x00000000200005ec                uwTick
 COMMON         0x00000000200005f0        0x4 c:/st/stm32cubeide_1.5.1/stm32cubeide/plugins/com.st.stm32cube.ide.mcu.externaltools.gnu-tools-for-stm32.7-2018-q2-update.win32_1.5.0.202011040924/tools/bin/../lib/gcc/arm-none-eabi/7.3.1/../../../../arm-none-eabi/lib/thumb/v7-m\libc_nano.a(lib_a-reent.o)
                0x00000000200005f0                errno
                0x00000000200005f4                . = ALIGN (0x4)
                0x00000000200005f4                _ebss = .
                0x00000000200005f4                __bss_end__ = _ebss

._user_heap_stack
                0x00000000200005f4      0x604 load address 0x0000000008009858
                0x00000000200005f8                . = ALIGN (0x8)
 *fill*         0x00000000200005f4        0x4 
                [!provide]                        PROVIDE (end = .)
                0x00000000200005f8                PROVIDE (_end = .)
                0x00000000200007f8                . = (. + _Min_Heap_Size)
 *fill*         0x00000000200005f8      0x200 
                0x0000000020000bf8                . = (. + _Min_Stack_Size)
 *fill*         0x00000000200007f8      0x400 
                0x0000000020000bf8                . = ALIGN (0x8)

/DISCARD/
 libc.a(*)
 libm.a(*)
 libgcc.a(*)

.ARM.attributes
                0x0000000000000000       0x29
 *(.ARM.attributes)
 .ARM.attributes
                0x0000000000000000       0x1d c:/st/stm32cubeide_1.5.1/stm32cubeide/plugins/com.st.stm32cube.ide.mcu.externaltools.gnu-tools-for-stm32.7-2018-q2-update.win32_1.5.0.202011040924/tools/bin/../lib/gcc/arm-none-eabi/7.3.1/thumb/v7-m/crti.o
 .ARM.attributes
                0x000000000000001d       0x2d c:/st/stm32cubeide_1.5.1/stm32cubeide/plugins/com.st.stm32cube.ide.mcu.externaltools.gnu-tools-for-stm32.7-2018-q2-update.win32_1.5.0.202011040924/tools/bin/../lib/gcc/arm-none-eabi/7.3.1/thumb/v7-m/crtbegin.o
 .ARM.attributes
                0x000000000000004a       0x33 Core/Src/SBR1_fis.o
 .ARM.attributes
                0x000000000000007d       0x33 Core/Src/main.o
 .ARM.attributes
                0x00000000000000b0       0x33 Core/Src/motor.o
 .ARM.attributes
                0x00000000000000e3       0x33 Core/Src/mpu6050.o
 .ARM.attributes
                0x0000000000000116       0x33 Core/Src/qffmath.o
 .ARM.attributes
                0x0000000000000149       0x33 Core/Src/qfis.o
 .ARM.attributes
                0x000000000000017c       0x33 Core/Src/qfmathex.o
 .ARM.attributes
                0x00000000000001af       0x33 Core/Src/stm32f1xx_hal_msp.o
 .ARM.attributes
                0x00000000000001e2       0x33 Core/Src/stm32f1xx_it.o
 .ARM.attributes
                0x0000000000000215       0x33 Core/Src/sysmem.o
 .ARM.attributes
                0x0000000000000248       0x33 Core/Src/system_stm32f1xx.o
 .ARM.attributes
                0x000000000000027b       0x21 Core/Startup/startup_stm32f103c8tx.o
 .ARM.attributes
                0x000000000000029c       0x33 Drivers/STM32F1xx_HAL_Driver/Src/stm32f1xx_hal.o
 .ARM.attributes
                0x00000000000002cf       0x33 Drivers/STM32F1xx_HAL_Driver/Src/stm32f1xx_hal_cortex.o
 .ARM.attributes
                0x0000000000000302       0x33 Drivers/STM32F1xx_HAL_Driver/Src/stm32f1xx_hal_dma.o
 .ARM.attributes
                0x0000000000000335       0x33 Drivers/STM32F1xx_HAL_Driver/Src/stm32f1xx_hal_gpio.o
 .ARM.attributes
                0x0000000000000368       0x33 Drivers/STM32F1xx_HAL_Driver/Src/stm32f1xx_hal_i2c.o
 .ARM.attributes
                0x000000000000039b       0x33 Drivers/STM32F1xx_HAL_Driver/Src/stm32f1xx_hal_rcc.o
 .ARM.attributes
                0x00000000000003ce       0x33 Drivers/STM32F1xx_HAL_Driver/Src/stm32f1xx_hal_tim.o
 .ARM.attributes
                0x0000000000000401       0x33 Drivers/STM32F1xx_HAL_Driver/Src/stm32f1xx_hal_tim_ex.o
 .ARM.attributes
                0x0000000000000434       0x33 Drivers/STM32F1xx_HAL_Driver/Src/stm32f1xx_hal_uart.o
 .ARM.attributes
                0x0000000000000467       0x2d c:/st/stm32cubeide_1.5.1/stm32cubeide/plugins/com.st.stm32cube.ide.mcu.externaltools.gnu-tools-for-stm32.7-2018-q2-update.win32_1.5.0.202011040924/tools/bin/../lib/gcc/arm-none-eabi/7.3.1/../../../../arm-none-eabi/lib/thumb/v7-m\libc_nano.a(lib_a-errno.o)
 .ARM.attributes
                0x0000000000000494       0x2d c:/st/stm32cubeide_1.5.1/stm32cubeide/plugins/com.st.stm32cube.ide.mcu.externaltools.gnu-tools-for-stm32.7-2018-q2-update.win32_1.5.0.202011040924/tools/bin/../lib/gcc/arm-none-eabi/7.3.1/../../../../arm-none-eabi/lib/thumb/v7-m\libc_nano.a(lib_a-impure.o)
 .ARM.attributes
                0x00000000000004c1       0x2d c:/st/stm32cubeide_1.5.1/stm32cubeide/plugins/com.st.stm32cube.ide.mcu.externaltools.gnu-tools-for-stm32.7-2018-q2-update.win32_1.5.0.202011040924/tools/bin/../lib/gcc/arm-none-eabi/7.3.1/../../../../arm-none-eabi/lib/thumb/v7-m\libc_nano.a(lib_a-init.o)
 .ARM.attributes
                0x00000000000004ee       0x2d c:/st/stm32cubeide_1.5.1/stm32cubeide/plugins/com.st.stm32cube.ide.mcu.externaltools.gnu-tools-for-stm32.7-2018-q2-update.win32_1.5.0.202011040924/tools/bin/../lib/gcc/arm-none-eabi/7.3.1/../../../../arm-none-eabi/lib/thumb/v7-m\libc_nano.a(lib_a-memset.o)
 .ARM.attributes
                0x000000000000051b       0x2d c:/st/stm32cubeide_1.5.1/stm32cubeide/plugins/com.st.stm32cube.ide.mcu.externaltools.gnu-tools-for-stm32.7-2018-q2-update.win32_1.5.0.202011040924/tools/bin/../lib/gcc/arm-none-eabi/7.3.1/../../../../arm-none-eabi/lib/thumb/v7-m\libc_nano.a(lib_a-sprintf.o)
 .ARM.attributes
                0x0000000000000548       0x17 c:/st/stm32cubeide_1.5.1/stm32cubeide/plugins/com.st.stm32cube.ide.mcu.externaltools.gnu-tools-for-stm32.7-2018-q2-update.win32_1.5.0.202011040924/tools/bin/../lib/gcc/arm-none-eabi/7.3.1/../../../../arm-none-eabi/lib/thumb/v7-m\libc_nano.a(lib_a-strlen.o)
 .ARM.attributes
                0x000000000000055f       0x2d c:/st/stm32cubeide_1.5.1/stm32cubeide/plugins/com.st.stm32cube.ide.mcu.externaltools.gnu-tools-for-stm32.7-2018-q2-update.win32_1.5.0.202011040924/tools/bin/../lib/gcc/arm-none-eabi/7.3.1/../../../../arm-none-eabi/lib/thumb/v7-m\libc_nano.a(lib_a-nano-svfprintf.o)
 .ARM.attributes
                0x000000000000058c       0x2d c:/st/stm32cubeide_1.5.1/stm32cubeide/plugins/com.st.stm32cube.ide.mcu.externaltools.gnu-tools-for-stm32.7-2018-q2-update.win32_1.5.0.202011040924/tools/bin/../lib/gcc/arm-none-eabi/7.3.1/../../../../arm-none-eabi/lib/thumb/v7-m\libc_nano.a(lib_a-nano-vfprintf_i.o)
 .ARM.attributes
                0x00000000000005b9       0x2d c:/st/stm32cubeide_1.5.1/stm32cubeide/plugins/com.st.stm32cube.ide.mcu.externaltools.gnu-tools-for-stm32.7-2018-q2-update.win32_1.5.0.202011040924/tools/bin/../lib/gcc/arm-none-eabi/7.3.1/../../../../arm-none-eabi/lib/thumb/v7-m\libc_nano.a(lib_a-memchr-stub.o)
 .ARM.attributes
                0x00000000000005e6       0x2d c:/st/stm32cubeide_1.5.1/stm32cubeide/plugins/com.st.stm32cube.ide.mcu.externaltools.gnu-tools-for-stm32.7-2018-q2-update.win32_1.5.0.202011040924/tools/bin/../lib/gcc/arm-none-eabi/7.3.1/../../../../arm-none-eabi/lib/thumb/v7-m\libc_nano.a(lib_a-memcpy-stub.o)
 .ARM.attributes
                0x0000000000000613       0x2d c:/st/stm32cubeide_1.5.1/stm32cubeide/plugins/com.st.stm32cube.ide.mcu.externaltools.gnu-tools-for-stm32.7-2018-q2-update.win32_1.5.0.202011040924/tools/bin/../lib/gcc/arm-none-eabi/7.3.1/../../../../arm-none-eabi/lib/thumb/v7-m\libc_nano.a(lib_a-memmove.o)
 .ARM.attributes
                0x0000000000000640       0x2d c:/st/stm32cubeide_1.5.1/stm32cubeide/plugins/com.st.stm32cube.ide.mcu.externaltools.gnu-tools-for-stm32.7-2018-q2-update.win32_1.5.0.202011040924/tools/bin/../lib/gcc/arm-none-eabi/7.3.1/../../../../arm-none-eabi/lib/thumb/v7-m\libc_nano.a(lib_a-nano-freer.o)
 .ARM.attributes
                0x000000000000066d       0x2d c:/st/stm32cubeide_1.5.1/stm32cubeide/plugins/com.st.stm32cube.ide.mcu.externaltools.gnu-tools-for-stm32.7-2018-q2-update.win32_1.5.0.202011040924/tools/bin/../lib/gcc/arm-none-eabi/7.3.1/../../../../arm-none-eabi/lib/thumb/v7-m\libc_nano.a(lib_a-nano-mallocr.o)
 .ARM.attributes
                0x000000000000069a       0x2d c:/st/stm32cubeide_1.5.1/stm32cubeide/plugins/com.st.stm32cube.ide.mcu.externaltools.gnu-tools-for-stm32.7-2018-q2-update.win32_1.5.0.202011040924/tools/bin/../lib/gcc/arm-none-eabi/7.3.1/../../../../arm-none-eabi/lib/thumb/v7-m\libc_nano.a(lib_a-nano-reallocr.o)
 .ARM.attributes
                0x00000000000006c7       0x2d c:/st/stm32cubeide_1.5.1/stm32cubeide/plugins/com.st.stm32cube.ide.mcu.externaltools.gnu-tools-for-stm32.7-2018-q2-update.win32_1.5.0.202011040924/tools/bin/../lib/gcc/arm-none-eabi/7.3.1/../../../../arm-none-eabi/lib/thumb/v7-m\libc_nano.a(lib_a-sbrkr.o)
 .ARM.attributes
                0x00000000000006f4       0x2d c:/st/stm32cubeide_1.5.1/stm32cubeide/plugins/com.st.stm32cube.ide.mcu.externaltools.gnu-tools-for-stm32.7-2018-q2-update.win32_1.5.0.202011040924/tools/bin/../lib/gcc/arm-none-eabi/7.3.1/../../../../arm-none-eabi/lib/thumb/v7-m\libc_nano.a(lib_a-mlock.o)
 .ARM.attributes
                0x0000000000000721       0x2d c:/st/stm32cubeide_1.5.1/stm32cubeide/plugins/com.st.stm32cube.ide.mcu.externaltools.gnu-tools-for-stm32.7-2018-q2-update.win32_1.5.0.202011040924/tools/bin/../lib/gcc/arm-none-eabi/7.3.1/../../../../arm-none-eabi/lib/thumb/v7-m\libc_nano.a(lib_a-nano-msizer.o)
 .ARM.attributes
                0x000000000000074e       0x2d c:/st/stm32cubeide_1.5.1/stm32cubeide/plugins/com.st.stm32cube.ide.mcu.externaltools.gnu-tools-for-stm32.7-2018-q2-update.win32_1.5.0.202011040924/tools/bin/../lib/gcc/arm-none-eabi/7.3.1/../../../../arm-none-eabi/lib/thumb/v7-m\libc_nano.a(lib_a-reent.o)
 .ARM.attributes
                0x000000000000077b       0x2d c:/st/stm32cubeide_1.5.1/stm32cubeide/plugins/com.st.stm32cube.ide.mcu.externaltools.gnu-tools-for-stm32.7-2018-q2-update.win32_1.5.0.202011040924/tools/bin/../lib/gcc/arm-none-eabi/7.3.1/../../../../arm-none-eabi/lib/thumb/v7-m\libm.a(lib_a-s_atan.o)
 .ARM.attributes
                0x00000000000007a8       0x2d c:/st/stm32cubeide_1.5.1/stm32cubeide/plugins/com.st.stm32cube.ide.mcu.externaltools.gnu-tools-for-stm32.7-2018-q2-update.win32_1.5.0.202011040924/tools/bin/../lib/gcc/arm-none-eabi/7.3.1/../../../../arm-none-eabi/lib/thumb/v7-m\libm.a(lib_a-s_fabs.o)
 .ARM.attributes
                0x00000000000007d5       0x2d c:/st/stm32cubeide_1.5.1/stm32cubeide/plugins/com.st.stm32cube.ide.mcu.externaltools.gnu-tools-for-stm32.7-2018-q2-update.win32_1.5.0.202011040924/tools/bin/../lib/gcc/arm-none-eabi/7.3.1/../../../../arm-none-eabi/lib/thumb/v7-m\libm.a(lib_a-w_atan2.o)
 .ARM.attributes
                0x0000000000000802       0x2d c:/st/stm32cubeide_1.5.1/stm32cubeide/plugins/com.st.stm32cube.ide.mcu.externaltools.gnu-tools-for-stm32.7-2018-q2-update.win32_1.5.0.202011040924/tools/bin/../lib/gcc/arm-none-eabi/7.3.1/../../../../arm-none-eabi/lib/thumb/v7-m\libm.a(lib_a-w_sqrt.o)
 .ARM.attributes
                0x000000000000082f       0x2d c:/st/stm32cubeide_1.5.1/stm32cubeide/plugins/com.st.stm32cube.ide.mcu.externaltools.gnu-tools-for-stm32.7-2018-q2-update.win32_1.5.0.202011040924/tools/bin/../lib/gcc/arm-none-eabi/7.3.1/../../../../arm-none-eabi/lib/thumb/v7-m\libm.a(lib_a-e_atan2.o)
 .ARM.attributes
                0x000000000000085c       0x2d c:/st/stm32cubeide_1.5.1/stm32cubeide/plugins/com.st.stm32cube.ide.mcu.externaltools.gnu-tools-for-stm32.7-2018-q2-update.win32_1.5.0.202011040924/tools/bin/../lib/gcc/arm-none-eabi/7.3.1/../../../../arm-none-eabi/lib/thumb/v7-m\libm.a(lib_a-e_sqrt.o)
 .ARM.attributes
                0x0000000000000889       0x2d c:/st/stm32cubeide_1.5.1/stm32cubeide/plugins/com.st.stm32cube.ide.mcu.externaltools.gnu-tools-for-stm32.7-2018-q2-update.win32_1.5.0.202011040924/tools/bin/../lib/gcc/arm-none-eabi/7.3.1/../../../../arm-none-eabi/lib/thumb/v7-m\libm.a(lib_a-s_lib_ver.o)
 .ARM.attributes
                0x00000000000008b6       0x2d c:/st/stm32cubeide_1.5.1/stm32cubeide/plugins/com.st.stm32cube.ide.mcu.externaltools.gnu-tools-for-stm32.7-2018-q2-update.win32_1.5.0.202011040924/tools/bin/../lib/gcc/arm-none-eabi/7.3.1/../../../../arm-none-eabi/lib/thumb/v7-m\libm.a(lib_a-s_matherr.o)
 .ARM.attributes
                0x00000000000008e3       0x1d c:/st/stm32cubeide_1.5.1/stm32cubeide/plugins/com.st.stm32cube.ide.mcu.externaltools.gnu-tools-for-stm32.7-2018-q2-update.win32_1.5.0.202011040924/tools/bin/../lib/gcc/arm-none-eabi/7.3.1/thumb/v7-m\libgcc.a(_arm_addsubdf3.o)
 .ARM.attributes
                0x0000000000000900       0x1d c:/st/stm32cubeide_1.5.1/stm32cubeide/plugins/com.st.stm32cube.ide.mcu.externaltools.gnu-tools-for-stm32.7-2018-q2-update.win32_1.5.0.202011040924/tools/bin/../lib/gcc/arm-none-eabi/7.3.1/thumb/v7-m\libgcc.a(_arm_muldivdf3.o)
 .ARM.attributes
                0x000000000000091d       0x1d c:/st/stm32cubeide_1.5.1/stm32cubeide/plugins/com.st.stm32cube.ide.mcu.externaltools.gnu-tools-for-stm32.7-2018-q2-update.win32_1.5.0.202011040924/tools/bin/../lib/gcc/arm-none-eabi/7.3.1/thumb/v7-m\libgcc.a(_arm_cmpdf2.o)
 .ARM.attributes
                0x000000000000093a       0x1d c:/st/stm32cubeide_1.5.1/stm32cubeide/plugins/com.st.stm32cube.ide.mcu.externaltools.gnu-tools-for-stm32.7-2018-q2-update.win32_1.5.0.202011040924/tools/bin/../lib/gcc/arm-none-eabi/7.3.1/thumb/v7-m\libgcc.a(_arm_unorddf2.o)
 .ARM.attributes
                0x0000000000000957       0x1d c:/st/stm32cubeide_1.5.1/stm32cubeide/plugins/com.st.stm32cube.ide.mcu.externaltools.gnu-tools-for-stm32.7-2018-q2-update.win32_1.5.0.202011040924/tools/bin/../lib/gcc/arm-none-eabi/7.3.1/thumb/v7-m\libgcc.a(_arm_fixdfsi.o)
 .ARM.attributes
                0x0000000000000974       0x1d c:/st/stm32cubeide_1.5.1/stm32cubeide/plugins/com.st.stm32cube.ide.mcu.externaltools.gnu-tools-for-stm32.7-2018-q2-update.win32_1.5.0.202011040924/tools/bin/../lib/gcc/arm-none-eabi/7.3.1/thumb/v7-m\libgcc.a(_arm_truncdfsf2.o)
 .ARM.attributes
                0x0000000000000991       0x1d c:/st/stm32cubeide_1.5.1/stm32cubeide/plugins/com.st.stm32cube.ide.mcu.externaltools.gnu-tools-for-stm32.7-2018-q2-update.win32_1.5.0.202011040924/tools/bin/../lib/gcc/arm-none-eabi/7.3.1/thumb/v7-m\libgcc.a(_arm_addsubsf3.o)
 .ARM.attributes
                0x00000000000009ae       0x1d c:/st/stm32cubeide_1.5.1/stm32cubeide/plugins/com.st.stm32cube.ide.mcu.externaltools.gnu-tools-for-stm32.7-2018-q2-update.win32_1.5.0.202011040924/tools/bin/../lib/gcc/arm-none-eabi/7.3.1/thumb/v7-m\libgcc.a(_arm_muldivsf3.o)
 .ARM.attributes
                0x00000000000009cb       0x1d c:/st/stm32cubeide_1.5.1/stm32cubeide/plugins/com.st.stm32cube.ide.mcu.externaltools.gnu-tools-for-stm32.7-2018-q2-update.win32_1.5.0.202011040924/tools/bin/../lib/gcc/arm-none-eabi/7.3.1/thumb/v7-m\libgcc.a(_arm_cmpsf2.o)
 .ARM.attributes
                0x00000000000009e8       0x1d c:/st/stm32cubeide_1.5.1/stm32cubeide/plugins/com.st.stm32cube.ide.mcu.externaltools.gnu-tools-for-stm32.7-2018-q2-update.win32_1.5.0.202011040924/tools/bin/../lib/gcc/arm-none-eabi/7.3.1/thumb/v7-m\libgcc.a(_arm_fixsfsi.o)
 .ARM.attributes
                0x0000000000000a05       0x1d c:/st/stm32cubeide_1.5.1/stm32cubeide/plugins/com.st.stm32cube.ide.mcu.externaltools.gnu-tools-for-stm32.7-2018-q2-update.win32_1.5.0.202011040924/tools/bin/../lib/gcc/arm-none-eabi/7.3.1/thumb/v7-m\libgcc.a(_arm_fixunssfsi.o)
 .ARM.attributes
                0x0000000000000a22       0x1d c:/st/stm32cubeide_1.5.1/stm32cubeide/plugins/com.st.stm32cube.ide.mcu.externaltools.gnu-tools-for-stm32.7-2018-q2-update.win32_1.5.0.202011040924/tools/bin/../lib/gcc/arm-none-eabi/7.3.1/thumb/v7-m/crtn.o
OUTPUT(Self_Balancing_Robot.elf elf32-littlearm)

.debug_info     0x0000000000000000    0x15152
 .debug_info    0x0000000000000000     0x1097 Core/Src/SBR1_fis.o
 .debug_info    0x0000000000001097     0x1ab3 Core/Src/main.o
 .debug_info    0x0000000000002b4a      0x832 Core/Src/motor.o
 .debug_info    0x000000000000337c     0x129e Core/Src/mpu6050.o
 .debug_info    0x000000000000461a     0x13e8 Core/Src/qffmath.o
 .debug_info    0x0000000000005a02     0x2622 Core/Src/qfis.o
 .debug_info    0x0000000000008024      0xb75 Core/Src/qfmathex.o
 .debug_info    0x0000000000008b99     0x113b Core/Src/stm32f1xx_hal_msp.o
 .debug_info    0x0000000000009cd4      0x987 Core/Src/stm32f1xx_it.o
 .debug_info    0x000000000000a65b      0x985 Core/Src/sysmem.o
 .debug_info    0x000000000000afe0      0x29a Core/Src/system_stm32f1xx.o
 .debug_info    0x000000000000b27a       0x22 Core/Startup/startup_stm32f103c8tx.o
 .debug_info    0x000000000000b29c      0x714 Drivers/STM32F1xx_HAL_Driver/Src/stm32f1xx_hal.o
 .debug_info    0x000000000000b9b0      0xb51 Drivers/STM32F1xx_HAL_Driver/Src/stm32f1xx_hal_cortex.o
 .debug_info    0x000000000000c501      0x7b1 Drivers/STM32F1xx_HAL_Driver/Src/stm32f1xx_hal_dma.o
 .debug_info    0x000000000000ccb2      0x69b Drivers/STM32F1xx_HAL_Driver/Src/stm32f1xx_hal_gpio.o
 .debug_info    0x000000000000d34d     0x256e Drivers/STM32F1xx_HAL_Driver/Src/stm32f1xx_hal_i2c.o
 .debug_info    0x000000000000f8bb      0x80f Drivers/STM32F1xx_HAL_Driver/Src/stm32f1xx_hal_rcc.o
 .debug_info    0x00000000000100ca     0x27f1 Drivers/STM32F1xx_HAL_Driver/Src/stm32f1xx_hal_tim.o
 .debug_info    0x00000000000128bb     0x13ab Drivers/STM32F1xx_HAL_Driver/Src/stm32f1xx_hal_tim_ex.o
 .debug_info    0x0000000000013c66     0x14ec Drivers/STM32F1xx_HAL_Driver/Src/stm32f1xx_hal_uart.o

.debug_abbrev   0x0000000000000000     0x2992
 .debug_abbrev  0x0000000000000000      0x1e0 Core/Src/SBR1_fis.o
 .debug_abbrev  0x00000000000001e0      0x2e0 Core/Src/main.o
 .debug_abbrev  0x00000000000004c0      0x1a6 Core/Src/motor.o
 .debug_abbrev  0x0000000000000666      0x243 Core/Src/mpu6050.o
 .debug_abbrev  0x00000000000008a9      0x225 Core/Src/qffmath.o
 .debug_abbrev  0x0000000000000ace      0x2e8 Core/Src/qfis.o
 .debug_abbrev  0x0000000000000db6      0x1d7 Core/Src/qfmathex.o
 .debug_abbrev  0x0000000000000f8d      0x212 Core/Src/stm32f1xx_hal_msp.o
 .debug_abbrev  0x000000000000119f      0x15a Core/Src/stm32f1xx_it.o
 .debug_abbrev  0x00000000000012f9      0x19b Core/Src/sysmem.o
 .debug_abbrev  0x0000000000001494      0x134 Core/Src/system_stm32f1xx.o
 .debug_abbrev  0x00000000000015c8       0x12 Core/Startup/startup_stm32f103c8tx.o
 .debug_abbrev  0x00000000000015da      0x1c7 Drivers/STM32F1xx_HAL_Driver/Src/stm32f1xx_hal.o
 .debug_abbrev  0x00000000000017a1      0x2d5 Drivers/STM32F1xx_HAL_Driver/Src/stm32f1xx_hal_cortex.o
 .debug_abbrev  0x0000000000001a76      0x1fe Drivers/STM32F1xx_HAL_Driver/Src/stm32f1xx_hal_dma.o
 .debug_abbrev  0x0000000000001c74      0x1c0 Drivers/STM32F1xx_HAL_Driver/Src/stm32f1xx_hal_gpio.o
 .debug_abbrev  0x0000000000001e34      0x258 Drivers/STM32F1xx_HAL_Driver/Src/stm32f1xx_hal_i2c.o
 .debug_abbrev  0x000000000000208c      0x243 Drivers/STM32F1xx_HAL_Driver/Src/stm32f1xx_hal_rcc.o
 .debug_abbrev  0x00000000000022cf      0x230 Drivers/STM32F1xx_HAL_Driver/Src/stm32f1xx_hal_tim.o
 .debug_abbrev  0x00000000000024ff      0x236 Drivers/STM32F1xx_HAL_Driver/Src/stm32f1xx_hal_tim_ex.o
 .debug_abbrev  0x0000000000002735      0x25d Drivers/STM32F1xx_HAL_Driver/Src/stm32f1xx_hal_uart.o

.debug_aranges  0x0000000000000000     0x1378
 .debug_aranges
                0x0000000000000000       0x28 Core/Src/SBR1_fis.o
 .debug_aranges
                0x0000000000000028       0x68 Core/Src/main.o
 .debug_aranges
                0x0000000000000090       0x50 Core/Src/motor.o
 .debug_aranges
                0x00000000000000e0       0x48 Core/Src/mpu6050.o
 .debug_aranges
                0x0000000000000128      0x190 Core/Src/qffmath.o
 .debug_aranges
                0x00000000000002b8      0x208 Core/Src/qfis.o
 .debug_aranges
                0x00000000000004c0       0x50 Core/Src/qfmathex.o
 .debug_aranges
                0x0000000000000510       0x68 Core/Src/stm32f1xx_hal_msp.o
 .debug_aranges
                0x0000000000000578       0x70 Core/Src/stm32f1xx_it.o
 .debug_aranges
                0x00000000000005e8       0x20 Core/Src/sysmem.o
 .debug_aranges
                0x0000000000000608       0x28 Core/Src/system_stm32f1xx.o
 .debug_aranges
                0x0000000000000630       0x28 Core/Startup/startup_stm32f103c8tx.o
 .debug_aranges
                0x0000000000000658       0xe0 Drivers/STM32F1xx_HAL_Driver/Src/stm32f1xx_hal.o
 .debug_aranges
                0x0000000000000738      0x100 Drivers/STM32F1xx_HAL_Driver/Src/stm32f1xx_hal_cortex.o
 .debug_aranges
                0x0000000000000838       0x80 Drivers/STM32F1xx_HAL_Driver/Src/stm32f1xx_hal_dma.o
 .debug_aranges
                0x00000000000008b8       0x58 Drivers/STM32F1xx_HAL_Driver/Src/stm32f1xx_hal_gpio.o
 .debug_aranges
                0x0000000000000910      0x2a0 Drivers/STM32F1xx_HAL_Driver/Src/stm32f1xx_hal_i2c.o
 .debug_aranges
                0x0000000000000bb0       0x90 Drivers/STM32F1xx_HAL_Driver/Src/stm32f1xx_hal_rcc.o
 .debug_aranges
                0x0000000000000c40      0x3d0 Drivers/STM32F1xx_HAL_Driver/Src/stm32f1xx_hal_tim.o
 .debug_aranges
                0x0000000000001010      0x168 Drivers/STM32F1xx_HAL_Driver/Src/stm32f1xx_hal_tim_ex.o
 .debug_aranges
                0x0000000000001178      0x200 Drivers/STM32F1xx_HAL_Driver/Src/stm32f1xx_hal_uart.o

.debug_ranges   0x0000000000000000     0x12a0
 .debug_ranges  0x0000000000000000       0x18 Core/Src/SBR1_fis.o
 .debug_ranges  0x0000000000000018       0x58 Core/Src/main.o
 .debug_ranges  0x0000000000000070       0x40 Core/Src/motor.o
 .debug_ranges  0x00000000000000b0       0x38 Core/Src/mpu6050.o
 .debug_ranges  0x00000000000000e8      0x180 Core/Src/qffmath.o
 .debug_ranges  0x0000000000000268      0x210 Core/Src/qfis.o
 .debug_ranges  0x0000000000000478       0x40 Core/Src/qfmathex.o
 .debug_ranges  0x00000000000004b8       0x58 Core/Src/stm32f1xx_hal_msp.o
 .debug_ranges  0x0000000000000510       0x60 Core/Src/stm32f1xx_it.o
 .debug_ranges  0x0000000000000570       0x10 Core/Src/sysmem.o
 .debug_ranges  0x0000000000000580       0x18 Core/Src/system_stm32f1xx.o
 .debug_ranges  0x0000000000000598       0x20 Core/Startup/startup_stm32f103c8tx.o
 .debug_ranges  0x00000000000005b8       0xd0 Drivers/STM32F1xx_HAL_Driver/Src/stm32f1xx_hal.o
 .debug_ranges  0x0000000000000688       0xf0 Drivers/STM32F1xx_HAL_Driver/Src/stm32f1xx_hal_cortex.o
 .debug_ranges  0x0000000000000778       0x70 Drivers/STM32F1xx_HAL_Driver/Src/stm32f1xx_hal_dma.o
 .debug_ranges  0x00000000000007e8       0x48 Drivers/STM32F1xx_HAL_Driver/Src/stm32f1xx_hal_gpio.o
 .debug_ranges  0x0000000000000830      0x2b8 Drivers/STM32F1xx_HAL_Driver/Src/stm32f1xx_hal_i2c.o
 .debug_ranges  0x0000000000000ae8       0x80 Drivers/STM32F1xx_HAL_Driver/Src/stm32f1xx_hal_rcc.o
 .debug_ranges  0x0000000000000b68      0x3c0 Drivers/STM32F1xx_HAL_Driver/Src/stm32f1xx_hal_tim.o
 .debug_ranges  0x0000000000000f28      0x158 Drivers/STM32F1xx_HAL_Driver/Src/stm32f1xx_hal_tim_ex.o
 .debug_ranges  0x0000000000001080      0x220 Drivers/STM32F1xx_HAL_Driver/Src/stm32f1xx_hal_uart.o

.debug_macro    0x0000000000000000    0x19953
 .debug_macro   0x0000000000000000      0x167 Core/Src/SBR1_fis.o
 .debug_macro   0x0000000000000167      0xa5a Core/Src/SBR1_fis.o
 .debug_macro   0x0000000000000bc1       0x18 Core/Src/SBR1_fis.o
 .debug_macro   0x0000000000000bd9       0x22 Core/Src/SBR1_fis.o
 .debug_macro   0x0000000000000bfb       0x40 Core/Src/SBR1_fis.o
 .debug_macro   0x0000000000000c3b       0x94 Core/Src/SBR1_fis.o
 .debug_macro   0x0000000000000ccf       0x3c Core/Src/SBR1_fis.o
 .debug_macro   0x0000000000000d0b       0x34 Core/Src/SBR1_fis.o
 .debug_macro   0x0000000000000d3f       0x16 Core/Src/SBR1_fis.o
 .debug_macro   0x0000000000000d55      0x10e Core/Src/SBR1_fis.o
 .debug_macro   0x0000000000000e63       0x8d Core/Src/SBR1_fis.o
 .debug_macro   0x0000000000000ef0       0x57 Core/Src/SBR1_fis.o
 .debug_macro   0x0000000000000f47       0x52 Core/Src/SBR1_fis.o
 .debug_macro   0x0000000000000f99       0x1f Core/Src/SBR1_fis.o
 .debug_macro   0x0000000000000fb8       0x43 Core/Src/SBR1_fis.o
 .debug_macro   0x0000000000000ffb       0x20 Core/Src/SBR1_fis.o
 .debug_macro   0x000000000000101b      0x1a3 Core/Src/SBR1_fis.o
 .debug_macro   0x00000000000011be      0x330 Core/Src/SBR1_fis.o
 .debug_macro   0x00000000000014ee       0x16 Core/Src/SBR1_fis.o
 .debug_macro   0x0000000000001504       0x29 Core/Src/SBR1_fis.o
 .debug_macro   0x000000000000152d       0xef Core/Src/SBR1_fis.o
 .debug_macro   0x000000000000161c       0x6a Core/Src/SBR1_fis.o
 .debug_macro   0x0000000000001686      0x1df Core/Src/SBR1_fis.o
 .debug_macro   0x0000000000001865       0x2b Core/Src/SBR1_fis.o
 .debug_macro   0x0000000000001890      0x118 Core/Src/SBR1_fis.o
 .debug_macro   0x00000000000019a8       0x90 Core/Src/SBR1_fis.o
 .debug_macro   0x0000000000001a38      0x37c Core/Src/main.o
 .debug_macro   0x0000000000001db4      0x221 Core/Src/main.o
 .debug_macro   0x0000000000001fd5       0x2e Core/Src/main.o
 .debug_macro   0x0000000000002003       0x22 Core/Src/main.o
 .debug_macro   0x0000000000002025       0x8e Core/Src/main.o
 .debug_macro   0x00000000000020b3       0x51 Core/Src/main.o
 .debug_macro   0x0000000000002104       0x1c Core/Src/main.o
 .debug_macro   0x0000000000002120       0x22 Core/Src/main.o
 .debug_macro   0x0000000000002142       0xc3 Core/Src/main.o
 .debug_macro   0x0000000000002205      0xd23 Core/Src/main.o
 .debug_macro   0x0000000000002f28     0xe09e Core/Src/main.o
 .debug_macro   0x0000000000010fc6       0x6d Core/Src/main.o
 .debug_macro   0x0000000000011033     0x3468 Core/Src/main.o
 .debug_macro   0x000000000001449b      0x174 Core/Src/main.o
 .debug_macro   0x000000000001460f       0x5c Core/Src/main.o
 .debug_macro   0x000000000001466b      0x5be Core/Src/main.o
 .debug_macro   0x0000000000014c29      0x289 Core/Src/main.o
 .debug_macro   0x0000000000014eb2      0x1cb Core/Src/main.o
 .debug_macro   0x000000000001507d      0x114 Core/Src/main.o
 .debug_macro   0x0000000000015191      0x1b2 Core/Src/main.o
 .debug_macro   0x0000000000015343       0x27 Core/Src/main.o
 .debug_macro   0x000000000001536a      0x136 Core/Src/main.o
 .debug_macro   0x00000000000154a0      0x1bc Core/Src/main.o
 .debug_macro   0x000000000001565c       0x34 Core/Src/main.o
 .debug_macro   0x0000000000015690       0x3c Core/Src/main.o
 .debug_macro   0x00000000000156cc       0x57 Core/Src/main.o
 .debug_macro   0x0000000000015723       0x88 Core/Src/main.o
 .debug_macro   0x00000000000157ab      0x241 Core/Src/main.o
 .debug_macro   0x00000000000159ec      0x287 Core/Src/main.o
 .debug_macro   0x0000000000015c73      0x141 Core/Src/main.o
 .debug_macro   0x0000000000015db4      0x8d1 Core/Src/main.o
 .debug_macro   0x0000000000016685      0x279 Core/Src/main.o